I2CDriver.hpp:30:13:amiro::I2CDriver::~I2CDriver()	0	static
HWI2CDriver.hpp:31:13:amiro::HWI2CDriver::~HWI2CDriver()	0	static
I2CDriver.hpp:30:13:virtual amiro::I2CDriver::~I2CDriver()	8	static
HWI2CDriver.hpp:31:13:virtual amiro::HWI2CDriver::~HWI2CDriver()	8	static
HWI2CDriver.cpp:14:1:virtual void amiro::HWI2CDriver::start(const I2CConfig*)	0	static
HWI2CDriver.cpp:22:1:virtual void amiro::HWI2CDriver::stop()	0	static
HWI2CDriver.cpp:30:1:virtual i2cflags_t amiro::HWI2CDriver::getErrors()	0	static
HWI2CDriver.cpp:38:1:virtual msg_t amiro::HWI2CDriver::masterTransmit(const amiro::I2CTxParams*, systime_t)	40	static
HWI2CDriver.cpp:53:1:virtual msg_t amiro::HWI2CDriver::masterReceive(const amiro::I2CRxParams*, systime_t)	16	static
HWI2CDriver.cpp:66:1:virtual void amiro::HWI2CDriver::acquireBus()	0	static
HWI2CDriver.cpp:75:1:virtual void amiro::HWI2CDriver::releaseBus()	0	static
HWI2CDriver.cpp:7:1:amiro::HWI2CDriver::HWI2CDriver(I2CDriver*)	0	static
