i2c_lld.c:158:13:i2c_lld_abort_operation	4	static
i2c_lld.c:311:13:i2c_lld_serve_event_interrupt	24	static
i2c_lld.c:548:13:i2c_lld_serve_error_interrupt	16	static
i2c_lld.c:181:13:i2c_lld_safety_timeout	16	static
i2c_lld.c:520:13:i2c_lld_serve_tx_end_irq	16	static
i2c_lld.c:493:13:i2c_lld_serve_rx_end_irq	16	static
i2c_lld.c:597:1:VectorBC	8	static
i2c_lld.c:609:1:VectorC0	16	static
i2c_lld.c:627:1:VectorC4	8	static
i2c_lld.c:641:1:VectorC8	16	static
i2c_lld.c:694:6:i2c_lld_init	24	static
i2c_lld.c:734:6:i2c_lld_start	40	static
i2c_lld.c:878:6:i2c_lld_stop	8	static
i2c_lld.c:939:7:i2c_lld_master_receive_timeout	56	static
i2c_lld.c:1025:7:i2c_lld_master_transmit_timeout	56	static
