core_cm4.h:1623:22:void NVIC_SystemReset()	0	static
iwrap_can_mux.cpp:31:1:amiro::IwrapCanMux::~IwrapCanMux()	0	static
iwrap_can_mux.cpp:31:1:virtual amiro::IwrapCanMux::~IwrapCanMux()	8	static
chprintf.h:69:20:)	12	static
iwrap_can_mux.cpp:12:1:amiro::IwrapCanMux::IwrapCanMux(SerialDriver*, CANDriver*, uint8_t)	20	static
iwrap_can_mux.cpp:90:6:void amiro::IwrapCanMux::restartSystem()	8	static
iwrap_can_mux.cpp:100:6:bool amiro::IwrapCanMux::checkByteForBLReset(uint8_t*, size_t)	16	static
iwrap_can_mux.cpp:147:7:msg_t amiro::IwrapCanMux::sendViaCan(uint32_t, uint8_t*, size_t)	40	static
iwrap_can_mux.cpp:165:8:virtual size_t amiro::IwrapCanMux::write(const uint8_t*, size_t)	24	static
iwrap_can_mux.cpp:179:8:virtual size_t amiro::IwrapCanMux::read(uint8_t*, size_t)	24	static
iwrap_can_mux.cpp:192:7:virtual msg_t amiro::IwrapCanMux::put(uint8_t)	16	static
iwrap_can_mux.cpp:205:7:virtual msg_t amiro::IwrapCanMux::get()	24	static
iwrap_can_mux.cpp:223:6:void amiro::IwrapCanMux::convCan2Serial(uint8_t*, size_t)	16	static
iwrap_can_mux.cpp:230:6:void amiro::IwrapCanMux::sendSwitchCmd(uint8_t)	16	static
iwrap_can_mux.cpp:266:6:void amiro::IwrapCanMux::rcvSwitchCmd(uint8_t)	16	static
iwrap_can_mux.cpp:278:1:cpp)	0	static
