stm32_dma.c:128:1:Vector6C	8	static
stm32_dma.c:146:1:Vector70	8	static
stm32_dma.c:164:1:Vector74	8	static
stm32_dma.c:182:1:Vector78	8	static
stm32_dma.c:200:1:Vector7C	8	static
stm32_dma.c:218:1:Vector80	8	static
stm32_dma.c:236:1:Vector84	8	static
stm32_dma.c:254:1:VectorFC	8	static
stm32_dma.c:272:1:Vector120	8	static
stm32_dma.c:290:1:Vector124	8	static
stm32_dma.c:308:1:Vector128	8	static
stm32_dma.c:326:1:Vector12C	8	static
stm32_dma.c:344:1:Vector130	8	static
stm32_dma.c:362:1:Vector150	8	static
stm32_dma.c:380:1:Vector154	8	static
stm32_dma.c:398:1:Vector158	8	static
stm32_dma.c:420:6:dmaInit	8	static
stm32_dma.c:458:8:dmaStreamAllocate	40	static
stm32_dma.c:505:6:dmaStreamRelease	16	static
