Archive member included because of file (symbol)

/homes/skollbach/Downloads/ASE/gcc-arm-embedded/gcc-arm-none-eabi-4_8-2014q1/bin/../lib/gcc/arm-none-eabi/4.8.3/../../../../arm-none-eabi/lib/armv7e-m/fpu/libstdc++.a(pure.o)
                              build/obj/ControllerAreaNetworkRx.o (__cxa_pure_virtual)
/homes/skollbach/Downloads/ASE/gcc-arm-embedded/gcc-arm-none-eabi-4_8-2014q1/bin/../lib/gcc/arm-none-eabi/4.8.3/../../../../arm-none-eabi/lib/armv7e-m/fpu/libstdc++.a(del_op.o)
                              build/obj/ControllerAreaNetworkRx.o (operator delete(void*))
/homes/skollbach/Downloads/ASE/gcc-arm-embedded/gcc-arm-none-eabi-4_8-2014q1/bin/../lib/gcc/arm-none-eabi/4.8.3/../../../../arm-none-eabi/lib/armv7e-m/fpu/libstdc++.a(eh_terminate.o)
                              /homes/skollbach/Downloads/ASE/gcc-arm-embedded/gcc-arm-none-eabi-4_8-2014q1/bin/../lib/gcc/arm-none-eabi/4.8.3/../../../../arm-none-eabi/lib/armv7e-m/fpu/libstdc++.a(pure.o) (std::terminate())
/homes/skollbach/Downloads/ASE/gcc-arm-embedded/gcc-arm-none-eabi-4_8-2014q1/bin/../lib/gcc/arm-none-eabi/4.8.3/../../../../arm-none-eabi/lib/armv7e-m/fpu/libstdc++.a(eh_unex_handler.o)
                              /homes/skollbach/Downloads/ASE/gcc-arm-embedded/gcc-arm-none-eabi-4_8-2014q1/bin/../lib/gcc/arm-none-eabi/4.8.3/../../../../arm-none-eabi/lib/armv7e-m/fpu/libstdc++.a(eh_terminate.o) (__cxxabiv1::__unexpected_handler)
/homes/skollbach/Downloads/ASE/gcc-arm-embedded/gcc-arm-none-eabi-4_8-2014q1/bin/../lib/gcc/arm-none-eabi/4.8.3/../../../../arm-none-eabi/lib/armv7e-m/fpu/libstdc++.a(eh_catch.o)
                              /homes/skollbach/Downloads/ASE/gcc-arm-embedded/gcc-arm-none-eabi-4_8-2014q1/bin/../lib/gcc/arm-none-eabi/4.8.3/../../../../arm-none-eabi/lib/armv7e-m/fpu/libstdc++.a(eh_terminate.o) (__cxa_begin_catch)
/homes/skollbach/Downloads/ASE/gcc-arm-embedded/gcc-arm-none-eabi-4_8-2014q1/bin/../lib/gcc/arm-none-eabi/4.8.3/../../../../arm-none-eabi/lib/armv7e-m/fpu/libstdc++.a(atexit_arm.o)
                              build/obj/main.o (__aeabi_atexit)
/homes/skollbach/Downloads/ASE/gcc-arm-embedded/gcc-arm-none-eabi-4_8-2014q1/bin/../lib/gcc/arm-none-eabi/4.8.3/../../../../arm-none-eabi/lib/armv7e-m/fpu/libstdc++.a(eh_term_handler.o)
                              /homes/skollbach/Downloads/ASE/gcc-arm-embedded/gcc-arm-none-eabi-4_8-2014q1/bin/../lib/gcc/arm-none-eabi/4.8.3/../../../../arm-none-eabi/lib/armv7e-m/fpu/libstdc++.a(eh_terminate.o) (__cxxabiv1::__terminate_handler)
/homes/skollbach/Downloads/ASE/gcc-arm-embedded/gcc-arm-none-eabi-4_8-2014q1/bin/../lib/gcc/arm-none-eabi/4.8.3/../../../../arm-none-eabi/lib/armv7e-m/fpu/libstdc++.a(eh_arm.o)
                              /homes/skollbach/Downloads/ASE/gcc-arm-embedded/gcc-arm-none-eabi-4_8-2014q1/bin/../lib/gcc/arm-none-eabi/4.8.3/../../../../arm-none-eabi/lib/armv7e-m/fpu/libstdc++.a(eh_terminate.o) (__cxa_end_cleanup)
/homes/skollbach/Downloads/ASE/gcc-arm-embedded/gcc-arm-none-eabi-4_8-2014q1/bin/../lib/gcc/arm-none-eabi/4.8.3/../../../../arm-none-eabi/lib/armv7e-m/fpu/libstdc++.a(eh_call.o)
                              /homes/skollbach/Downloads/ASE/gcc-arm-embedded/gcc-arm-none-eabi-4_8-2014q1/bin/../lib/gcc/arm-none-eabi/4.8.3/../../../../arm-none-eabi/lib/armv7e-m/fpu/libstdc++.a(eh_terminate.o) (__cxa_call_unexpected)
/homes/skollbach/Downloads/ASE/gcc-arm-embedded/gcc-arm-none-eabi-4_8-2014q1/bin/../lib/gcc/arm-none-eabi/4.8.3/../../../../arm-none-eabi/lib/armv7e-m/fpu/libstdc++.a(eh_personality.o)
                              /homes/skollbach/Downloads/ASE/gcc-arm-embedded/gcc-arm-none-eabi-4_8-2014q1/bin/../lib/gcc/arm-none-eabi/4.8.3/../../../../arm-none-eabi/lib/armv7e-m/fpu/libstdc++.a(eh_terminate.o) (__gxx_personality_v0)
/homes/skollbach/Downloads/ASE/gcc-arm-embedded/gcc-arm-none-eabi-4_8-2014q1/bin/../lib/gcc/arm-none-eabi/4.8.3/../../../../arm-none-eabi/lib/armv7e-m/fpu/libstdc++.a(eh_globals.o)
                              /homes/skollbach/Downloads/ASE/gcc-arm-embedded/gcc-arm-none-eabi-4_8-2014q1/bin/../lib/gcc/arm-none-eabi/4.8.3/../../../../arm-none-eabi/lib/armv7e-m/fpu/libstdc++.a(eh_catch.o) (__cxa_get_globals_fast)
/homes/skollbach/Downloads/ASE/gcc-arm-embedded/gcc-arm-none-eabi-4_8-2014q1/bin/../lib/gcc/arm-none-eabi/4.8.3/../../../../arm-none-eabi/lib/armv7e-m/fpu/libstdc++.a(vterminate.o)
                              /homes/skollbach/Downloads/ASE/gcc-arm-embedded/gcc-arm-none-eabi-4_8-2014q1/bin/../lib/gcc/arm-none-eabi/4.8.3/../../../../arm-none-eabi/lib/armv7e-m/fpu/libstdc++.a(eh_term_handler.o) (__gnu_cxx::__verbose_terminate_handler())
/homes/skollbach/Downloads/ASE/gcc-arm-embedded/gcc-arm-none-eabi-4_8-2014q1/bin/../lib/gcc/arm-none-eabi/4.8.3/../../../../arm-none-eabi/lib/armv7e-m/fpu/libstdc++.a(eh_throw.o)
[...]
Memory Configuration

Name             Origin             Length             Attributes
flash            0x08008000         0x000f8000
ram              0x20000000         0x0001c000
ethram           0x2001c000         0x00004000
ccmram           0x10000000         0x00010000
*default*        0x00000000         0xffffffff

Linker script and memory map

LOAD build/obj/crt0.o
LOAD build/obj/vectors.o
LOAD build/obj/chcore.o
LOAD build/obj/chcore_v7m.o
LOAD build/obj/nvic.o
LOAD build/obj/chsys.o
LOAD build/obj/chdebug.o
LOAD build/obj/chlists.o
LOAD build/obj/chvt.o
LOAD build/obj/chschd.o
LOAD build/obj/chthreads.o
LOAD build/obj/chdynamic.o
LOAD build/obj/chregistry.o
LOAD build/obj/chsem.o
LOAD build/obj/chmtx.o
LOAD build/obj/chcond.o
LOAD build/obj/chevents.o
LOAD build/obj/chmsg.o
LOAD build/obj/chmboxes.o
LOAD build/obj/chqueues.o
LOAD build/obj/chmemcore.o
LOAD build/obj/chheap.o
LOAD build/obj/chmempools.o
LOAD build/obj/hal.o
LOAD build/obj/adc.o
LOAD build/obj/can.o
LOAD build/obj/ext.o
LOAD build/obj/gpt.o
LOAD build/obj/i2c.o
LOAD build/obj/icu.o
LOAD build/obj/mac.o
LOAD build/obj/mmc_spi.o
LOAD build/obj/mmcsd.o
LOAD build/obj/pal.o
LOAD build/obj/pwm.o
LOAD build/obj/rtc.o
LOAD build/obj/sdc.o
LOAD build/obj/serial.o
LOAD build/obj/serial_usb.o
LOAD build/obj/spi.o
LOAD build/obj/tm.o
LOAD build/obj/uart.o
LOAD build/obj/usb.o
LOAD build/obj/stm32_dma.o
LOAD build/obj/hal_lld.o
LOAD build/obj/adc_lld.o
LOAD build/obj/ext_lld_isr.o
LOAD build/obj/can_lld.o
LOAD build/obj/ext_lld.o
LOAD build/obj/mac_lld.o
LOAD build/obj/sdc_lld.o
LOAD build/obj/pal_lld.o
LOAD build/obj/i2c_lld.o
LOAD build/obj/usb_lld.o
LOAD build/obj/rtc_lld.o
LOAD build/obj/spi_lld.o
LOAD build/obj/gpt_lld.o
LOAD build/obj/icu_lld.o
LOAD build/obj/pwm_lld.o
LOAD build/obj/serial_lld.o
LOAD build/obj/uart_lld.o
LOAD build/obj/board.o
LOAD build/obj/wakeup.o
LOAD build/obj/evtimer.o
LOAD build/obj/syscalls.o
LOAD build/obj/chprintf.o
LOAD build/obj/shell.o
LOAD build/obj/memstreams.o
LOAD build/obj/stubs.o
LOAD build/obj/Debug.o
LOAD build/obj/ch.o
LOAD build/obj/Color.o
LOAD build/obj/ControllerAreaNetworkRx.o
LOAD build/obj/ControllerAreaNetworkTx.o
LOAD build/obj/HWI2CDriver.o
LOAD build/obj/I2CMultiplexer.o
LOAD build/obj/VI2CDriver.o
LOAD build/obj/vcnl4020.o
LOAD build/obj/eeprom.o
LOAD build/obj/at24.o
LOAD build/obj/FileSystemInputOutputBase.o
LOAD build/obj/FSIOPowerManagement.o
LOAD build/obj/mpr121.o
LOAD build/obj/adconverter.o
LOAD build/obj/ina219.o
LOAD build/obj/bq27500.o
LOAD build/obj/bluetooth-descriptor.o
LOAD build/obj/bluetooth-transport.o
LOAD build/obj/bluetooth-connector.o
LOAD build/obj/bluetooth-wiimote.o
LOAD build/obj/bluetooth-serial.o
LOAD build/obj/bluetooth-iwrap.o
LOAD build/obj/bluetooth.o
LOAD build/obj/iwrap_can_mux.o
LOAD build/obj/serial_can_mux.o
LOAD build/obj/PowerManagement.o
LOAD build/obj/userthread.o
LOAD build/obj/main.o
LOAD build/obj/exti.o
                0x00000400                __main_stack_size__ = 0x400
                0x00000400                __process_stack_size__ = 0x400
                0x20000000                __ram_start__ = ORIGIN (ram)
                0x0001c000                __ram_size__ = 0x1c000
                0x2001c000                __ram_end__ = (__ram_start__ + __ram_size__)
                0x080081ac                __crc_start__ = (ORIGIN (flash) + 0x1ac)
                0x00000000                . = 0x0
                0x00000000                _text = .

startup         0x08008000      0x1ac
 *(vectors)
 vectors        0x08008000      0x1ac build/obj/vectors.o
                0x08008000                _vectors

crc             0x080081ac        0x4
                0x080081ac        0x4 LONG 0x55aa11ee

constructors    0x080081b0       0x3c
                0x080081b0                PROVIDE (__init_array_start, .)
 *(SORT(.init_array.*))
 *(.init_array)
 .init_array    0x080081b0        0x4 build/obj/ControllerAreaNetworkRx.o
 .init_array    0x080081b4        0x4 build/obj/ControllerAreaNetworkTx.o
 .init_array    0x080081b8        0x4 build/obj/vcnl4020.o
 .init_array    0x080081bc        0x4 build/obj/mpr121.o
 .init_array    0x080081c0        0x4 build/obj/adconverter.o
 .init_array    0x080081c4        0x4 build/obj/ina219.o
 .init_array    0x080081c8        0x4 build/obj/bq27500.o
 .init_array    0x080081cc        0x4 build/obj/bluetooth-wiimote.o
 .init_array    0x080081d0        0x4 build/obj/bluetooth-serial.o
 .init_array    0x080081d4        0x4 build/obj/bluetooth-iwrap.o
 .init_array    0x080081d8        0x4 build/obj/iwrap_can_mux.o
 .init_array    0x080081dc        0x4 build/obj/serial_can_mux.o
 .init_array    0x080081e0        0x4 build/obj/PowerManagement.o
 .init_array    0x080081e4        0x4 build/obj/userthread.o
 .init_array    0x080081e8        0x4 build/obj/main.o
                0x080081ec                PROVIDE (__init_array_end, .)

destructors     0x080081ec        0x0
                0x080081ec                PROVIDE (__fini_array_start, .)
 *(.fini_array)
 *(SORT(.fini_array.*))
                0x080081ec                PROVIDE (__fini_array_end, .)

.text           0x080081f0    0x223cc
 *(.text.startup.*)
 .text.startup._ZN10chibios_rt10BaseThread4mainEv
                0x080081f0       0x10 build/obj/ch.o
                0x080081f0                chibios_rt::BaseThread::main()
 .text.startup._ZN5amiro23ControllerAreaNetworkRx4mainEv
                0x08008200       0x90 build/obj/ControllerAreaNetworkRx.o
                0x08008200                amiro::ControllerAreaNetworkRx::main()
 .text.startup._GLOBAL__sub_I__ZN5amiro23ControllerAreaNetworkRxC2EP9CANDriverh
                0x08008290       0x20 build/obj/ControllerAreaNetworkRx.o
 .text.startup._ZN5amiro23ControllerAreaNetworkTx4mainEv
                0x080082b0       0x80 build/obj/ControllerAreaNetworkTx.o
                0x080082b0                amiro::ControllerAreaNetworkTx::main()
 .text.startup._GLOBAL__sub_I__ZN5amiro23ControllerAreaNetworkTxC2EP9CANDriverh
                0x08008330       0x20 build/obj/ControllerAreaNetworkTx.o
 .text.startup._ZN5amiro8VCNL40204mainEv
                0x08008350      0x150 build/obj/vcnl4020.o
                0x08008350                amiro::VCNL4020::main()
 .text.startup._GLOBAL__sub_I__ZN5amiro8VCNL4020D2Ev
                0x080084a0       0x20 build/obj/vcnl4020.o
 .text.startup._ZN5amiro6MPR1214mainEv
                0x080084c0       0xe0 build/obj/mpr121.o
                0x080084c0                amiro::MPR121::main()
 .text.startup._GLOBAL__sub_I__ZN5amiro6MPR121C2EPNS_9I2CDriverEh
                0x080085a0       0x20 build/obj/mpr121.o
 .text.startup._ZN5amiro11ADConverter4mainEv
                0x080085c0      0x220 build/obj/adconverter.o
                0x080085c0                amiro::ADConverter::main()
 .text.startup._GLOBAL__sub_I__Z20adcVsysErrorCallbackP9ADCDriver10adcerror_t
                0x080087e0       0x20 build/obj/adconverter.o
 .text.startup._ZN5amiro6INA2196Driver4mainEv
                0x08008800       0x30 build/obj/ina219.o
                0x08008800                amiro::INA219::Driver::main()
 .text.startup._GLOBAL__sub_I__ZN5amiro6INA2196DriverC2ERNS_9I2CDriverEh
                0x08008830       0x20 build/obj/ina219.o
 .text.startup._ZN5amiro7BQ275006Driver4mainEv
                0x08008850       0x40 build/obj/bq27500.o
                0x08008850                amiro::BQ27500::Driver::main()
 .text.startup._GLOBAL__sub_I__ZN5amiro7BQ275006DriverC2ERNS_9I2CDriverERK12GPIO_TypeDefhS6_h
                0x08008890       0x20 build/obj/bq27500.o
 .text.startup._ZN5amiro18BluetoothTransport4mainEv
                0x080088b0       0xe0 build/obj/bluetooth-transport.o
                0x080088b0                amiro::BluetoothTransport::main()
 .text.startup._ZN5amiro16BluetoothWiimote4mainEv
                0x08008990       0x30 build/obj/bluetooth-wiimote.o
                0x08008990                amiro::BluetoothWiimote::main()
 .text.startup._GLOBAL__sub_I__ZN5amiro16BluetoothWiimoteC2EPNS_9BLUETOOTHEh
                0x080089c0       0x20 build/obj/bluetooth-wiimote.o
 .text.startup._ZN5amiro15BluetoothSerial4mainEv
                0x080089e0       0x30 build/obj/bluetooth-serial.o
                0x080089e0                amiro::BluetoothSerial::main()
 .text.startup._GLOBAL__sub_I__ZN5amiro15BluetoothSerialC2EPNS_9BLUETOOTHEh
                0x08008a10       0x20 build/obj/bluetooth-serial.o
 .text.startup._ZN5amiro14BluetoothIwrap4mainEv
                0x08008a30       0x40 build/obj/bluetooth-iwrap.o
                0x08008a30                amiro::BluetoothIwrap::main()
 .text.startup._GLOBAL__sub_I__ZN5amiro14BluetoothIwrapC2EP10UARTDriver
                0x08008a70       0x20 build/obj/bluetooth-iwrap.o
 .text.startup._GLOBAL__sub_I__ZN5amiro11IwrapCanMuxC2EP12SerialDriverP9CANDriverh
                0x08008a90       0x20 build/obj/iwrap_can_mux.o
 .text.startup._GLOBAL__sub_I__ZN5amiro12SerialCanMuxC2EP12SerialDriverP9CANDriverh
                0x08008ab0       0x20 build/obj/serial_can_mux.o
 .text.startup._GLOBAL__sub_I__ZN5amiro15PowerManagementC2EP9CANDriver
                0x08008ad0       0x20 build/obj/PowerManagement.o
 .text.startup._ZN5amiro10UserThread4mainEv
                0x08008af0      0x8b0 build/obj/userthread.o
                0x08008af0                amiro::UserThread::main()
 .text.startup._GLOBAL__sub_I_current_state
                0x080093a0       0x40 build/obj/userthread.o
 .text.startup.main
                0x080093e0      0x4f0 build/obj/main.o
                0x080093e0                main
 .text.startup._GLOBAL__sub_I_global
                0x080098d0       0x40 build/obj/main.o
 *(.text)
 .text          0x08009910     0x5784 /homes/skollbach/Downloads/ASE/gcc-arm-embedded/gcc-arm-none-eabi-4_8-2014q1/bin/../lib/gcc/arm-none-eabi/4.8.3/../../../../arm-none-eabi/lib/armv7e-m/fpu/libstdc++.a(cp-demangle.o)
                0x0800efb4                __cxa_demangle
                0x0800f078                __gcclibcxx_demangle_callback
 *fill*         0x0800f094        0xc 
 .text          0x0800f0a0      0x370 /homes/skollbach/Downloads/ASE/gcc-arm-embedded/gcc-arm-none-eabi-4_8-2014q1/bin/../lib/gcc/arm-none-eabi/4.8.3/armv7e-m/fpu/libgcc.a(_arm_addsubdf3.o)
                0x0800f0a0                __aeabi_drsub
                0x0800f0a8                __aeabi_dsub
                0x0800f0a8                __subdf3
                0x0800f0ac                __adddf3
                0x0800f0ac                __aeabi_dadd
                0x0800f324                __aeabi_ui2d
                0x0800f324                __floatunsidf
                0x0800f344                __floatsidf
                0x0800f344                __aeabi_i2d
                0x0800f368                __extendsfdf2
                0x0800f368                __aeabi_f2d
                0x0800f3a4                __aeabi_ul2d
                0x0800f3a4                __floatundidf
                0x0800f3b4                __floatdidf
                0x0800f3b4                __aeabi_l2d
 .text          0x0800f410      0x424 /homes/skollbach/Downloads/ASE/gcc-arm-embedded/gcc-arm-none-eabi-4_8-2014q1/bin/../lib/gcc/arm-none-eabi/4.8.3/armv7e-m/fpu/libgcc.a(_arm_muldivdf3.o)
                0x0800f410                __aeabi_dmul
                0x0800f410                __muldf3
                0x0800f664                __aeabi_ddiv
                0x0800f664                __divdf3
 *fill*         0x0800f834        0xc 
 .text          0x0800f840       0x50 /homes/skollbach/Downloads/ASE/gcc-arm-embedded/gcc-arm-none-eabi-4_8-2014q1/bin/../lib/gcc/arm-none-eabi/4.8.3/armv7e-m/fpu/libgcc.a(_arm_fixdfsi.o)
                0x0800f840                __fixdfsi
                0x0800f840                __aeabi_d2iz
 .text          0x0800f890       0xa0 /homes/skollbach/Downloads/ASE/gcc-arm-embedded/gcc-arm-none-eabi-4_8-2014q1/bin/../lib/gcc/arm-none-eabi/4.8.3/armv7e-m/fpu/libgcc.a(_arm_truncdfsf2.o)
                0x0800f890                __aeabi_d2f
                0x0800f890                __truncdfsf2
 .text          0x0800f930      0xa1c /homes/skollbach/Downloads/ASE/gcc-arm-embedded/gcc-arm-none-eabi-4_8-2014q1/bin/../lib/gcc/arm-none-eabi/4.8.3/armv7e-m/fpu/libgcc.a(unwind-arm.o)
                0x0800fc14                _Unwind_GetCFA
                0x0800fc18                __gnu_Unwind_RaiseException
                0x0800fc78                __gnu_Unwind_ForcedUnwind
                0x0800fc8c                __gnu_Unwind_Resume
                0x0800fcd0                __gnu_Unwind_Resume_or_Rethrow
                0x0800fce0                _Unwind_Complete
                0x0800fce4                _Unwind_DeleteException
                0x0800fcf4                _Unwind_VRS_Get
                0x0800fd44                _Unwind_VRS_Set
                0x0800fd94                __gnu_Unwind_Backtrace
                0x080100e8                __aeabi_unwind_cpp_pr0
                0x080100f0                __aeabi_unwind_cpp_pr1
                0x080100f8                __aeabi_unwind_cpp_pr2
                0x08010100                _Unwind_VRS_Pop
 *fill*         0x0801034c        0x4 
 .text          0x08010350      0x1ac /homes/skollbach/Downloads/ASE/gcc-arm-embedded/gcc-arm-none-eabi-4_8-2014q1/bin/../lib/gcc/arm-none-eabi/4.8.3/armv7e-m/fpu/libgcc.a(libunwind.o)
                0x08010350                __restore_core_regs
                0x08010350                restore_core_regs
                0x08010368                __gnu_Unwind_Restore_VFP
                0x08010370                __gnu_Unwind_Save_VFP
                0x08010378                __gnu_Unwind_Restore_VFP_D
                0x08010380                __gnu_Unwind_Save_VFP_D
                0x08010388                __gnu_Unwind_Restore_VFP_D_16_to_31
                0x08010390                __gnu_Unwind_Save_VFP_D_16_to_31
                0x08010398                __gnu_Unwind_Restore_WMMXD
                0x080103dc                __gnu_Unwind_Save_WMMXD
                0x08010420                __gnu_Unwind_Restore_WMMXC
                0x08010434                __gnu_Unwind_Save_WMMXC
                0x08010448                ___Unwind_RaiseException
                0x08010448                _Unwind_RaiseException
                0x0801046c                ___Unwind_Resume
                0x0801046c                _Unwind_Resume
                0x08010490                _Unwind_Resume_or_Rethrow
                0x08010490                ___Unwind_Resume_or_Rethrow
                0x080104b4                ___Unwind_ForcedUnwind
                0x080104b4                _Unwind_ForcedUnwind
                0x080104d8                _Unwind_Backtrace
                0x080104d8                ___Unwind_Backtrace
 *fill*         0x080104fc        0x4 
 .text          0x08010500      0x33c /homes/skollbach/Downloads/ASE/gcc-arm-embedded/gcc-arm-none-eabi-4_8-2014q1/bin/../lib/gcc/arm-none-eabi/4.8.3/armv7e-m/fpu/libgcc.a(pr-support.o)
                0x08010554                __gnu_unwind_execute
                0x080107e0                __gnu_unwind_frame
                0x0801080c                _Unwind_GetRegionStart
                0x08010818                _Unwind_GetLanguageSpecificData
                0x0801082c                _Unwind_GetDataRelBase
                0x08010834                _Unwind_GetTextRelBase
 *fill*         0x0801083c        0x4 
 .text          0x08010840      0x134 /homes/skollbach/Downloads/ASE/gcc-arm-embedded/gcc-arm-none-eabi-4_8-2014q1/bin/../lib/gcc/arm-none-eabi/4.8.3/../../../../arm-none-eabi/lib/armv7e-m/fpu/libc.a(lib_a-memcpy.o)
                0x08010840                memcpy
 *fill*         0x08010974        0xc 
 .text          0x08010980      0x21c /homes/skollbach/Downloads/ASE/gcc-arm-embedded/gcc-arm-none-eabi-4_8-2014q1/bin/../lib/gcc/arm-none-eabi/4.8.3/../../../../arm-none-eabi/lib/armv7e-m/fpu/libc.a(lib_a-strcmp.o)
                0x08010980                strcmp
 *fill*         0x08010b9c        0x4 
 .text          0x08010ba0      0x110 /homes/skollbach/Downloads/ASE/gcc-arm-embedded/gcc-arm-none-eabi-4_8-2014q1/bin/../lib/gcc/arm-none-eabi/4.8.3/armv7e-m/fpu/libgcc.a(_arm_cmpdf2.o)
                0x08010ba0                __gtdf2
                0x08010ba0                __gedf2
                0x08010ba8                __ltdf2
                0x08010ba8                __ledf2
                0x08010bb0                __cmpdf2
                0x08010bb0                __eqdf2
                0x08010bb0                __nedf2
                0x08010c2c                __aeabi_cdrcmple
                0x08010c3c                __aeabi_cdcmple
                0x08010c3c                __aeabi_cdcmpeq
                0x08010c4c                __aeabi_dcmpeq
                0x08010c60                __aeabi_dcmplt
                0x08010c74                __aeabi_dcmple
                0x08010c88                __aeabi_dcmpge
                0x08010c9c                __aeabi_dcmpgt
 .text          0x08010cb0       0x40 /homes/skollbach/Downloads/ASE/gcc-arm-embedded/gcc-arm-none-eabi-4_8-2014q1/bin/../lib/gcc/arm-none-eabi/4.8.3/armv7e-m/fpu/libgcc.a(_arm_fixunsdfsi.o)
                0x08010cb0                __fixunsdfsi
                0x08010cb0                __aeabi_d2uiz
 .text          0x08010cf0       0x2c /homes/skollbach/Downloads/ASE/gcc-arm-embedded/gcc-arm-none-eabi-4_8-2014q1/bin/../lib/gcc/arm-none-eabi/4.8.3/armv7e-m/fpu/libgcc.a(_aeabi_uldivmod.o)
                0x08010cf0                __aeabi_uldivmod
 *fill*         0x08010d1c        0x4 
 .text          0x08010d20       0x60 /homes/skollbach/Downloads/ASE/gcc-arm-embedded/gcc-arm-none-eabi-4_8-2014q1/bin/../lib/gcc/arm-none-eabi/4.8.3/armv7e-m/fpu/libgcc.a(bpabi.o)
                0x08010d20                __gnu_ldivmod_helper
                0x08010d50                __gnu_uldivmod_helper
 .text          0x08010d80        0x4 /homes/skollbach/Downloads/ASE/gcc-arm-embedded/gcc-arm-none-eabi-4_8-2014q1/bin/../lib/gcc/arm-none-eabi/4.8.3/armv7e-m/fpu/libgcc.a(_dvmd_tls.o)
                0x08010d80                __aeabi_ldiv0
                0x08010d80                __aeabi_idiv0
 *fill*         0x08010d84        0xc 
 .text          0x08010d90      0x298 /homes/skollbach/Downloads/ASE/gcc-arm-embedded/gcc-arm-none-eabi-4_8-2014q1/bin/../lib/gcc/arm-none-eabi/4.8.3/armv7e-m/fpu/libgcc.a(_divdi3.o)
                0x08010d90                __divdi3
 *fill*         0x08011028        0x8 
 .text          0x08011030      0x284 /homes/skollbach/Downloads/ASE/gcc-arm-embedded/gcc-arm-none-eabi-4_8-2014q1/bin/../lib/gcc/arm-none-eabi/4.8.3/armv7e-m/fpu/libgcc.a(_udivdi3.o)
                0x08011030                __udivdi3
 *(.text.*)
 *fill*         0x080112b4        0xc 
 .text.__late_init
                0x080112c0       0x10 build/obj/crt0.o
                0x080112c0                __late_init
 .text._default_exit
                0x080112d0       0x10 build/obj/crt0.o
                0x080112d0                _default_exit
 .text.ResetHandler
                0x080112e0      0x130 build/obj/crt0.o
                0x080112e0                ResetHandler
 .text._unhandled_exception
                0x08011410       0x10 build/obj/vectors.o
                0x08011410                VectorAC
                0x08011410                Vector1A0
                0x08011410                NMIVector
                0x08011410                Vector11C
                0x08011410                Vector19C
                0x08011410                Vector168
                0x08011410                Vector110
                0x08011410                VectorA8
                0x08011410                Vector160
                0x08011410                VectorEC
                0x08011410                UsageFaultVector
                0x08011410                DebugMonitorVector
                0x08011410                Vector40
                0x08011410                VectorF8
                0x08011410                Vector108
                0x08011410                Vector190
                0x08011410                Vector148
                0x08011410                Vector188
                0x08011410                PendSVVector
                0x08011410                Vector198
                0x08011410                Vector118
                0x08011410                VectorCC
                0x08011410                Vector54
                0x08011410                Vector24
                0x08011410                Vector178
                0x08011410                Vector1A4
                0x08011410                BusFaultVector
                0x08011410                VectorD0
                0x08011410                Vector140
                0x08011410                HardFaultVector
                0x08011410                Vector134
                0x08011410                VectorF0
                0x08011410                Vector13C
                0x08011410                Vector100
                0x08011410                VectorF4
                0x08011410                MemManageVector
                0x08011410                VectorA0
                0x08011410                Vector180
                0x08011410                VectorB0
                0x08011410                Vector114
                0x08011410                Vector164
                0x08011410                Vector1C
                0x08011410                Vector17C
                0x08011410                Vector48
                0x08011410                Vector1A8
                0x08011410                Vector16C
                0x08011410                Vector144
                0x08011410                Vector15C
                0x08011410                _unhandled_exception
                0x08011410                Vector104
                0x08011410                Vector184
                0x08011410                Vector10C
                0x08011410                Vector14C
                0x08011410                Vector50
                0x08011410                Vector194
                0x08011410                Vector28
                0x08011410                VectorB8
                0x08011410                Vector34
                0x08011410                VectorA4
                0x08011410                Vector20
                0x08011410                Vector18C
                0x08011410                Vector174
 .text.port_halt
                0x08011420       0x10 build/obj/chcore.o
                0x08011420                port_halt
 .text._port_switch_from_isr
                0x08011430       0x10 build/obj/chcore_v7m.o
                0x08011430                _port_switch_from_isr
 .text.SVCallVector
                0x08011440       0x20 build/obj/chcore_v7m.o
                0x08011440                SVCallVector
 .text._port_init
                0x08011460       0x40 build/obj/chcore_v7m.o
                0x08011460                _port_init
 .text._port_irq_epilogue
                0x080114a0       0x80 build/obj/chcore_v7m.o
                0x080114a0                _port_irq_epilogue
 .text.SysTickVector
                0x08011520       0x30 build/obj/chcore_v7m.o
                0x08011520                SysTickVector
 .text._port_switch
                0x08011550       0x20 build/obj/chcore_v7m.o
                0x08011550                _port_switch
 .text._port_thread_start
                0x08011570       0x20 build/obj/chcore_v7m.o
                0x08011570                _port_thread_start
 .text.nvicEnableVector
                0x08011590       0x50 build/obj/nvic.o
                0x08011590                nvicEnableVector
 .text.nvicDisableVector
                0x080115e0       0x50 build/obj/nvic.o
                0x080115e0                nvicDisableVector
 .text.nvicSetSystemHandlerPriority
                0x08011630       0x30 build/obj/nvic.o
                0x08011630                nvicSetSystemHandlerPriority
 .text._idle_thread
                0x08011660       0x20 build/obj/chsys.o
                0x08011660                _idle_thread
 .text.chSysInit
                0x08011680       0x80 build/obj/chsys.o
                0x08011680                chSysInit
 .text.chSysTimerHandlerI
                0x08011700       0x70 build/obj/chsys.o
                0x08011700                chSysTimerHandlerI
 .text.dbg_check_enable
                0x08011770       0x40 build/obj/chdebug.o
                0x08011770                dbg_check_enable
 .text.dbg_check_lock
                0x080117b0       0x40 build/obj/chdebug.o
                0x080117b0                dbg_check_lock
 .text.dbg_check_unlock
                0x080117f0       0x40 build/obj/chdebug.o
                0x080117f0                dbg_check_unlock
 .text.dbg_check_lock_from_isr
                0x08011830       0x40 build/obj/chdebug.o
                0x08011830                dbg_check_lock_from_isr
 .text.dbg_check_unlock_from_isr
                0x08011870       0x40 build/obj/chdebug.o
                0x08011870                dbg_check_unlock_from_isr
 .text.dbg_check_enter_isr
                0x080118b0       0x50 build/obj/chdebug.o
                0x080118b0                dbg_check_enter_isr
 .text.dbg_check_leave_isr
                0x08011900       0x50 build/obj/chdebug.o
                0x08011900                dbg_check_leave_isr
 .text.chDbgCheckClassI
                0x08011950       0x40 build/obj/chdebug.o
                0x08011950                chDbgCheckClassI
 .text.chDbgCheckClassS
                0x08011990       0x40 build/obj/chdebug.o
                0x08011990                chDbgCheckClassS
 .text._trace_init
                0x080119d0       0x20 build/obj/chdebug.o
                0x080119d0                _trace_init
 .text.dbg_trace
                0x080119f0       0x40 build/obj/chdebug.o
                0x080119f0                dbg_trace
 .text.chDbgPanic
                0x08011a30       0x20 build/obj/chdebug.o
                0x08011a30                chDbgPanic
 .text._vt_init
                0x08011a50       0x20 build/obj/chvt.o
                0x08011a50                _vt_init
 .text.chVTSetI
                0x08011a70       0x60 build/obj/chvt.o
                0x08011a70                chVTSetI
 .text.chVTResetI
                0x08011ad0       0x50 build/obj/chvt.o
                0x08011ad0                chVTResetI
 .text._scheduler_init
                0x08011b20       0x20 build/obj/chschd.o
                0x08011b20                _scheduler_init
 .text.chSchReadyI
                0x08011b40       0x50 build/obj/chschd.o
                0x08011b40                chSchReadyI
 .text.wakeup   0x08011b90       0x60 build/obj/chschd.o
 .text.chSchGoSleepS
                0x08011bf0       0x50 build/obj/chschd.o
                0x08011bf0                chSchGoSleepS
 .text.chSchGoSleepTimeoutS
                0x08011c40       0x50 build/obj/chschd.o
                0x08011c40                chSchGoSleepTimeoutS
 .text.chSchWakeupS
                0x08011c90       0x70 build/obj/chschd.o
                0x08011c90                chSchWakeupS
 .text.chSchDoRescheduleBehind
                0x08011d00       0x50 build/obj/chschd.o
                0x08011d00                chSchDoRescheduleBehind
 .text.chSchDoRescheduleAhead
                0x08011d50       0x60 build/obj/chschd.o
                0x08011d50                chSchDoRescheduleAhead
 .text.chSchRescheduleS
                0x08011db0       0x30 build/obj/chschd.o
                0x08011db0                chSchRescheduleS
 .text.chSchDoReschedule
                0x08011de0       0x20 build/obj/chschd.o
                0x08011de0                chSchDoReschedule
 .text._thread_init
                0x08011e00       0x60 build/obj/chthreads.o
                0x08011e00                _thread_init
 .text.chThdCreateI
                0x08011e60       0xb0 build/obj/chthreads.o
                0x08011e60                chThdCreateI
 .text.chThdCreateStatic
                0x08011f10       0x50 build/obj/chthreads.o
                0x08011f10                chThdCreateStatic
 .text.chThdTerminate
                0x08011f60       0x30 build/obj/chthreads.o
                0x08011f60                chThdTerminate
 .text.chThdSleep
                0x08011f90       0x30 build/obj/chthreads.o
                0x08011f90                chThdSleep
 .text.chThdExitS
                0x08011fc0       0x50 build/obj/chthreads.o
                0x08011fc0                chThdExitS
 .text.chThdExit
                0x08012010       0x20 build/obj/chthreads.o
                0x08012010                chThdExit
 .text.chThdWait
                0x08012030       0x80 build/obj/chthreads.o
                0x08012030                chThdWait
 .text.chThdRelease
                0x080120b0       0x80 build/obj/chdynamic.o
                0x080120b0                chThdRelease
 .text.chThdCreateFromHeap
                0x08012130       0x50 build/obj/chdynamic.o
                0x08012130                chThdCreateFromHeap
 .text.chSemInit
                0x08012180       0x30 build/obj/chsem.o
                0x08012180                chSemInit
 .text.chSemResetI
                0x080121b0       0x60 build/obj/chsem.o
                0x080121b0                chSemResetI
 .text.chSemWaitTimeoutS
                0x08012210       0x80 build/obj/chsem.o
                0x08012210                chSemWaitTimeoutS
 .text.chSemSignalI
                0x08012290       0x60 build/obj/chsem.o
                0x08012290                chSemSignalI
 .text.chMtxInit
                0x080122f0       0x20 build/obj/chmtx.o
                0x080122f0                chMtxInit
 .text.chMtxLockS
                0x08012310      0x100 build/obj/chmtx.o
                0x08012310                chMtxLockS
 .text.chMtxLock
                0x08012410       0x20 build/obj/chmtx.o
                0x08012410                chMtxLock
 .text.chMtxUnlock
                0x08012430       0x90 build/obj/chmtx.o
                0x08012430                chMtxUnlock
 .text.chEvtRegisterMask
                0x080124c0       0x50 build/obj/chevents.o
                0x080124c0                chEvtRegisterMask
 .text.chEvtUnregister
                0x08012510       0x50 build/obj/chevents.o
                0x08012510                chEvtUnregister
 .text.chEvtSignalI
                0x08012560       0x50 build/obj/chevents.o
                0x08012560                chEvtSignalI
 .text.chEvtBroadcastFlagsI
                0x080125b0       0x40 build/obj/chevents.o
                0x080125b0                chEvtBroadcastFlagsI
 .text.chEvtBroadcastFlags
                0x080125f0       0x30 build/obj/chevents.o
                0x080125f0                chEvtBroadcastFlags
 .text.chEvtWaitOne
                0x08012620       0x50 build/obj/chevents.o
                0x08012620                chEvtWaitOne
 .text.chEvtWaitAny
                0x08012670       0x40 build/obj/chevents.o
                0x08012670                chEvtWaitAny
 .text.chEvtWaitOneTimeout
                0x080126b0       0x70 build/obj/chevents.o
                0x080126b0                chEvtWaitOneTimeout
 .text.chEvtWaitAnyTimeout
                0x08012720       0x70 build/obj/chevents.o
                0x08012720                chEvtWaitAnyTimeout
 .text.chMBInit
                0x08012790       0x40 build/obj/chmboxes.o
                0x08012790                chMBInit
 .text.chMBPostS
                0x080127d0       0x50 build/obj/chmboxes.o
                0x080127d0                chMBPostS
 .text.chMBPost
                0x08012820       0x30 build/obj/chmboxes.o
                0x08012820                chMBPost
 .text.chMBPostI
                0x08012850       0x50 build/obj/chmboxes.o
                0x08012850                chMBPostI
 .text.chMBFetchS
                0x080128a0       0x50 build/obj/chmboxes.o
                0x080128a0                chMBFetchS
 .text.chMBFetch
                0x080128f0       0x30 build/obj/chmboxes.o
                0x080128f0                chMBFetch
 .text.chMBFetchI
                0x08012920       0x50 build/obj/chmboxes.o
                0x08012920                chMBFetchI
 .text.qwait    0x08012970       0x30 build/obj/chqueues.o
 .text.chIQInit
                0x080129a0       0x20 build/obj/chqueues.o
                0x080129a0                chIQInit
 .text.chIQPutI
                0x080129c0       0x60 build/obj/chqueues.o
                0x080129c0                chIQPutI
 .text.chIQGetTimeout
                0x08012a20       0x70 build/obj/chqueues.o
                0x08012a20                chIQGetTimeout
 .text.chIQReadTimeout
                0x08012a90       0xa0 build/obj/chqueues.o
                0x08012a90                chIQReadTimeout
 .text.chOQInit
                0x08012b30       0x20 build/obj/chqueues.o
                0x08012b30                chOQInit
 .text.chOQPutTimeout
                0x08012b50       0x70 build/obj/chqueues.o
                0x08012b50                chOQPutTimeout
 .text.chOQGetI
                0x08012bc0       0x50 build/obj/chqueues.o
                0x08012bc0                chOQGetI
 .text.chOQWriteTimeout
                0x08012c10       0xa0 build/obj/chqueues.o
                0x08012c10                chOQWriteTimeout
 .text._core_init
                0x08012cb0       0x30 build/obj/chmemcore.o
                0x08012cb0                _core_init
 .text.chCoreAllocI
                0x08012ce0       0x30 build/obj/chmemcore.o
                0x08012ce0                chCoreAllocI
 .text.chCoreAlloc
                0x08012d10       0x30 build/obj/chmemcore.o
                0x08012d10                chCoreAlloc
 .text.chCoreStatus
                0x08012d40       0x20 build/obj/chmemcore.o
                0x08012d40                chCoreStatus
 .text._heap_init
                0x08012d60       0x20 build/obj/chheap.o
                0x08012d60                _heap_init
 .text.chHeapAlloc
                0x08012d80       0x80 build/obj/chheap.o
                0x08012d80                chHeapAlloc
 .text.chHeapFree
                0x08012e00       0xd0 build/obj/chheap.o
                0x08012e00                chHeapFree
 .text.chPoolFreeI
                0x08012ed0       0x30 build/obj/chmempools.o
                0x08012ed0                chPoolFreeI
 .text.chPoolFree
                0x08012f00       0x30 build/obj/chmempools.o
                0x08012f00                chPoolFree
 .text.halInit  0x08012f30       0x40 build/obj/hal.o
                0x08012f30                halInit
 .text.adcInit  0x08012f70       0x10 build/obj/adc.o
                0x08012f70                adcInit
 .text.adcObjectInit
                0x08012f80       0x20 build/obj/adc.o
                0x08012f80                adcObjectInit
 .text.adcStart
                0x08012fa0       0x50 build/obj/adc.o
                0x08012fa0                adcStart
 .text.adcStartConversionI
                0x08012ff0       0x60 build/obj/adc.o
                0x08012ff0                adcStartConversionI
 .text.adcStartConversion
                0x08013050       0x30 build/obj/adc.o
                0x08013050                adcStartConversion
 .text.adcConvert
                0x08013080       0x60 build/obj/adc.o
                0x08013080                adcConvert
 .text.canInit  0x080130e0       0x10 build/obj/can.o
                0x080130e0                canInit
 .text.canObjectInit
                0x080130f0       0x40 build/obj/can.o
                0x080130f0                canObjectInit
 .text.canStart
                0x08013130       0x70 build/obj/can.o
                0x08013130                canStart
 .text.canStop  0x080131a0       0x60 build/obj/can.o
                0x080131a0                canStop
 .text.canTransmit
                0x08013200       0xa0 build/obj/can.o
                0x08013200                canTransmit
 .text.canReceive
                0x080132a0       0x90 build/obj/can.o
                0x080132a0                canReceive
 .text.extInit  0x08013330       0x10 build/obj/ext.o
                0x08013330                extInit
 .text.extObjectInit
                0x08013340       0x10 build/obj/ext.o
                0x08013340                extObjectInit
 .text.extStart
                0x08013350       0x50 build/obj/ext.o
                0x08013350                extStart
 .text.i2cInit  0x080133a0       0x10 build/obj/i2c.o
                0x080133a0                i2cInit
 .text.i2cObjectInit
                0x080133b0       0x10 build/obj/i2c.o
                0x080133b0                i2cObjectInit
 .text.i2cStart
                0x080133c0       0x50 build/obj/i2c.o
                0x080133c0                i2cStart
 .text.i2cStop  0x08013410       0x50 build/obj/i2c.o
                0x08013410                i2cStop
 .text.i2cGetErrors
                0x08013460       0x20 build/obj/i2c.o
                0x08013460                i2cGetErrors
 .text.i2cMasterTransmitTimeout
                0x08013480       0x90 build/obj/i2c.o
                0x08013480                i2cMasterTransmitTimeout
 .text.i2cMasterReceiveTimeout
                0x08013510       0x80 build/obj/i2c.o
                0x08013510                i2cMasterReceiveTimeout
 .text.i2cAcquireBus
                0x08013590       0x30 build/obj/i2c.o
                0x08013590                i2cAcquireBus
 .text.i2cReleaseBus
                0x080135c0       0x20 build/obj/i2c.o
                0x080135c0                i2cReleaseBus
 .text.pwmInit  0x080135e0       0x10 build/obj/pwm.o
                0x080135e0                pwmInit
 .text.pwmObjectInit
                0x080135f0       0x10 build/obj/pwm.o
                0x080135f0                pwmObjectInit
 .text.pwmStart
                0x08013600       0x50 build/obj/pwm.o
                0x08013600                pwmStart
 .text.pwmEnableChannel
                0x08013650       0x50 build/obj/pwm.o
                0x08013650                pwmEnableChannel
 .text.pwmDisableChannel
                0x080136a0       0x50 build/obj/pwm.o
                0x080136a0                pwmDisableChannel
 .text.readt    0x080136f0       0x10 build/obj/serial.o
 .text.read     0x08013700       0x10 build/obj/serial.o
 .text.writet   0x08013710       0x10 build/obj/serial.o
 .text.write    0x08013720       0x10 build/obj/serial.o
 .text.gett     0x08013730       0x10 build/obj/serial.o
 .text.get      0x08013740       0x10 build/obj/serial.o
 .text.putt     0x08013750       0x10 build/obj/serial.o
 .text.put      0x08013760       0x10 build/obj/serial.o
 .text.sdInit   0x08013770       0x10 build/obj/serial.o
                0x08013770                sdInit
 .text.sdObjectInit
                0x08013780       0x40 build/obj/serial.o
                0x08013780                sdObjectInit
 .text.sdStart  0x080137c0       0x50 build/obj/serial.o
                0x080137c0                sdStart
 .text.sdIncomingDataI
                0x08013810       0x50 build/obj/serial.o
                0x08013810                sdIncomingDataI
 .text.uartInit
                0x08013860       0x10 build/obj/uart.o
                0x08013860                uartInit
 .text.uartObjectInit
                0x08013870       0x10 build/obj/uart.o
                0x08013870                uartObjectInit
 .text.uartStart
                0x08013880       0x50 build/obj/uart.o
                0x08013880                uartStart
 .text.uartStartSend
                0x080138d0       0x70 build/obj/uart.o
                0x080138d0                uartStartSend
 .text.uartStartSendI
                0x08013940       0x60 build/obj/uart.o
                0x08013940                uartStartSendI
 .text.uartStartReceiveI
                0x080139a0       0x60 build/obj/uart.o
                0x080139a0                uartStartReceiveI
 .text.Vector6C
                0x08013a00       0x30 build/obj/stm32_dma.o
                0x08013a00                Vector6C
 .text.Vector70
                0x08013a30       0x40 build/obj/stm32_dma.o
                0x08013a30                Vector70
 .text.Vector74
                0x08013a70       0x40 build/obj/stm32_dma.o
                0x08013a70                Vector74
 .text.Vector78
                0x08013ab0       0x40 build/obj/stm32_dma.o
                0x08013ab0                Vector78
 .text.Vector7C
                0x08013af0       0x30 build/obj/stm32_dma.o
                0x08013af0                Vector7C
 .text.Vector80
                0x08013b20       0x40 build/obj/stm32_dma.o
                0x08013b20                Vector80
 .text.Vector84
                0x08013b60       0x40 build/obj/stm32_dma.o
                0x08013b60                Vector84
 .text.VectorFC
                0x08013ba0       0x40 build/obj/stm32_dma.o
                0x08013ba0                VectorFC
 .text.Vector120
                0x08013be0       0x30 build/obj/stm32_dma.o
                0x08013be0                Vector120
 .text.Vector124
                0x08013c10       0x40 build/obj/stm32_dma.o
                0x08013c10                Vector124
 .text.Vector128
                0x08013c50       0x40 build/obj/stm32_dma.o
                0x08013c50                Vector128
 .text.Vector12C
                0x08013c90       0x40 build/obj/stm32_dma.o
                0x08013c90                Vector12C
 .text.Vector130
                0x08013cd0       0x30 build/obj/stm32_dma.o
                0x08013cd0                Vector130
 .text.Vector150
                0x08013d00       0x40 build/obj/stm32_dma.o
                0x08013d00                Vector150
 .text.Vector154
                0x08013d40       0x40 build/obj/stm32_dma.o
                0x08013d40                Vector154
 .text.Vector158
                0x08013d80       0x40 build/obj/stm32_dma.o
                0x08013d80                Vector158
 .text.dmaInit  0x08013dc0       0x50 build/obj/stm32_dma.o
                0x08013dc0                dmaInit
 .text.dmaStreamAllocate
                0x08013e10       0xc0 build/obj/stm32_dma.o
                0x08013e10                dmaStreamAllocate
 .text.dmaStreamRelease
                0x08013ed0       0x70 build/obj/stm32_dma.o
                0x08013ed0                dmaStreamRelease
 .text.hal_lld_init
                0x08013f40       0xa0 build/obj/hal_lld.o
                0x08013f40                hal_lld_init
 .text.stm32_clock_init
                0x08013fe0       0xd0 build/obj/hal_lld.o
                0x08013fe0                stm32_clock_init
 .text.adc_lld_init
                0x080140b0       0x40 build/obj/adc_lld.o
                0x080140b0                adc_lld_init
 .text.adc_lld_start
                0x080140f0       0x70 build/obj/adc_lld.o
                0x080140f0                adc_lld_start
 .text.adc_lld_start_conversion
                0x08014160       0xb0 build/obj/adc_lld.o
                0x08014160                adc_lld_start_conversion
 .text.adc_lld_stop_conversion
                0x08014210       0x40 build/obj/adc_lld.o
                0x08014210                adc_lld_stop_conversion
 .text.Vector88
                0x08014250       0xe0 build/obj/adc_lld.o
                0x08014250                Vector88
 .text.adc_lld_serve_rx_interrupt
                0x08014330       0xf0 build/obj/adc_lld.o
 .text.Vector58
                0x08014420       0x30 build/obj/ext_lld_isr.o
                0x08014420                Vector58
 .text.Vector5C
                0x08014450       0x30 build/obj/ext_lld_isr.o
                0x08014450                Vector5C
 .text.Vector60
                0x08014480       0x30 build/obj/ext_lld_isr.o
                0x08014480                Vector60
 .text.Vector64
                0x080144b0       0x30 build/obj/ext_lld_isr.o
                0x080144b0                Vector64
 .text.Vector68
                0x080144e0       0x30 build/obj/ext_lld_isr.o
                0x080144e0                Vector68
 .text.Vector9C
                0x08014510       0x80 build/obj/ext_lld_isr.o
                0x08014510                Vector9C
 .text.VectorE0
                0x08014590       0x90 build/obj/ext_lld_isr.o
                0x08014590                VectorE0
 .text.Vector44
                0x08014620       0x30 build/obj/ext_lld_isr.o
                0x08014620                Vector44
 .text.VectorE4
                0x08014650       0x30 build/obj/ext_lld_isr.o
                0x08014650                VectorE4
 .text.VectorE8
                0x08014680       0x30 build/obj/ext_lld_isr.o
                0x08014680                VectorE8
 .text.Vector138
                0x080146b0       0x30 build/obj/ext_lld_isr.o
                0x080146b0                Vector138
 .text.Vector170
                0x080146e0       0x30 build/obj/ext_lld_isr.o
                0x080146e0                Vector170
 .text.Vector4C
                0x08014710       0x30 build/obj/ext_lld_isr.o
                0x08014710                Vector4C
 .text.ext_lld_exti_irq_enable
                0x08014740       0x80 build/obj/ext_lld_isr.o
                0x08014740                ext_lld_exti_irq_enable
 .text.can_lld_set_filters
                0x080147c0      0x120 build/obj/can_lld.o
 .text.Vector8C
                0x080148e0       0x60 build/obj/can_lld.o
                0x080148e0                Vector8C
 .text.Vector90
                0x08014940       0x90 build/obj/can_lld.o
                0x08014940                Vector90
 .text.Vector94
                0x080149d0       0x90 build/obj/can_lld.o
                0x080149d0                Vector94
 .text.Vector98
                0x08014a60       0x90 build/obj/can_lld.o
                0x08014a60                Vector98
 .text.can_lld_init
                0x08014af0       0x30 build/obj/can_lld.o
                0x08014af0                can_lld_init
 .text.can_lld_start
                0x08014b20       0x80 build/obj/can_lld.o
                0x08014b20                can_lld_start
 .text.can_lld_stop
                0x08014ba0       0x50 build/obj/can_lld.o
                0x08014ba0                can_lld_stop
 .text.can_lld_is_tx_empty
                0x08014bf0       0x40 build/obj/can_lld.o
                0x08014bf0                can_lld_is_tx_empty
 .text.can_lld_transmit
                0x08014c30       0x80 build/obj/can_lld.o
                0x08014c30                can_lld_transmit
 .text.can_lld_is_rx_nonempty
                0x08014cb0       0x40 build/obj/can_lld.o
                0x08014cb0                can_lld_is_rx_nonempty
 .text.can_lld_receive
                0x08014cf0       0xd0 build/obj/can_lld.o
                0x08014cf0                can_lld_receive
 .text.ext_lld_init
                0x08014dc0       0x10 build/obj/ext_lld.o
                0x08014dc0                ext_lld_init
 .text.ext_lld_channel_enable
                0x08014dd0       0xa0 build/obj/ext_lld.o
                0x08014dd0                ext_lld_channel_enable
 .text.ext_lld_channel_disable
                0x08014e70       0x30 build/obj/ext_lld.o
                0x08014e70                ext_lld_channel_disable
 .text.ext_lld_start
                0x08014ea0       0x40 build/obj/ext_lld.o
                0x08014ea0                ext_lld_start
 .text._pal_lld_init
                0x08014ee0      0x1c0 build/obj/pal_lld.o
                0x08014ee0                _pal_lld_init
 .text._pal_lld_setgroupmode
                0x080150a0       0xd0 build/obj/pal_lld.o
                0x080150a0                _pal_lld_setgroupmode
 .text.i2c_lld_abort_operation
                0x08015170       0x60 build/obj/i2c_lld.o
 .text.i2c_lld_serve_event_interrupt
                0x080151d0      0x120 build/obj/i2c_lld.o
 .text.i2c_lld_serve_error_interrupt
                0x080152f0       0xd0 build/obj/i2c_lld.o
 .text.i2c_lld_safety_timeout
                0x080153c0       0x40 build/obj/i2c_lld.o
 .text.i2c_lld_serve_tx_end_irq
                0x08015400       0x40 build/obj/i2c_lld.o
 .text.i2c_lld_serve_rx_end_irq
                0x08015440       0x80 build/obj/i2c_lld.o
 .text.VectorBC
                0x080154c0       0x20 build/obj/i2c_lld.o
                0x080154c0                VectorBC
 .text.VectorC0
                0x080154e0       0x40 build/obj/i2c_lld.o
                0x080154e0                VectorC0
 .text.VectorC4
                0x08015520       0x20 build/obj/i2c_lld.o
                0x08015520                VectorC4
 .text.VectorC8
                0x08015540       0x40 build/obj/i2c_lld.o
                0x08015540                VectorC8
 .text.i2c_lld_init
                0x08015580       0x50 build/obj/i2c_lld.o
                0x08015580                i2c_lld_init
 .text.i2c_lld_start
                0x080155d0      0x310 build/obj/i2c_lld.o
                0x080155d0                i2c_lld_start
 .text.i2c_lld_stop
                0x080158e0       0x70 build/obj/i2c_lld.o
                0x080158e0                i2c_lld_stop
 .text.i2c_lld_master_receive_timeout
                0x08015950      0x100 build/obj/i2c_lld.o
                0x08015950                i2c_lld_master_receive_timeout
 .text.i2c_lld_master_transmit_timeout
                0x08015a50      0x110 build/obj/i2c_lld.o
                0x08015a50                i2c_lld_master_transmit_timeout
 .text.VectorB4
                0x08015b60       0x70 build/obj/pwm_lld.o
                0x08015b60                VectorB4
 .text.pwm_lld_init
                0x08015bd0       0x20 build/obj/pwm_lld.o
                0x08015bd0                pwm_lld_init
 .text.pwm_lld_start
                0x08015bf0      0x110 build/obj/pwm_lld.o
                0x08015bf0                pwm_lld_start
 .text.pwm_lld_enable_channel
                0x08015d00       0x40 build/obj/pwm_lld.o
                0x08015d00                pwm_lld_enable_channel
 .text.pwm_lld_disable_channel
                0x08015d40       0x20 build/obj/pwm_lld.o
                0x08015d40                pwm_lld_disable_channel
 .text.notify1  0x08015d60       0x20 build/obj/serial_lld.o
 .text.VectorD4
                0x08015d80      0x160 build/obj/serial_lld.o
                0x08015d80                VectorD4
 .text.sd_lld_init
                0x08015ee0       0x30 build/obj/serial_lld.o
                0x08015ee0                sd_lld_init
 .text.sd_lld_start
                0x08015f10       0xa0 build/obj/serial_lld.o
                0x08015f10                sd_lld_start
 .text.usart_stop
                0x08015fb0       0x50 build/obj/uart_lld.o
 .text.serve_usart_irq
                0x08016000       0x80 build/obj/uart_lld.o
 .text.uart_lld_serve_tx_end_irq
                0x08016080       0x60 build/obj/uart_lld.o
 .text.uart_lld_serve_rx_end_irq
                0x080160e0       0x90 build/obj/uart_lld.o
 .text.VectorD8
                0x08016170       0x20 build/obj/uart_lld.o
                0x08016170                VectorD8
 .text.VectorDC
                0x08016190       0x20 build/obj/uart_lld.o
                0x08016190                VectorDC
 .text.uart_lld_init
                0x080161b0       0x50 build/obj/uart_lld.o
                0x080161b0                uart_lld_init
 .text.uart_lld_start
                0x08016200      0x190 build/obj/uart_lld.o
                0x08016200                uart_lld_start
 .text.uart_lld_start_send
                0x08016390       0x20 build/obj/uart_lld.o
                0x08016390                uart_lld_start_send
 .text.uart_lld_start_receive
                0x080163b0       0x40 build/obj/uart_lld.o
                0x080163b0                uart_lld_start_receive
 .text.__early_init
                0x080163f0       0x10 build/obj/board.o
                0x080163f0                __early_init
 .text.boardInit
                0x08016400       0x10 build/obj/board.o
                0x08016400                boardInit
 .text.boardWriteLed
                0x08016410       0x20 build/obj/board.o
                0x08016410                boardWriteLed
 .text.boardBluetoothSetState
                0x08016430       0x20 build/obj/board.o
                0x08016430                boardBluetoothSetState
 .text.boardClearI2CBus
                0x08016450       0xf0 build/obj/board.o
                0x08016450                boardClearI2CBus
 .text.boardResetBQ27500I2C
                0x08016540      0x110 build/obj/board.o
                0x08016540                boardResetBQ27500I2C
 .text.tmrcb    0x08016650       0x40 build/obj/evtimer.o
 .text.evtStart
                0x08016690       0x40 build/obj/evtimer.o
                0x08016690                evtStart
 .text.evtStop  0x080166d0       0x30 build/obj/evtimer.o
                0x080166d0                evtStop
 .text._read_r  0x08016700       0x10 build/obj/syscalls.o
                0x08016700                _read_r
 .text._lseek_r
                0x08016710       0x10 build/obj/syscalls.o
                0x08016710                _lseek_r
 .text._write_r
                0x08016720       0x10 build/obj/syscalls.o
                0x08016720                _write_r
 .text._close_r
                0x08016730       0x10 build/obj/syscalls.o
                0x08016730                _close_r
 .text._sbrk_r  0x08016740       0x30 build/obj/syscalls.o
                0x08016740                _sbrk_r
 .text._fstat_r
                0x08016770       0x20 build/obj/syscalls.o
                0x08016770                _fstat_r
 .text._isatty_r
                0x08016790       0x10 build/obj/syscalls.o
                0x08016790                _isatty_r
 .text.long_to_string_with_divisor
                0x080167a0       0x50 build/obj/chprintf.o
 .text.chvprintf
                0x080167f0      0x330 build/obj/chprintf.o
                0x080167f0                chvprintf
 .text.chprintf
                0x08016b20       0x20 build/obj/shell.o
 .text.cmd_systime
                0x08016b40       0x30 build/obj/shell.o
 .text.cmd_info
                0x08016b70       0xc0 build/obj/shell.o
 .text._strtok.constprop.2
                0x08016c30       0x40 build/obj/shell.o
 .text.shellExit
                0x08016c70       0x30 build/obj/shell.o
                0x08016c70                shellExit
 .text.shellCreate
                0x08016ca0       0x20 build/obj/shell.o
                0x08016ca0                shellCreate
 .text.shellGetLine
                0x08016cc0       0xa0 build/obj/shell.o
                0x08016cc0                shellGetLine
 .text.shell_thread
                0x08016d60      0x1a0 build/obj/shell.o
 .text._getpid  0x08016f00       0x10 build/obj/stubs.o
                0x08016f00                _getpid
 .text._exit    0x08016f10       0x10 build/obj/stubs.o
                0x08016f10                _exit
 .text._kill    0x08016f20       0x10 build/obj/stubs.o
                0x08016f20                _kill
 .text.haltErrorCode
                0x08016f30       0xb0 build/obj/Debug.o
                0x08016f30                haltErrorCode
 .text._ZN10chibios_rt10BaseThread5startEm
                0x08016fe0       0x10 build/obj/ch.o
                0x08016fe0                chibios_rt::BaseThread::start(unsigned long)
 .text._ZN10chibios_rt15ThreadReference4stopEv
                0x08016ff0       0x10 build/obj/ch.o
                0x08016ff0                chibios_rt::ThreadReference::stop()
 .text._ZN10chibios_rt6System4initEv
                0x08017000       0x10 build/obj/ch.o
                0x08017000                chibios_rt::System::init()
 .text._ZN10chibios_rt6System4lockEv
                0x08017010       0x10 build/obj/ch.o
                0x08017010                chibios_rt::System::lock()
 .text._ZN10chibios_rt6System6unlockEv
                0x08017020       0x10 build/obj/ch.o
                0x08017020                chibios_rt::System::unlock()
 .text._ZN10chibios_rt6System11lockFromIsrEv
                0x08017030       0x10 build/obj/ch.o
                0x08017030                chibios_rt::System::lockFromIsr()
 .text._ZN10chibios_rt6System13unlockFromIsrEv
                0x08017040       0x10 build/obj/ch.o
                0x08017040                chibios_rt::System::unlockFromIsr()
 .text._ZN10chibios_rt15ThreadReference16requestTerminateEv
                0x08017050       0x30 build/obj/ch.o
                0x08017050                chibios_rt::ThreadReference::requestTerminate()
 .text._ZN10chibios_rt15ThreadReference4waitEv
                0x08017080       0x30 build/obj/ch.o
                0x08017080                chibios_rt::ThreadReference::wait()
 .text._ZN10chibios_rt15ThreadReference13signalEventsIEm
                0x080170b0       0x30 build/obj/ch.o
                0x080170b0                chibios_rt::ThreadReference::signalEventsI(unsigned long)
 .text._ZN10chibios_rt10BaseThreadC2Ev
                0x080170e0       0x10 build/obj/ch.o
                0x080170e0                chibios_rt::BaseThread::BaseThread()
                0x080170e0                chibios_rt::BaseThread::BaseThread()
 .text._ZN10chibios_rt10_thd_startEPv
                0x080170f0       0x10 build/obj/ch.o
                0x080170f0                chibios_rt::_thd_start(void*)
 .text._ZN10chibios_rt10BaseThread7setNameEPKc
                0x08017100       0x10 build/obj/ch.o
                0x08017100                chibios_rt::BaseThread::setName(char const*)
 .text._ZN10chibios_rt10BaseThread15shouldTerminateEv
                0x08017110       0x20 build/obj/ch.o
                0x08017110                chibios_rt::BaseThread::shouldTerminate()
 .text._ZN10chibios_rt10BaseThread5sleepEm
                0x08017130       0x10 build/obj/ch.o
                0x08017130                chibios_rt::BaseThread::sleep(unsigned long)
 .text._ZN10chibios_rt10BaseThread12waitOneEventEm
                0x08017140       0x10 build/obj/ch.o
                0x08017140                chibios_rt::BaseThread::waitOneEvent(unsigned long)
 .text._ZN10chibios_rt10BaseThread12waitAnyEventEm
                0x08017150       0x10 build/obj/ch.o
                0x08017150                chibios_rt::BaseThread::waitAnyEvent(unsigned long)
 .text._ZN10chibios_rt10BaseThread19waitOneEventTimeoutEmm
                0x08017160       0x10 build/obj/ch.o
                0x08017160                chibios_rt::BaseThread::waitOneEventTimeout(unsigned long, unsigned long)
 .text._ZN10chibios_rt10BaseThread19waitAnyEventTimeoutEmm
                0x08017170       0x10 build/obj/ch.o
                0x08017170                chibios_rt::BaseThread::waitAnyEventTimeout(unsigned long, unsigned long)
 .text._ZN10chibios_rt9EvtSourceC2Ev
                0x08017180       0x10 build/obj/ch.o
                0x08017180                chibios_rt::EvtSource::EvtSource()
                0x08017180                chibios_rt::EvtSource::EvtSource()
 .text._ZN10chibios_rt9EvtSource11registerOneEPNS_11EvtListenerEl
                0x08017190       0x10 build/obj/ch.o
                0x08017190                chibios_rt::EvtSource::registerOne(chibios_rt::EvtListener*, long)
 .text._ZN10chibios_rt9EvtSource10unregisterEPNS_11EvtListenerE
                0x080171a0       0x10 build/obj/ch.o
                0x080171a0                chibios_rt::EvtSource::unregister(chibios_rt::EvtListener*)
 .text._ZN10chibios_rt9EvtSource14broadcastFlagsEm
                0x080171b0       0x10 build/obj/ch.o
                0x080171b0                chibios_rt::EvtSource::broadcastFlags(unsigned long)
 .text._ZN10chibios_rt7MailboxC2EPll
                0x080171c0       0x10 build/obj/ch.o
                0x080171c0                chibios_rt::Mailbox::Mailbox(long*, long)
                0x080171c0                chibios_rt::Mailbox::Mailbox(long*, long)
 .text._ZN10chibios_rt7Mailbox4postElm
                0x080171d0       0x10 build/obj/ch.o
                0x080171d0                chibios_rt::Mailbox::post(long, unsigned long)
 .text._ZN10chibios_rt7Mailbox5postIEl
                0x080171e0       0x10 build/obj/ch.o
                0x080171e0                chibios_rt::Mailbox::postI(long)
 .text._ZN10chibios_rt7Mailbox5fetchEPlm
                0x080171f0       0x10 build/obj/ch.o
                0x080171f0                chibios_rt::Mailbox::fetch(long*, unsigned long)
 .text._ZN10chibios_rt7Mailbox6fetchIEPl
                0x08017200       0x10 build/obj/ch.o
                0x08017200                chibios_rt::Mailbox::fetchI(long*)
 .text._ZN5amiro5ColorC2Eiii
                0x08017210       0x10 build/obj/Color.o
                0x08017210                amiro::Color::Color(int, int, int)
                0x08017210                amiro::Color::Color(int, int, int)
 .text._ZN5amiro5ColorC2ENS0_11GlobalColorE
                0x08017220       0x20 build/obj/Color.o
                0x08017220                amiro::Color::Color(amiro::Color::GlobalColor)
                0x08017220                amiro::Color::Color(amiro::Color::GlobalColor)
 .text._ZN5amiro5Color6getRedEv
                0x08017240       0x10 build/obj/Color.o
                0x08017240                amiro::Color::getRed()
 .text._ZN5amiro5Color8getGreenEv
                0x08017250       0x10 build/obj/Color.o
                0x08017250                amiro::Color::getGreen()
 .text._ZN5amiro5Color7getBlueEv
                0x08017260       0x10 build/obj/Color.o
                0x08017260                amiro::Color::getBlue()
 .text._ZN5amiro23ControllerAreaNetworkRx14receiveMessageEP10CANRxFrame
                0x08017270       0x10 build/obj/ControllerAreaNetworkRx.o
                0x08017270                amiro::ControllerAreaNetworkRx::receiveMessage(CANRxFrame*)
 .text._ZN10chibios_rt16BaseStaticThreadILi128EE5startEm
                0x08017280       0x30 build/obj/ControllerAreaNetworkRx.o
                0x08017280                chibios_rt::BaseStaticThread<128>::start(unsigned long)
 .text._ZN5amiro23ControllerAreaNetworkRxC2EP9CANDriverh
                0x080172b0       0x30 build/obj/ControllerAreaNetworkRx.o
                0x080172b0                amiro::ControllerAreaNetworkRx::ControllerAreaNetworkRx(CANDriver*, unsigned char)
                0x080172b0                amiro::ControllerAreaNetworkRx::ControllerAreaNetworkRx(CANDriver*, unsigned char)
 .text._ZN5amiro23ControllerAreaNetworkRxD2Ev
                0x080172e0       0x10 build/obj/ControllerAreaNetworkRx.o
                0x080172e0                amiro::ControllerAreaNetworkRx::~ControllerAreaNetworkRx()
                0x080172e0                amiro::ControllerAreaNetworkRx::~ControllerAreaNetworkRx()
 .text._ZN5amiro23ControllerAreaNetworkRx16receiveSensorValEP10CANRxFrame
                0x080172f0      0x1a0 build/obj/ControllerAreaNetworkRx.o
                0x080172f0                amiro::ControllerAreaNetworkRx::receiveSensorVal(CANRxFrame*)
 .text._ZN5amiro23ControllerAreaNetworkRx10getRobotIDEv
                0x08017490       0x10 build/obj/ControllerAreaNetworkRx.o
                0x08017490                amiro::ControllerAreaNetworkRx::getRobotID()
 .text._ZN5amiro23ControllerAreaNetworkRx13decodeBoardIdEP10CANRxFrame
                0x080174a0       0x10 build/obj/ControllerAreaNetworkRx.o
                0x080174a0                amiro::ControllerAreaNetworkRx::decodeBoardId(CANRxFrame*)
 .text._ZN5amiro23ControllerAreaNetworkRx14decodeDeviceIdEP10CANRxFrame
                0x080174b0       0x10 build/obj/ControllerAreaNetworkRx.o
                0x080174b0                amiro::ControllerAreaNetworkRx::decodeDeviceId(CANRxFrame*)
 .text._ZN5amiro23ControllerAreaNetworkTx15updateSensorValEv
                0x080174c0       0x10 build/obj/ControllerAreaNetworkTx.o
                0x080174c0                amiro::ControllerAreaNetworkTx::updateSensorVal()
 .text._ZN5amiro23ControllerAreaNetworkTxC2EP9CANDriverh
                0x080174d0       0x30 build/obj/ControllerAreaNetworkTx.o
                0x080174d0                amiro::ControllerAreaNetworkTx::ControllerAreaNetworkTx(CANDriver*, unsigned char)
                0x080174d0                amiro::ControllerAreaNetworkTx::ControllerAreaNetworkTx(CANDriver*, unsigned char)
 .text._ZN5amiro23ControllerAreaNetworkTxD2Ev
                0x08017500       0x10 build/obj/ControllerAreaNetworkTx.o
                0x08017500                amiro::ControllerAreaNetworkTx::~ControllerAreaNetworkTx()
                0x08017500                amiro::ControllerAreaNetworkTx::~ControllerAreaNetworkTx()
 .text._ZN5amiro23ControllerAreaNetworkTx14encodeDeviceIdEP10CANTxFramei
                0x08017510       0x20 build/obj/ControllerAreaNetworkTx.o
                0x08017510                amiro::ControllerAreaNetworkTx::encodeDeviceId(CANTxFrame*, int)
 .text._ZN5amiro23ControllerAreaNetworkTx15transmitMessageEP10CANTxFrame
                0x08017530       0x40 build/obj/ControllerAreaNetworkTx.o
                0x08017530                amiro::ControllerAreaNetworkTx::transmitMessage(CANTxFrame*)
 .text._ZN5amiro23ControllerAreaNetworkTx13setLightColorEiNS_5ColorE
                0x08017570       0x60 build/obj/ControllerAreaNetworkTx.o
                0x08017570                amiro::ControllerAreaNetworkTx::setLightColor(int, amiro::Color)
 .text._ZN5amiro23ControllerAreaNetworkTx14setTargetSpeedERN5types9kinematicE
                0x080175d0       0x40 build/obj/ControllerAreaNetworkTx.o
                0x080175d0                amiro::ControllerAreaNetworkTx::setTargetSpeed(types::kinematic&)
 .text._ZN5amiro23ControllerAreaNetworkTx17broadcastShutdownEv
                0x08017610       0x40 build/obj/ControllerAreaNetworkTx.o
                0x08017610                amiro::ControllerAreaNetworkTx::broadcastShutdown()
 .text._ZN5amiro9I2CDriverD2Ev
                0x08017650       0x10 build/obj/HWI2CDriver.o
                0x08017650                amiro::I2CDriver::~I2CDriver()
                0x08017650                amiro::I2CDriver::~I2CDriver()
 .text._ZN5amiro11HWI2CDriverD2Ev
                0x08017660       0x10 build/obj/HWI2CDriver.o
                0x08017660                amiro::HWI2CDriver::~HWI2CDriver()
                0x08017660                amiro::HWI2CDriver::~HWI2CDriver()
 .text._ZN5amiro9I2CDriverD0Ev
                0x08017670       0x20 build/obj/HWI2CDriver.o
                0x08017670                amiro::I2CDriver::~I2CDriver()
 .text._ZN5amiro11HWI2CDriverD0Ev
                0x08017690       0x20 build/obj/HWI2CDriver.o
                0x08017690                amiro::HWI2CDriver::~HWI2CDriver()
 .text._ZN5amiro11HWI2CDriver5startEPK9I2CConfig
                0x080176b0       0x10 build/obj/HWI2CDriver.o
                0x080176b0                amiro::HWI2CDriver::start(I2CConfig const*)
 .text._ZN5amiro11HWI2CDriver4stopEv
                0x080176c0       0x10 build/obj/HWI2CDriver.o
                0x080176c0                amiro::HWI2CDriver::stop()
 .text._ZN5amiro11HWI2CDriver9getErrorsEv
                0x080176d0       0x10 build/obj/HWI2CDriver.o
                0x080176d0                amiro::HWI2CDriver::getErrors()
 .text._ZN5amiro11HWI2CDriver14masterTransmitEPKNS_11I2CTxParamsEm
                0x080176e0       0x30 build/obj/HWI2CDriver.o
                0x080176e0                amiro::HWI2CDriver::masterTransmit(amiro::I2CTxParams const*, unsigned long)
 .text._ZN5amiro11HWI2CDriver13masterReceiveEPKNS_11I2CRxParamsEm
                0x08017710       0x20 build/obj/HWI2CDriver.o
                0x08017710                amiro::HWI2CDriver::masterReceive(amiro::I2CRxParams const*, unsigned long)
 .text._ZN5amiro11HWI2CDriver10acquireBusEv
                0x08017730       0x10 build/obj/HWI2CDriver.o
                0x08017730                amiro::HWI2CDriver::acquireBus()
 .text._ZN5amiro11HWI2CDriver10releaseBusEv
                0x08017740       0x10 build/obj/HWI2CDriver.o
                0x08017740                amiro::HWI2CDriver::releaseBus()
 .text._ZN5amiro11HWI2CDriverC2EP9I2CDriver
                0x08017750       0x10 build/obj/HWI2CDriver.o
                0x08017750                amiro::HWI2CDriver::HWI2CDriver(I2CDriver*)
                0x08017750                amiro::HWI2CDriver::HWI2CDriver(I2CDriver*)
 .text._ZN5amiro14I2CMultiplexer9getErrorsEv
                0x08017760       0x10 build/obj/I2CMultiplexer.o
                0x08017760                amiro::I2CMultiplexer::getErrors()
 .text._ZN5amiro14I2CMultiplexer14masterTransmitEPKNS_11I2CTxParamsEm
                0x08017770       0x10 build/obj/I2CMultiplexer.o
                0x08017770                amiro::I2CMultiplexer::masterTransmit(amiro::I2CTxParams const*, unsigned long)
 .text._ZN5amiro14I2CMultiplexer13masterReceiveEPKNS_11I2CRxParamsEm
                0x08017780       0x10 build/obj/I2CMultiplexer.o
                0x08017780                amiro::I2CMultiplexer::masterReceive(amiro::I2CRxParams const*, unsigned long)
 .text._ZN5amiro14I2CMultiplexer10acquireBusEv
                0x08017790       0x20 build/obj/I2CMultiplexer.o
                0x08017790                amiro::I2CMultiplexer::acquireBus()
 .text._ZN5amiro14I2CMultiplexer10releaseBusEv
                0x080177b0       0x20 build/obj/I2CMultiplexer.o
                0x080177b0                amiro::I2CMultiplexer::releaseBus()
 .text._ZN5amiro14I2CMultiplexerC2EPNS_9I2CDriverE
                0x080177d0       0x20 build/obj/I2CMultiplexer.o
                0x080177d0                amiro::I2CMultiplexer::I2CMultiplexer(amiro::I2CDriver*)
                0x080177d0                amiro::I2CMultiplexer::I2CMultiplexer(amiro::I2CDriver*)
 .text._ZN5amiro14I2CMultiplexerD2Ev
                0x080177f0       0x10 build/obj/I2CMultiplexer.o
                0x080177f0                amiro::I2CMultiplexer::~I2CMultiplexer()
                0x080177f0                amiro::I2CMultiplexer::~I2CMultiplexer()
 .text._ZN5amiro10VI2CDriverD2Ev
                0x08017800       0x10 build/obj/VI2CDriver.o
                0x08017800                amiro::VI2CDriver::~VI2CDriver()
                0x08017800                amiro::VI2CDriver::~VI2CDriver()
 .text._ZN5amiro10VI2CDriver5startEPK9I2CConfig
                0x08017810       0x10 build/obj/VI2CDriver.o
                0x08017810                amiro::VI2CDriver::start(I2CConfig const*)
 .text._ZN5amiro10VI2CDriver4stopEv
                0x08017820       0x10 build/obj/VI2CDriver.o
                0x08017820                amiro::VI2CDriver::stop()
 .text._ZN5amiro10VI2CDriver9getErrorsEv
                0x08017830       0x10 build/obj/VI2CDriver.o
                0x08017830                amiro::VI2CDriver::getErrors()
 .text._ZN5amiro10VI2CDriver14masterTransmitEPKNS_11I2CTxParamsEm
                0x08017840       0x40 build/obj/VI2CDriver.o
                0x08017840                amiro::VI2CDriver::masterTransmit(amiro::I2CTxParams const*, unsigned long)
 .text._ZN5amiro10VI2CDriver13masterReceiveEPKNS_11I2CRxParamsEm
                0x08017880       0x40 build/obj/VI2CDriver.o
                0x08017880                amiro::VI2CDriver::masterReceive(amiro::I2CRxParams const*, unsigned long)
 .text._ZN5amiro10VI2CDriverD0Ev
                0x080178c0       0x20 build/obj/VI2CDriver.o
                0x080178c0                amiro::VI2CDriver::~VI2CDriver()
 .text._ZN5amiro10VI2CDriver10acquireBusEv
                0x080178e0       0x10 build/obj/VI2CDriver.o
                0x080178e0                amiro::VI2CDriver::acquireBus()
 .text._ZN5amiro10VI2CDriver10releaseBusEv
                0x080178f0       0x10 build/obj/VI2CDriver.o
                0x080178f0                amiro::VI2CDriver::releaseBus()
 .text._ZN5amiro10VI2CDriverC2EPNS_14I2CMultiplexerEh
                0x08017900       0x20 build/obj/VI2CDriver.o
                0x08017900                amiro::VI2CDriver::VI2CDriver(amiro::I2CMultiplexer*, unsigned char)
                0x08017900                amiro::VI2CDriver::VI2CDriver(amiro::I2CMultiplexer*, unsigned char)
 .text._ZN5amiro8VCNL4020D2Ev
                0x08017920       0x10 build/obj/vcnl4020.o
                0x08017920                amiro::VCNL4020::~VCNL4020()
                0x08017920                amiro::VCNL4020::~VCNL4020()
 .text._ZN5amiro8VCNL4020D0Ev
                0x08017930       0x20 build/obj/vcnl4020.o
                0x08017930                amiro::VCNL4020::~VCNL4020()
 .text._ZN10chibios_rt16BaseStaticThreadILi256EE5startEm
                0x08017950       0x30 build/obj/vcnl4020.o
                0x08017950                chibios_rt::BaseStaticThread<256>::start(unsigned long)
 .text._ZN5amiro8VCNL4020C2EPNS_9I2CDriverEPKNS0_14VCNL4020ConfigE
                0x08017980       0x40 build/obj/vcnl4020.o
                0x08017980                amiro::VCNL4020::VCNL4020(amiro::I2CDriver*, amiro::VCNL4020::VCNL4020Config const*)
                0x08017980                amiro::VCNL4020::VCNL4020(amiro::I2CDriver*, amiro::VCNL4020::VCNL4020Config const*)
 .text._ZN5amiro8VCNL402015getAmbientLightEv
                0x080179c0       0x10 build/obj/vcnl4020.o
                0x080179c0                amiro::VCNL4020::getAmbientLight()
 .text._ZN5amiro8VCNL402018setProximityOffsetEt
                0x080179d0       0x10 build/obj/vcnl4020.o
                0x080179d0                amiro::VCNL4020::setProximityOffset(unsigned short)
 .text._ZN5amiro8VCNL402018getProximityOffsetEv
                0x080179e0       0x10 build/obj/vcnl4020.o
                0x080179e0                amiro::VCNL4020::getProximityOffset()
 .text._ZN5amiro8VCNL402012getProximityEv
                0x080179f0       0x10 build/obj/vcnl4020.o
                0x080179f0                amiro::VCNL4020::getProximity()
 .text._ZN5amiro8VCNL402026getProximityScaledWoOffsetEv
                0x08017a00       0x50 build/obj/vcnl4020.o
                0x08017a00                amiro::VCNL4020::getProximityScaledWoOffset()
 .text._ZN5amiro8VCNL40208getCheckEv
                0x08017a50       0x60 build/obj/vcnl4020.o
                0x08017a50                amiro::VCNL4020::getCheck()
 .text._ZN5amiro8VCNL402015calibrateOffsetERt
                0x08017ab0       0x50 build/obj/vcnl4020.o
                0x08017ab0                amiro::VCNL4020::calibrateOffset(unsigned short&)
 .text._ZN5amiro8VCNL40209calibrateEv
                0x08017b00       0x20 build/obj/vcnl4020.o
                0x08017b00                amiro::VCNL4020::calibrate()
 .text._ZN5amiro6EEPROMC2EPK17BaseFileStreamVMTjhthPNS_9I2CDriverE
                0x08017b20       0x30 build/obj/eeprom.o
                0x08017b20                amiro::EEPROM::EEPROM(BaseFileStreamVMT const*, unsigned int, unsigned char, unsigned short, unsigned char, amiro::I2CDriver*)
                0x08017b20                amiro::EEPROM::EEPROM(BaseFileStreamVMT const*, unsigned int, unsigned char, unsigned short, unsigned char, amiro::I2CDriver*)
 .text._ZN5amiro6EEPROMD2Ev
                0x08017b50       0x10 build/obj/eeprom.o
                0x08017b50                amiro::EEPROM::~EEPROM()
                0x08017b50                amiro::EEPROM::~EEPROM()
 .text._ZN5amiro6EEPROM8geterrorEPv
                0x08017b60       0x10 build/obj/eeprom.o
                0x08017b60                amiro::EEPROM::geterror(void*)
 .text._ZN5amiro6EEPROM7getsizeEPv
                0x08017b70       0x10 build/obj/eeprom.o
                0x08017b70                amiro::EEPROM::getsize(void*)
 .text._ZN5amiro6EEPROM11getpositionEPv
                0x08017b80       0x10 build/obj/eeprom.o
                0x08017b80                amiro::EEPROM::getposition(void*)
 .text._ZN5amiro6EEPROM5lseekEPvm
                0x08017b90       0x10 build/obj/eeprom.o
                0x08017b90                amiro::EEPROM::lseek(void*, unsigned long)
 .text._ZN5amiro4AT245closeEPv
                0x08017ba0       0x10 build/obj/at24.o
                0x08017ba0                amiro::AT24::close(void*)
 .text._ZN5amiro4AT245writeEPvPKhj
                0x08017bb0      0x130 build/obj/at24.o
                0x08017bb0                amiro::AT24::write(void*, unsigned char const*, unsigned int)
 .text._ZN5amiro4AT24C2EjhtPNS_9I2CDriverE
                0x08017ce0       0x30 build/obj/at24.o
                0x08017ce0                amiro::AT24::AT24(unsigned int, unsigned char, unsigned short, amiro::I2CDriver*)
                0x08017ce0                amiro::AT24::AT24(unsigned int, unsigned char, unsigned short, amiro::I2CDriver*)
 .text._ZN5amiro4AT24D2Ev
                0x08017d10       0x10 build/obj/at24.o
                0x08017d10                amiro::AT24::~AT24()
                0x08017d10                amiro::AT24::~AT24()
 .text._ZN5amiro4AT248poll_ackEPv
                0x08017d20       0x80 build/obj/at24.o
                0x08017d20                amiro::AT24::poll_ack(void*)
 .text._ZN5amiro4AT244readEPvPhj
                0x08017da0       0xa0 build/obj/at24.o
                0x08017da0                amiro::AT24::read(void*, unsigned char*, unsigned int)
 .text._ZN5amiro12fileSystemIo16FileSystemIoBase8getCheckEv
                0x08017e40       0x70 build/obj/FileSystemInputOutputBase.o
                0x08017e40                amiro::fileSystemIo::FileSystemIoBase::getCheck()
 .text._ZN5amiro12fileSystemIo16FileSystemIoBase12initPreambleEhhb
                0x08017eb0      0x100 build/obj/FileSystemInputOutputBase.o
                0x08017eb0                amiro::fileSystemIo::FileSystemIoBase::initPreamble(unsigned char, unsigned char, bool)
 .text._ZN5amiro12fileSystemIo16FileSystemIoBase4initEv
                0x08017fb0       0xa0 build/obj/FileSystemInputOutputBase.o
                0x08017fb0                amiro::fileSystemIo::FileSystemIoBase::init()
 .text._ZN5amiro12fileSystemIo16FileSystemIoBase11resetMemoryEv
                0x08018050       0x10 build/obj/FileSystemInputOutputBase.o
                0x08018050                amiro::fileSystemIo::FileSystemIoBase::resetMemory()
 .text._ZN5amiro12fileSystemIo16FileSystemIoBase10getBoardIdEPh
                0x08018060       0x50 build/obj/FileSystemInputOutputBase.o
                0x08018060                amiro::fileSystemIo::FileSystemIoBase::getBoardId(unsigned char*)
 .text._ZN5amiro12fileSystemIo16FileSystemIoBase10setBoardIdEh
                0x080180b0       0x50 build/obj/FileSystemInputOutputBase.o
                0x080180b0                amiro::fileSystemIo::FileSystemIoBase::setBoardId(unsigned char)
 .text._ZN5amiro12fileSystemIo19FSIOPowerManagement17getVcnl4020OffsetEPth
                0x08018100       0x50 build/obj/FSIOPowerManagement.o
                0x08018100                amiro::fileSystemIo::FSIOPowerManagement::getVcnl4020Offset(unsigned short*, unsigned char)
 .text._ZN5amiro12fileSystemIo19FSIOPowerManagement17setVcnl4020OffsetEth
                0x08018150       0x50 build/obj/FSIOPowerManagement.o
                0x08018150                amiro::fileSystemIo::FSIOPowerManagement::setVcnl4020Offset(unsigned short, unsigned char)
 .text._ZN5amiro6MPR121D2Ev
                0x080181a0       0x10 build/obj/mpr121.o
                0x080181a0                amiro::MPR121::~MPR121()
                0x080181a0                amiro::MPR121::~MPR121()
 .text._ZN5amiro6MPR121D0Ev
                0x080181b0       0x20 build/obj/mpr121.o
                0x080181b0                amiro::MPR121::~MPR121()
 .text._ZN5amiro6MPR121C2EPNS_9I2CDriverEh
                0x080181d0       0x50 build/obj/mpr121.o
                0x080181d0                amiro::MPR121::MPR121(amiro::I2CDriver*, unsigned char)
                0x080181d0                amiro::MPR121::MPR121(amiro::I2CDriver*, unsigned char)
 .text._ZN5amiro6MPR12115getButtonStatusEv
                0x08018220       0x10 build/obj/mpr121.o
                0x08018220                amiro::MPR121::getButtonStatus()
 .text._ZN5amiro6MPR1219configureEPKNS0_12MPR121ConfigE
                0x08018230      0x110 build/obj/mpr121.o
                0x08018230                amiro::MPR121::configure(amiro::MPR121::MPR121Config const*)
 .text._ZN5amiro11ADConverterD2Ev
                0x08018340       0x10 build/obj/adconverter.o
                0x08018340                amiro::ADConverter::~ADConverter()
                0x08018340                amiro::ADConverter::~ADConverter()
 .text._ZN5amiro11ADConverterD0Ev
                0x08018350       0x20 build/obj/adconverter.o
                0x08018350                amiro::ADConverter::~ADConverter()
 .text._Z20adcVsysErrorCallbackP9ADCDriver10adcerror_t
                0x08018370       0x30 build/obj/adconverter.o
                0x08018370                adcVsysErrorCallback(ADCDriver*, adcerror_t)
 .text._ZN5amiro11ADConverter14enableWatchdogEb.part.1
                0x080183a0       0x20 build/obj/adconverter.o
 .text._ZL8chprintfP20BaseSequentialStreamPKcz.constprop.2
                0x080183c0       0x30 build/obj/adconverter.o
 .text._ZN5amiro11ADConverter6uV2AdcEm
                0x080183f0       0x70 build/obj/adconverter.o
                0x080183f0                amiro::ADConverter::uV2Adc(unsigned long)
 .text._ZN5amiro11ADConverter6adc2uVEt
                0x08018460       0x70 build/obj/adconverter.o
                0x08018460                amiro::ADConverter::adc2uV(unsigned short)
 .text._ZN5amiro11ADConverterC2ER9ADCDriverR18ADCConversionGroupm
                0x080184d0       0x30 build/obj/adconverter.o
                0x080184d0                amiro::ADConverter::ADConverter(ADCDriver&, ADCConversionGroup&, unsigned long)
                0x080184d0                amiro::ADConverter::ADConverter(ADCDriver&, ADCConversionGroup&, unsigned long)
 .text._ZN5amiro11ADConverter14enableWatchdogEb
                0x08018500       0x20 build/obj/adconverter.o
                0x08018500                amiro::ADConverter::enableWatchdog(bool)
 .text._ZN5amiro6INA2196DriverD2Ev
                0x08018520       0x20 build/obj/ina219.o
                0x08018520                amiro::INA219::Driver::~Driver()
                0x08018520                amiro::INA219::Driver::~Driver()
 .text._ZN5amiro6INA2196Driver11calibrationEPNS0_9CalibDataE
                0x08018540      0x110 build/obj/ina219.o
                0x08018540                amiro::INA219::Driver::calibration(amiro::INA219::CalibData*)
 .text._ZN5amiro10BaseSensorINS_6INA2198InitDataENS1_9CalibDataEED2Ev
                0x08018650       0x10 build/obj/ina219.o
                0x08018650                amiro::BaseSensor<amiro::INA219::InitData, amiro::INA219::CalibData>::~BaseSensor()
                0x08018650                amiro::BaseSensor<amiro::INA219::InitData, amiro::INA219::CalibData>::~BaseSensor()
 .text._ZN5amiro10BaseSensorINS_6INA2198InitDataENS1_9CalibDataEE4initEPS2_
                0x08018660       0x10 build/obj/ina219.o
                0x08018660                amiro::BaseSensor<amiro::INA219::InitData, amiro::INA219::CalibData>::init(amiro::INA219::InitData*)
 .text._ZN5amiro10BaseSensorINS_6INA2198InitDataENS1_9CalibDataEE9hibernateEv
                0x08018670       0x10 build/obj/ina219.o
                0x08018670                amiro::BaseSensor<amiro::INA219::InitData, amiro::INA219::CalibData>::hibernate()
 .text._ZN5amiro10BaseSensorINS_6INA2198InitDataENS1_9CalibDataEE11calibrationEPS3_
                0x08018680       0x10 build/obj/ina219.o
                0x08018680                amiro::BaseSensor<amiro::INA219::InitData, amiro::INA219::CalibData>::calibration(amiro::INA219::CalibData*)
 .text._ZN5amiro10BaseSensorINS_6INA2198InitDataENS1_9CalibDataEE8selftestEv
                0x08018690       0x10 build/obj/ina219.o
                0x08018690                amiro::BaseSensor<amiro::INA219::InitData, amiro::INA219::CalibData>::selftest()
 .text._ZN5amiro6INA2196DriverD0Ev
                0x080186a0       0x20 build/obj/ina219.o
                0x080186a0                amiro::INA219::Driver::~Driver()
 .text._ZN5amiro10BaseSensorINS_6INA2198InitDataENS1_9CalibDataEED0Ev
                0x080186c0       0x20 build/obj/ina219.o
                0x080186c0                amiro::BaseSensor<amiro::INA219::InitData, amiro::INA219::CalibData>::~BaseSensor()
 .text._ZThn8_N5amiro6INA2196Driver4mainEv
                0x080186e0       0x10 build/obj/ina219.o
                0x080186e0                non-virtual thunk to amiro::INA219::Driver::main()
 .text._ZL8chprintfP20BaseSequentialStreamPKcz.constprop.3
                0x080186f0       0x30 build/obj/ina219.o
 .text._ZN5amiro6INA2196DriverC2ERNS_9I2CDriverEh
                0x08018720       0x80 build/obj/ina219.o
                0x08018720                amiro::INA219::Driver::Driver(amiro::I2CDriver&, unsigned char)
                0x08018720                amiro::INA219::Driver::Driver(amiro::I2CDriver&, unsigned char)
 .text._ZN5amiro6INA2196Driver12readRegisterENS1_15RegisterAddressERt
                0x080187a0       0xb0 build/obj/ina219.o
                0x080187a0                amiro::INA219::Driver::readRegister(amiro::INA219::Driver::RegisterAddress, unsigned short&)
 .text._ZN5amiro6INA2196Driver6updateEv
                0x08018850       0x70 build/obj/ina219.o
                0x08018850                amiro::INA219::Driver::update()
 .text._ZN5amiro6INA2196Driver14readBusVoltageEv
                0x080188c0       0x40 build/obj/ina219.o
                0x080188c0                amiro::INA219::Driver::readBusVoltage()
 .text._ZN5amiro6INA2196Driver19readShuntVoltage_uVEv
                0x08018900       0xa0 build/obj/ina219.o
                0x08018900                amiro::INA219::Driver::readShuntVoltage_uV()
 .text._ZN5amiro6INA2196Driver13writeRegisterENS1_15RegisterAddressERKt
                0x080189a0       0x80 build/obj/ina219.o
                0x080189a0                amiro::INA219::Driver::writeRegister(amiro::INA219::Driver::RegisterAddress, unsigned short const&)
 .text._ZN5amiro6INA2196Driver4initEPNS0_8InitDataE
                0x08018a20       0x60 build/obj/ina219.o
                0x08018a20                amiro::INA219::Driver::init(amiro::INA219::InitData*)
 .text._ZN5amiro6INA2196Driver6wakeupEv
                0x08018a80       0x20 build/obj/ina219.o
                0x08018a80                amiro::INA219::Driver::wakeup()
 .text._ZN5amiro6INA2196Driver9hibernateEv
                0x08018aa0       0x30 build/obj/ina219.o
                0x08018aa0                amiro::INA219::Driver::hibernate()
 .text._ZN5amiro6INA2196Driver8selftestEv
                0x08018ad0      0x280 build/obj/ina219.o
                0x08018ad0                amiro::INA219::Driver::selftest()
 .text._ZN5amiro7BQ275006DriverD2Ev
                0x08018d50       0x20 build/obj/bq27500.o
                0x08018d50                amiro::BQ27500::Driver::~Driver()
                0x08018d50                amiro::BQ27500::Driver::~Driver()
 .text._ZN5amiro10BaseSensorINS_7BQ275008InitDataENS1_9CalibDataEED2Ev
                0x08018d70       0x10 build/obj/bq27500.o
                0x08018d70                amiro::BaseSensor<amiro::BQ27500::InitData, amiro::BQ27500::CalibData>::~BaseSensor()
                0x08018d70                amiro::BaseSensor<amiro::BQ27500::InitData, amiro::BQ27500::CalibData>::~BaseSensor()
 .text._ZN5amiro10BaseSensorINS_7BQ275008InitDataENS1_9CalibDataEE4initEPS2_
                0x08018d80       0x10 build/obj/bq27500.o
                0x08018d80                amiro::BaseSensor<amiro::BQ27500::InitData, amiro::BQ27500::CalibData>::init(amiro::BQ27500::InitData*)
 .text._ZN5amiro10BaseSensorINS_7BQ275008InitDataENS1_9CalibDataEE9hibernateEv
                0x08018d90       0x10 build/obj/bq27500.o
                0x08018d90                amiro::BaseSensor<amiro::BQ27500::InitData, amiro::BQ27500::CalibData>::hibernate()
 .text._ZN5amiro10BaseSensorINS_7BQ275008InitDataENS1_9CalibDataEE11calibrationEPS3_
                0x08018da0       0x10 build/obj/bq27500.o
                0x08018da0                amiro::BaseSensor<amiro::BQ27500::InitData, amiro::BQ27500::CalibData>::calibration(amiro::BQ27500::CalibData*)
 .text._ZN5amiro10BaseSensorINS_7BQ275008InitDataENS1_9CalibDataEE8selftestEv
                0x08018db0       0x10 build/obj/bq27500.o
                0x08018db0                amiro::BaseSensor<amiro::BQ27500::InitData, amiro::BQ27500::CalibData>::selftest()
 .text._ZN5amiro7BQ275006DriverD0Ev
                0x08018dc0       0x20 build/obj/bq27500.o
                0x08018dc0                amiro::BQ27500::Driver::~Driver()
 .text._ZN5amiro10BaseSensorINS_7BQ275008InitDataENS1_9CalibDataEED0Ev
                0x08018de0       0x20 build/obj/bq27500.o
                0x08018de0                amiro::BaseSensor<amiro::BQ27500::InitData, amiro::BQ27500::CalibData>::~BaseSensor()
 .text._ZThn8_N5amiro7BQ275006Driver4mainEv
                0x08018e00       0x10 build/obj/bq27500.o
                0x08018e00                non-virtual thunk to amiro::BQ27500::Driver::main()
 .text._ZL8chprintfP20BaseSequentialStreamPKcz.constprop.0
                0x08018e10       0x30 build/obj/bq27500.o
 .text._ZN5amiro7BQ275006Driver4initEPNS0_8InitDataE
                0x08018e40       0x20 build/obj/bq27500.o
                0x08018e40                amiro::BQ27500::Driver::init(amiro::BQ27500::InitData*)
 .text._ZN5amiro7BQ275006DriverC2ERNS_9I2CDriverERK12GPIO_TypeDefhS6_h
                0x08018e60       0x70 build/obj/bq27500.o
                0x08018e60                amiro::BQ27500::Driver::Driver(amiro::I2CDriver&, GPIO_TypeDef const&, unsigned char, GPIO_TypeDef const&, unsigned char)
                0x08018e60                amiro::BQ27500::Driver::Driver(amiro::I2CDriver&, GPIO_TypeDef const&, unsigned char, GPIO_TypeDef const&, unsigned char)
 .text._ZNK5amiro7BQ275006Driver13isBatteryGoodEv
                0x08018ed0       0x20 build/obj/bq27500.o
                0x08018ed0                amiro::BQ27500::Driver::isBatteryGood() const
 .text._ZNK5amiro7BQ275006Driver9getStatusEv
                0x08018ef0       0x10 build/obj/bq27500.o
                0x08018ef0                amiro::BQ27500::Driver::getStatus() const
 .text._ZN5amiro7BQ275006Driver10stdCommandENS1_15StandardCommandERt
                0x08018f00       0x90 build/obj/bq27500.o
                0x08018f00                amiro::BQ27500::Driver::stdCommand(amiro::BQ27500::Driver::StandardCommand, unsigned short&)
 .text._ZN5amiro7BQ275006Driver6updateEv
                0x08018f90       0x50 build/obj/bq27500.o
                0x08018f90                amiro::BQ27500::Driver::update()
 .text._ZN5amiro7BQ275006Driver10subCommandENS1_17ControlSubcommandEPt
                0x08018fe0       0xd0 build/obj/bq27500.o
                0x08018fe0                amiro::BQ27500::Driver::subCommand(amiro::BQ27500::Driver::ControlSubcommand, unsigned short*)
 .text._ZN5amiro7BQ275006Driver6wakeupEv
                0x080190b0       0x20 build/obj/bq27500.o
                0x080190b0                amiro::BQ27500::Driver::wakeup()
 .text._ZN5amiro7BQ275006Driver9hibernateEv
                0x080190d0       0x20 build/obj/bq27500.o
                0x080190d0                amiro::BQ27500::Driver::hibernate()
 .text._ZN5amiro7BQ275006Driver10extCommandENS1_15ExtendedCommandENS1_21ExtendedCommandAccessEPhhh
                0x080190f0      0x100 build/obj/bq27500.o
                0x080190f0                amiro::BQ27500::Driver::extCommand(amiro::BQ27500::Driver::ExtendedCommand, amiro::BQ27500::Driver::ExtendedCommandAccess, unsigned char*, unsigned char, unsigned char)
 .text._ZN5amiro7BQ275006Driver8selftestEv
                0x080191f0      0x560 build/obj/bq27500.o
                0x080191f0                amiro::BQ27500::Driver::selftest()
 .text._ZN5amiro7BQ275006Driver18readDataFlashBlockERNS1_14DataFlashBlockENS1_19DataFlashSubClassIDEh
                0x08019750       0x60 build/obj/bq27500.o
                0x08019750                amiro::BQ27500::Driver::readDataFlashBlock(amiro::BQ27500::Driver::DataFlashBlock&, amiro::BQ27500::Driver::DataFlashSubClassID, unsigned char)
 .text._ZN5amiro7BQ275006Driver11calibrationEPNS0_9CalibDataE
                0x080197b0       0x80 build/obj/bq27500.o
                0x080197b0                amiro::BQ27500::Driver::calibration(amiro::BQ27500::CalibData*)
 .text._ZN5amiro19BluetoothDescriptorC2Ev
                0x08019830       0x20 build/obj/bluetooth-descriptor.o
                0x08019830                amiro::BluetoothDescriptor::BluetoothDescriptor()
                0x08019830                amiro::BluetoothDescriptor::BluetoothDescriptor()
 .text._ZN5amiro19BluetoothDescriptor28bluetoothDescriptorSetLinkIdEh
                0x08019850       0x10 build/obj/bluetooth-descriptor.o
                0x08019850                amiro::BluetoothDescriptor::bluetoothDescriptorSetLinkId(unsigned char)
 .text._ZN5amiro19BluetoothDescriptor35bluetoothDescriptorSetPayloadLengthEj
                0x08019860       0x10 build/obj/bluetooth-descriptor.o
                0x08019860                amiro::BluetoothDescriptor::bluetoothDescriptorSetPayloadLength(unsigned int)
 .text._ZN5amiro19BluetoothDescriptor28bluetoothDescriptorGetLinkIdEv
                0x08019870       0x10 build/obj/bluetooth-descriptor.o
                0x08019870                amiro::BluetoothDescriptor::bluetoothDescriptorGetLinkId()
 .text._ZN5amiro19BluetoothDescriptor34bluetoothDescriptorGetBufferLengthEv
                0x08019880       0x10 build/obj/bluetooth-descriptor.o
                0x08019880                amiro::BluetoothDescriptor::bluetoothDescriptorGetBufferLength()
 .text._ZN5amiro19BluetoothDescriptor35bluetoothDescriptorGetPayloadLengthEv
                0x08019890       0x10 build/obj/bluetooth-descriptor.o
                0x08019890                amiro::BluetoothDescriptor::bluetoothDescriptorGetPayloadLength()
 .text._ZN5amiro19BluetoothDescriptor29bluetoothDescriptorGetPayloadEv
                0x080198a0       0x10 build/obj/bluetooth-descriptor.o
                0x080198a0                amiro::BluetoothDescriptor::bluetoothDescriptorGetPayload()