Archive member included because of file (symbol)

/homes/skollbach/Downloads/ASE/gcc-arm-embedded/gcc-arm-none-eabi-4_8-2014q1/bin/../lib/gcc/arm-none-eabi/4.8.3/../../../../arm-none-eabi/lib/armv7-m/libstdc++.a(pure.o)
                              build/obj/HWI2CDriver.o (__cxa_pure_virtual)
/homes/skollbach/Downloads/ASE/gcc-arm-embedded/gcc-arm-none-eabi-4_8-2014q1/bin/../lib/gcc/arm-none-eabi/4.8.3/../../../../arm-none-eabi/lib/armv7-m/libstdc++.a(del_op.o)
                              build/obj/HWSPIDriver.o (operator delete(void*))
/homes/skollbach/Downloads/ASE/gcc-arm-embedded/gcc-arm-none-eabi-4_8-2014q1/bin/../lib/gcc/arm-none-eabi/4.8.3/../../../../arm-none-eabi/lib/armv7-m/libstdc++.a(eh_terminate.o)
                              /homes/skollbach/Downloads/ASE/gcc-arm-embedded/gcc-arm-none-eabi-4_8-2014q1/bin/../lib/gcc/arm-none-eabi/4.8.3/../../../../arm-none-eabi/lib/armv7-m/libstdc++.a(pure.o) (std::terminate())
/homes/skollbach/Downloads/ASE/gcc-arm-embedded/gcc-arm-none-eabi-4_8-2014q1/bin/../lib/gcc/arm-none-eabi/4.8.3/../../../../arm-none-eabi/lib/armv7-m/libstdc++.a(eh_unex_handler.o)
                              /homes/skollbach/Downloads/ASE/gcc-arm-embedded/gcc-arm-none-eabi-4_8-2014q1/bin/../lib/gcc/arm-none-eabi/4.8.3/../../../../arm-none-eabi/lib/armv7-m/libstdc++.a(eh_terminate.o) (__cxxabiv1::__unexpected_handler)
/homes/skollbach/Downloads/ASE/gcc-arm-embedded/gcc-arm-none-eabi-4_8-2014q1/bin/../lib/gcc/arm-none-eabi/4.8.3/../../../../arm-none-eabi/lib/armv7-m/libstdc++.a(eh_catch.o)
                              /homes/skollbach/Downloads/ASE/gcc-arm-embedded/gcc-arm-none-eabi-4_8-2014q1/bin/../lib/gcc/arm-none-eabi/4.8.3/../../../../arm-none-eabi/lib/armv7-m/libstdc++.a(eh_terminate.o) (__cxa_begin_catch)
/homes/skollbach/Downloads/ASE/gcc-arm-embedded/gcc-arm-none-eabi-4_8-2014q1/bin/../lib/gcc/arm-none-eabi/4.8.3/../../../../arm-none-eabi/lib/armv7-m/libstdc++.a(atexit_arm.o)
                              build/obj/main.o (__aeabi_atexit)
/homes/skollbach/Downloads/ASE/gcc-arm-embedded/gcc-arm-none-eabi-4_8-2014q1/bin/../lib/gcc/arm-none-eabi/4.8.3/../../../../arm-none-eabi/lib/armv7-m/libstdc++.a(eh_term_handler.o)
                              /homes/skollbach/Downloads/ASE/gcc-arm-embedded/gcc-arm-none-eabi-4_8-2014q1/bin/../lib/gcc/arm-none-eabi/4.8.3/../../../../arm-none-eabi/lib/armv7-m/libstdc++.a(eh_terminate.o) (__cxxabiv1::__terminate_handler)
/homes/skollbach/Downloads/ASE/gcc-arm-embedded/gcc-arm-none-eabi-4_8-2014q1/bin/../lib/gcc/arm-none-eabi/4.8.3/../../../../arm-none-eabi/lib/armv7-m/libstdc++.a(eh_arm.o)
                              /homes/skollbach/Downloads/ASE/gcc-arm-embedded/gcc-arm-none-eabi-4_8-2014q1/bin/../lib/gcc/arm-none-eabi/4.8.3/../../../../arm-none-eabi/lib/armv7-m/libstdc++.a(eh_terminate.o) (__cxa_end_cleanup)
/homes/skollbach/Downloads/ASE/gcc-arm-embedded/gcc-arm-none-eabi-4_8-2014q1/bin/../lib/gcc/arm-none-eabi/4.8.3/../../../../arm-none-eabi/lib/armv7-m/libstdc++.a(eh_call.o)
                              /homes/skollbach/Downloads/ASE/gcc-arm-embedded/gcc-arm-none-eabi-4_8-2014q1/bin/../lib/gcc/arm-none-eabi/4.8.3/../../../../arm-none-eabi/lib/armv7-m/libstdc++.a(eh_terminate.o) (__cxa_call_unexpected)
/homes/skollbach/Downloads/ASE/gcc-arm-embedded/gcc-arm-none-eabi-4_8-2014q1/bin/../lib/gcc/arm-none-eabi/4.8.3/../../../../arm-none-eabi/lib/armv7-m/libstdc++.a(eh_personality.o)
                              /homes/skollbach/Downloads/ASE/gcc-arm-embedded/gcc-arm-none-eabi-4_8-2014q1/bin/../lib/gcc/arm-none-eabi/4.8.3/../../../../arm-none-eabi/lib/armv7-m/libstdc++.a(eh_terminate.o) (__gxx_personality_v0)
/homes/skollbach/Downloads/ASE/gcc-arm-embedded/gcc-arm-none-eabi-4_8-2014q1/bin/../lib/gcc/arm-none-eabi/4.8.3/../../../../arm-none-eabi/lib/armv7-m/libstdc++.a(eh_globals.o)
                              /homes/skollbach/Downloads/ASE/gcc-arm-embedded/gcc-arm-none-eabi-4_8-2014q1/bin/../lib/gcc/arm-none-eabi/4.8.3/../../../../arm-none-eabi/lib/armv7-m/libstdc++.a(eh_catch.o) (__cxa_get_globals_fast)
/homes/skollbach/Downloads/ASE/gcc-arm-embedded/gcc-arm-none-eabi-4_8-2014q1/bin/../lib/gcc/arm-none-eabi/4.8.3/../../../../arm-none-eabi/lib/armv7-m/libstdc++.a(vterminate.o)
                              /homes/skollbach/Downloads/ASE/gcc-arm-embedded/gcc-arm-none-eabi-4_8-2014q1/bin/../lib/gcc/arm-none-eabi/4.8.3/../../../../arm-none-eabi/lib/armv7-m/libstdc++.a(eh_term_handler.o) (__gnu_cxx::__verbose_terminate_handler())
/homes/skollbach/Downloads/ASE/gcc-arm-embedded/gcc-arm-none-eabi-4_8-2014q1/bin/../lib/gcc/arm-none-eabi/4.8.3/../../../../arm-none-eabi/lib/armv7-m/libstdc++.a(eh_throw.o)
                              /homes/skollbach/Downloads/ASE/gcc-arm-embedded/gcc-arm-none-eabi-4_8-2014q1/bin/../lib/gcc/arm-none-eabi/4.8.3/../../../../arm-none-eabi/lib/armv7-m/libstdc++.a(eh_call.o) (__cxa_throw)
[...]
Memory Configuration

Name             Origin             Length             Attributes
flash            0x08006000         0x0007a000
ram              0x20000000         0x00010000
*default*        0x00000000         0xffffffff

Linker script and memory map

LOAD build/obj/crt0.o
LOAD build/obj/vectors.o
LOAD build/obj/chcore.o
LOAD build/obj/chcore_v7m.o
LOAD build/obj/nvic.o
LOAD build/obj/chsys.o
LOAD build/obj/chdebug.o
LOAD build/obj/chlists.o
LOAD build/obj/chvt.o
LOAD build/obj/chschd.o
LOAD build/obj/chthreads.o
LOAD build/obj/chdynamic.o
LOAD build/obj/chregistry.o
LOAD build/obj/chsem.o
LOAD build/obj/chmtx.o
LOAD build/obj/chcond.o
LOAD build/obj/chevents.o
LOAD build/obj/chmsg.o
LOAD build/obj/chmboxes.o
LOAD build/obj/chqueues.o
LOAD build/obj/chmemcore.o
LOAD build/obj/chheap.o
LOAD build/obj/chmempools.o
LOAD build/obj/hal.o
LOAD build/obj/adc.o
LOAD build/obj/can.o
LOAD build/obj/ext.o
LOAD build/obj/gpt.o
LOAD build/obj/i2c.o
LOAD build/obj/icu.o
LOAD build/obj/mac.o
LOAD build/obj/mmc_spi.o
LOAD build/obj/mmcsd.o
LOAD build/obj/pal.o
LOAD build/obj/pwm.o
LOAD build/obj/rtc.o
LOAD build/obj/sdc.o
LOAD build/obj/serial.o
LOAD build/obj/serial_usb.o
LOAD build/obj/spi.o
LOAD build/obj/tm.o
LOAD build/obj/uart.o
LOAD build/obj/usb.o
LOAD build/obj/stm32_dma.o
LOAD build/obj/hal_lld.o
LOAD build/obj/adc_lld.o
LOAD build/obj/ext_lld_isr.o
LOAD build/obj/can_lld.o
LOAD build/obj/ext_lld.o
LOAD build/obj/mac_lld.o
LOAD build/obj/sdc_lld.o
LOAD build/obj/pal_lld.o
LOAD build/obj/i2c_lld.o
LOAD build/obj/rtc_lld.o
LOAD build/obj/spi_lld.o
LOAD build/obj/gpt_lld.o
LOAD build/obj/icu_lld.o
LOAD build/obj/pwm_lld.o
LOAD build/obj/serial_lld.o
LOAD build/obj/uart_lld.o
LOAD build/obj/usb_lld.o
LOAD build/obj/board.o
LOAD build/obj/evtimer.o
LOAD build/obj/syscalls.o
LOAD build/obj/chprintf.o
LOAD build/obj/shell.o
LOAD build/obj/memstreams.o
LOAD build/obj/stubs.o
LOAD build/obj/Debug.o
LOAD build/obj/ch.o
LOAD build/obj/Color.o
LOAD build/obj/HWSPIDriver.o
LOAD build/obj/HWI2CDriver.o
LOAD build/obj/tlc5947.o
LOAD build/obj/a2500r24a.o
LOAD build/obj/eeprom.o
LOAD build/obj/at24.o
LOAD build/obj/FileSystemInputOutputBase.o
LOAD build/obj/FSIOLightRing.o
LOAD build/obj/ControllerAreaNetworkRx.o
LOAD build/obj/ControllerAreaNetworkTx.o
LOAD build/obj/Lidar.o
LOAD build/obj/serial_can_mux.o
LOAD build/obj/LightRing.o
LOAD build/obj/userthread.o
LOAD build/obj/main.o
LOAD build/obj/exti.o
                0x00000400                __main_stack_size__ = 0x400
                0x00000400                __process_stack_size__ = 0x400
                0x20000000                __ram_start__ = ORIGIN (ram)
                0x00010000                __ram_size__ = 0x10000
                0x20010000                __ram_end__ = (__ram_start__ + __ram_size__)
                0x08006150                __crc_start__ = (ORIGIN (flash) + 0x150)
                0x00000000                . = 0x0
                0x00000000                _text = .

startup         0x08006000      0x130
 *(vectors)
 vectors        0x08006000      0x130 build/obj/vectors.o
                0x08006000                _vectors

crc             0x08006150        0x4
                0x08006150        0x4 LONG 0x55aa11ee

constructors    0x08006154       0x1c
                0x08006154                PROVIDE (__init_array_start, .)
 *(SORT(.init_array.*))
 *(.init_array)
 .init_array    0x08006154        0x4 build/obj/ControllerAreaNetworkRx.o
 .init_array    0x08006158        0x4 build/obj/ControllerAreaNetworkTx.o
 .init_array    0x0800615c        0x4 build/obj/Lidar.o
 .init_array    0x08006160        0x4 build/obj/serial_can_mux.o
 .init_array    0x08006164        0x4 build/obj/LightRing.o
 .init_array    0x08006168        0x4 build/obj/userthread.o
 .init_array    0x0800616c        0x4 build/obj/main.o
                0x08006170                PROVIDE (__init_array_end, .)

destructors     0x08006170        0x0
                0x08006170                PROVIDE (__fini_array_start, .)
 *(.fini_array)
 *(SORT(.fini_array.*))
                0x08006170                PROVIDE (__fini_array_end, .)

.text           0x08006170    0x18edc
 *(.text.startup.*)
 .text.startup._ZN10chibios_rt10BaseThread4mainEv
                0x08006170       0x10 build/obj/ch.o
                0x08006170                chibios_rt::BaseThread::main()
 .text.startup._ZN5amiro7TLC59474mainEv
                0x08006180      0x170 build/obj/tlc5947.o
                0x08006180                amiro::TLC5947::main()
 .text.startup._ZN5amiro9A2500R24A4mainEv
                0x080062f0       0x30 build/obj/a2500r24a.o
                0x080062f0                amiro::A2500R24A::main()
 .text.startup._ZN5amiro23ControllerAreaNetworkRx4mainEv
                0x08006320       0x90 build/obj/ControllerAreaNetworkRx.o
                0x08006320                amiro::ControllerAreaNetworkRx::main()
 .text.startup._GLOBAL__sub_I__ZN5amiro23ControllerAreaNetworkRxC2EP9CANDriverh
                0x080063b0       0x20 build/obj/ControllerAreaNetworkRx.o
 .text.startup._ZN5amiro23ControllerAreaNetworkTx4mainEv
                0x080063d0       0x80 build/obj/ControllerAreaNetworkTx.o
                0x080063d0                amiro::ControllerAreaNetworkTx::main()
 .text.startup._GLOBAL__sub_I__ZN5amiro23ControllerAreaNetworkTxC2EP9CANDriverh
                0x08006450       0x20 build/obj/ControllerAreaNetworkTx.o
 .text.startup._ZN5amiro5Lidar4mainEv
                0x08006470      0x130 build/obj/Lidar.o
                0x08006470                amiro::Lidar::main()
 .text.startup._GLOBAL__sub_I__ZN5amiro5Lidar11scannedDataE
                0x080065a0       0x20 build/obj/Lidar.o
 .text.startup._GLOBAL__sub_I__ZN5amiro12SerialCanMuxC2EP12SerialDriverP9CANDriverh
                0x080065c0       0x20 build/obj/serial_can_mux.o
 .text.startup._GLOBAL__sub_I__ZN5amiro9LightRingC2EP9CANDriverPNS_7TLC5947EPNS_12fileSystemIo13FSIOLightRingE
                0x080065e0       0x20 build/obj/LightRing.o
 .text.startup._ZN5amiro10UserThread4mainEv
                0x08006600       0x20 build/obj/userthread.o
                0x08006600                amiro::UserThread::main()
 .text.startup._GLOBAL__sub_I__ZN5amiro10UserThreadC2Ev
                0x08006620       0x20 build/obj/userthread.o
 .text.startup.main
                0x08006640      0x390 build/obj/main.o
                0x08006640                main
 .text.startup._GLOBAL__sub_I_global
                0x080069d0       0x40 build/obj/main.o
 *(.text)
 .text          0x08006a10     0x57a0 /homes/skollbach/Downloads/ASE/gcc-arm-embedded/gcc-arm-none-eabi-4_8-2014q1/bin/../lib/gcc/arm-none-eabi/4.8.3/../../../../arm-none-eabi/lib/armv7-m/libstdc++.a(cp-demangle.o)
                0x0800c0d0                __cxa_demangle
                0x0800c194                __gcclibcxx_demangle_callback
 .text          0x0800c1b0      0x370 /homes/skollbach/Downloads/ASE/gcc-arm-embedded/gcc-arm-none-eabi-4_8-2014q1/bin/../lib/gcc/arm-none-eabi/4.8.3/armv7-m/libgcc.a(_arm_addsubdf3.o)
                0x0800c1b0                __aeabi_drsub
                0x0800c1b8                __aeabi_dsub
                0x0800c1b8                __subdf3
                0x0800c1bc                __adddf3
                0x0800c1bc                __aeabi_dadd
                0x0800c434                __aeabi_ui2d
                0x0800c434                __floatunsidf
                0x0800c454                __floatsidf
                0x0800c454                __aeabi_i2d
                0x0800c478                __extendsfdf2
                0x0800c478                __aeabi_f2d
                0x0800c4b4                __aeabi_ul2d
                0x0800c4b4                __floatundidf
                0x0800c4c4                __floatdidf
                0x0800c4c4                __aeabi_l2d
 .text          0x0800c520      0x424 /homes/skollbach/Downloads/ASE/gcc-arm-embedded/gcc-arm-none-eabi-4_8-2014q1/bin/../lib/gcc/arm-none-eabi/4.8.3/armv7-m/libgcc.a(_arm_muldivdf3.o)
                0x0800c520                __aeabi_dmul
                0x0800c520                __muldf3
                0x0800c774                __aeabi_ddiv
                0x0800c774                __divdf3
 *fill*         0x0800c944        0xc 
 .text          0x0800c950       0x50 /homes/skollbach/Downloads/ASE/gcc-arm-embedded/gcc-arm-none-eabi-4_8-2014q1/bin/../lib/gcc/arm-none-eabi/4.8.3/armv7-m/libgcc.a(_arm_fixdfsi.o)
                0x0800c950                __fixdfsi
                0x0800c950                __aeabi_d2iz
 .text          0x0800c9a0       0xa0 /homes/skollbach/Downloads/ASE/gcc-arm-embedded/gcc-arm-none-eabi-4_8-2014q1/bin/../lib/gcc/arm-none-eabi/4.8.3/armv7-m/libgcc.a(_arm_truncdfsf2.o)
                0x0800c9a0                __aeabi_d2f
                0x0800c9a0                __truncdfsf2
 .text          0x0800ca40      0x21c /homes/skollbach/Downloads/ASE/gcc-arm-embedded/gcc-arm-none-eabi-4_8-2014q1/bin/../lib/gcc/arm-none-eabi/4.8.3/armv7-m/libgcc.a(_arm_addsubsf3.o)
                0x0800ca40                __aeabi_frsub
                0x0800ca48                __subsf3
                0x0800ca48                __aeabi_fsub
                0x0800ca4c                __aeabi_fadd
                0x0800ca4c                __addsf3
                0x0800cbac                __aeabi_ui2f
                0x0800cbac                __floatunsisf
                0x0800cbb4                __aeabi_i2f
                0x0800cbb4                __floatsisf
                0x0800cbd0                __floatundisf
                0x0800cbd0                __aeabi_ul2f
                0x0800cbe0                __floatdisf
                0x0800cbe0                __aeabi_l2f
 *fill*         0x0800cc5c        0x4 
 .text          0x0800cc60      0x2a0 /homes/skollbach/Downloads/ASE/gcc-arm-embedded/gcc-arm-none-eabi-4_8-2014q1/bin/../lib/gcc/arm-none-eabi/4.8.3/armv7-m/libgcc.a(_arm_muldivsf3.o)
                0x0800cc60                __mulsf3
                0x0800cc60                __aeabi_fmul
                0x0800cdc8                __divsf3
                0x0800cdc8                __aeabi_fdiv
 .text          0x0800cf00       0xec /homes/skollbach/Downloads/ASE/gcc-arm-embedded/gcc-arm-none-eabi-4_8-2014q1/bin/../lib/gcc/arm-none-eabi/4.8.3/armv7-m/libgcc.a(_arm_cmpsf2.o)
                0x0800cf00                __gtsf2
                0x0800cf00                __gesf2
                0x0800cf08                __lesf2
                0x0800cf08                __ltsf2
                0x0800cf10                __nesf2
                0x0800cf10                __eqsf2
                0x0800cf10                __cmpsf2
                0x0800cf70                __aeabi_cfrcmple
                0x0800cf78                __aeabi_cfcmple
                0x0800cf78                __aeabi_cfcmpeq
                0x0800cf88                __aeabi_fcmpeq
                0x0800cf9c                __aeabi_fcmplt
                0x0800cfb0                __aeabi_fcmple
                0x0800cfc4                __aeabi_fcmpge
                0x0800cfd8                __aeabi_fcmpgt
 *fill*         0x0800cfec        0x4 
 .text          0x0800cff0       0x4c /homes/skollbach/Downloads/ASE/gcc-arm-embedded/gcc-arm-none-eabi-4_8-2014q1/bin/../lib/gcc/arm-none-eabi/4.8.3/armv7-m/libgcc.a(_arm_fixsfsi.o)
                0x0800cff0                __fixsfsi
                0x0800cff0                __aeabi_f2iz
 *fill*         0x0800d03c        0x4 
 .text          0x0800d040      0xa28 /homes/skollbach/Downloads/ASE/gcc-arm-embedded/gcc-arm-none-eabi-4_8-2014q1/bin/../lib/gcc/arm-none-eabi/4.8.3/armv7-m/libgcc.a(unwind-arm.o)
                0x0800d324                _Unwind_GetCFA
                0x0800d328                __gnu_Unwind_RaiseException
                0x0800d388                __gnu_Unwind_ForcedUnwind
                0x0800d39c                __gnu_Unwind_Resume
                0x0800d3e0                __gnu_Unwind_Resume_or_Rethrow
                0x0800d3fc                _Unwind_Complete
                0x0800d400                _Unwind_DeleteException
                0x0800d410                _Unwind_VRS_Get
                0x0800d460                _Unwind_VRS_Set
                0x0800d4b0                __gnu_Unwind_Backtrace
                0x0800d804                __aeabi_unwind_cpp_pr0
                0x0800d80c                __aeabi_unwind_cpp_pr1
                0x0800d814                __aeabi_unwind_cpp_pr2
                0x0800d81c                _Unwind_VRS_Pop
 *fill*         0x0800da68        0x8 
 .text          0x0800da70      0x1ac /homes/skollbach/Downloads/ASE/gcc-arm-embedded/gcc-arm-none-eabi-4_8-2014q1/bin/../lib/gcc/arm-none-eabi/4.8.3/armv7-m/libgcc.a(libunwind.o)
                0x0800da70                __restore_core_regs
                0x0800da70                restore_core_regs
                0x0800da88                __gnu_Unwind_Restore_VFP
                0x0800da90                __gnu_Unwind_Save_VFP
                0x0800da98                __gnu_Unwind_Restore_VFP_D
                0x0800daa0                __gnu_Unwind_Save_VFP_D
                0x0800daa8                __gnu_Unwind_Restore_VFP_D_16_to_31
                0x0800dab0                __gnu_Unwind_Save_VFP_D_16_to_31
                0x0800dab8                __gnu_Unwind_Restore_WMMXD
                0x0800dafc                __gnu_Unwind_Save_WMMXD
                0x0800db40                __gnu_Unwind_Restore_WMMXC
                0x0800db54                __gnu_Unwind_Save_WMMXC
                0x0800db68                ___Unwind_RaiseException
                0x0800db68                _Unwind_RaiseException
                0x0800db8c                ___Unwind_Resume
                0x0800db8c                _Unwind_Resume
                0x0800dbb0                _Unwind_Resume_or_Rethrow
                0x0800dbb0                ___Unwind_Resume_or_Rethrow
                0x0800dbd4                ___Unwind_ForcedUnwind
                0x0800dbd4                _Unwind_ForcedUnwind
                0x0800dbf8                _Unwind_Backtrace
                0x0800dbf8                ___Unwind_Backtrace
 *fill*         0x0800dc1c        0x4 
 .text          0x0800dc20      0x33c /homes/skollbach/Downloads/ASE/gcc-arm-embedded/gcc-arm-none-eabi-4_8-2014q1/bin/../lib/gcc/arm-none-eabi/4.8.3/armv7-m/libgcc.a(pr-support.o)
                0x0800dc74                __gnu_unwind_execute
                0x0800df04                __gnu_unwind_frame
                0x0800df2c                _Unwind_GetRegionStart
                0x0800df38                _Unwind_GetLanguageSpecificData
                0x0800df4c                _Unwind_GetDataRelBase
                0x0800df54                _Unwind_GetTextRelBase
 *fill*         0x0800df5c        0x4 
 .text          0x0800df60       0xec /homes/skollbach/Downloads/ASE/gcc-arm-embedded/gcc-arm-none-eabi-4_8-2014q1/bin/../lib/gcc/arm-none-eabi/4.8.3/../../../../arm-none-eabi/lib/armv7-m/libc.a(lib_a-memcpy.o)
                0x0800df60                memcpy
 *fill*         0x0800e04c        0x4 
 .text          0x0800e050      0x23c /homes/skollbach/Downloads/ASE/gcc-arm-embedded/gcc-arm-none-eabi-4_8-2014q1/bin/../lib/gcc/arm-none-eabi/4.8.3/../../../../arm-none-eabi/lib/armv7-m/libc.a(lib_a-strcmp.o)
                0x0800e050                strcmp
 *fill*         0x0800e28c        0x4 
 .text          0x0800e290      0x110 /homes/skollbach/Downloads/ASE/gcc-arm-embedded/gcc-arm-none-eabi-4_8-2014q1/bin/../lib/gcc/arm-none-eabi/4.8.3/armv7-m/libgcc.a(_arm_cmpdf2.o)
                0x0800e290                __gtdf2
                0x0800e290                __gedf2
                0x0800e298                __ltdf2
                0x0800e298                __ledf2
                0x0800e2a0                __cmpdf2
                0x0800e2a0                __eqdf2
                0x0800e2a0                __nedf2
                0x0800e31c                __aeabi_cdrcmple
                0x0800e32c                __aeabi_cdcmple
                0x0800e32c                __aeabi_cdcmpeq
                0x0800e33c                __aeabi_dcmpeq
                0x0800e350                __aeabi_dcmplt
                0x0800e364                __aeabi_dcmple
                0x0800e378                __aeabi_dcmpge
                0x0800e38c                __aeabi_dcmpgt
 .text          0x0800e3a0       0x2c /homes/skollbach/Downloads/ASE/gcc-arm-embedded/gcc-arm-none-eabi-4_8-2014q1/bin/../lib/gcc/arm-none-eabi/4.8.3/armv7-m/libgcc.a(_aeabi_uldivmod.o)
                0x0800e3a0                __aeabi_uldivmod
 *fill*         0x0800e3cc        0x4 
 .text          0x0800e3d0       0x60 /homes/skollbach/Downloads/ASE/gcc-arm-embedded/gcc-arm-none-eabi-4_8-2014q1/bin/../lib/gcc/arm-none-eabi/4.8.3/armv7-m/libgcc.a(bpabi.o)
                0x0800e3d0                __gnu_ldivmod_helper
                0x0800e400                __gnu_uldivmod_helper
 .text          0x0800e430        0x4 /homes/skollbach/Downloads/ASE/gcc-arm-embedded/gcc-arm-none-eabi-4_8-2014q1/bin/../lib/gcc/arm-none-eabi/4.8.3/armv7-m/libgcc.a(_dvmd_tls.o)
                0x0800e430                __aeabi_ldiv0
                0x0800e430                __aeabi_idiv0
 *fill*         0x0800e434        0xc 
 .text          0x0800e440      0x2a0 /homes/skollbach/Downloads/ASE/gcc-arm-embedded/gcc-arm-none-eabi-4_8-2014q1/bin/../lib/gcc/arm-none-eabi/4.8.3/armv7-m/libgcc.a(_divdi3.o)
                0x0800e440                __divdi3
 .text          0x0800e6e0      0x290 /homes/skollbach/Downloads/ASE/gcc-arm-embedded/gcc-arm-none-eabi-4_8-2014q1/bin/../lib/gcc/arm-none-eabi/4.8.3/armv7-m/libgcc.a(_udivdi3.o)
                0x0800e6e0                __udivdi3
 *(.text.*)
 .text.__late_init
                0x0800e970       0x10 build/obj/crt0.o
                0x0800e970                __late_init
 .text._default_exit
                0x0800e980       0x10 build/obj/crt0.o
                0x0800e980                _default_exit
 .text.ResetHandler
                0x0800e990      0x100 build/obj/crt0.o
                0x0800e990                ResetHandler
 .text._unhandled_exception
                0x0800ea90       0x10 build/obj/vectors.o
                0x0800ea90                VectorAC
                0x0800ea90                NMIVector
                0x0800ea90                Vector11C
                0x0800ea90                VectorDC
                0x0800ea90                Vector110
                0x0800ea90                VectorA8
                0x0800ea90                VectorB4
                0x0800ea90                VectorEC
                0x0800ea90                UsageFaultVector
                0x0800ea90                DebugMonitorVector
                0x0800ea90                Vector40
                0x0800ea90                VectorF8
                0x0800ea90                Vector108
                0x0800ea90                VectorBC
                0x0800ea90                PendSVVector
                0x0800ea90                Vector118
                0x0800ea90                VectorCC
                0x0800ea90                Vector54
                0x0800ea90                Vector24
                0x0800ea90                BusFaultVector
                0x0800ea90                VectorD0
                0x0800ea90                VectorC0
                0x0800ea90                HardFaultVector
                0x0800ea90                VectorF0
                0x0800ea90                Vector100
                0x0800ea90                VectorF4
                0x0800ea90                MemManageVector
                0x0800ea90                VectorA0
                0x0800ea90                VectorB0
                0x0800ea90                Vector114
                0x0800ea90                Vector1C
                0x0800ea90                Vector48
                0x0800ea90                Vector4C
                0x0800ea90                _unhandled_exception
                0x0800ea90                Vector88
                0x0800ea90                Vector104
                0x0800ea90                Vector10C
                0x0800ea90                Vector50
                0x0800ea90                Vector28
                0x0800ea90                VectorB8
                0x0800ea90                VectorFC
                0x0800ea90                Vector34
                0x0800ea90                VectorA4
                0x0800ea90                Vector20
 .text.port_halt
                0x0800eaa0       0x10 build/obj/chcore.o
                0x0800eaa0                port_halt
 .text._port_switch_from_isr
                0x0800eab0       0x10 build/obj/chcore_v7m.o
                0x0800eab0                _port_switch_from_isr
 .text.SVCallVector
                0x0800eac0       0x20 build/obj/chcore_v7m.o
                0x0800eac0                SVCallVector
 .text._port_init
                0x0800eae0       0x40 build/obj/chcore_v7m.o
                0x0800eae0                _port_init
 .text._port_irq_epilogue
                0x0800eb20       0x70 build/obj/chcore_v7m.o
                0x0800eb20                _port_irq_epilogue
 .text.SysTickVector
                0x0800eb90       0x30 build/obj/chcore_v7m.o
                0x0800eb90                SysTickVector
 .text._port_switch
                0x0800ebc0       0x10 build/obj/chcore_v7m.o
                0x0800ebc0                _port_switch
 .text._port_thread_start
                0x0800ebd0       0x20 build/obj/chcore_v7m.o
                0x0800ebd0                _port_thread_start
 .text.nvicEnableVector
                0x0800ebf0       0x50 build/obj/nvic.o
                0x0800ebf0                nvicEnableVector
 .text.nvicDisableVector
                0x0800ec40       0x50 build/obj/nvic.o
                0x0800ec40                nvicDisableVector
 .text.nvicSetSystemHandlerPriority
                0x0800ec90       0x30 build/obj/nvic.o
                0x0800ec90                nvicSetSystemHandlerPriority
 .text._idle_thread
                0x0800ecc0       0x20 build/obj/chsys.o
                0x0800ecc0                _idle_thread
 .text.chSysInit
                0x0800ece0       0x80 build/obj/chsys.o
                0x0800ece0                chSysInit
 .text.chSysTimerHandlerI
                0x0800ed60       0x70 build/obj/chsys.o
                0x0800ed60                chSysTimerHandlerI
 .text.dbg_check_enable
                0x0800edd0       0x40 build/obj/chdebug.o
                0x0800edd0                dbg_check_enable
 .text.dbg_check_lock
                0x0800ee10       0x40 build/obj/chdebug.o
                0x0800ee10                dbg_check_lock
 .text.dbg_check_unlock
                0x0800ee50       0x40 build/obj/chdebug.o
                0x0800ee50                dbg_check_unlock
 .text.dbg_check_lock_from_isr
                0x0800ee90       0x40 build/obj/chdebug.o
                0x0800ee90                dbg_check_lock_from_isr
 .text.dbg_check_unlock_from_isr
                0x0800eed0       0x40 build/obj/chdebug.o
                0x0800eed0                dbg_check_unlock_from_isr
 .text.dbg_check_enter_isr
                0x0800ef10       0x50 build/obj/chdebug.o
                0x0800ef10                dbg_check_enter_isr
 .text.dbg_check_leave_isr
                0x0800ef60       0x50 build/obj/chdebug.o
                0x0800ef60                dbg_check_leave_isr
 .text.chDbgCheckClassI
                0x0800efb0       0x40 build/obj/chdebug.o
                0x0800efb0                chDbgCheckClassI
 .text.chDbgCheckClassS
                0x0800eff0       0x40 build/obj/chdebug.o
                0x0800eff0                chDbgCheckClassS
 .text._trace_init
                0x0800f030       0x20 build/obj/chdebug.o
                0x0800f030                _trace_init
 .text.dbg_trace
                0x0800f050       0x50 build/obj/chdebug.o
                0x0800f050                dbg_trace
 .text.chDbgPanic
                0x0800f0a0       0x20 build/obj/chdebug.o
                0x0800f0a0                chDbgPanic
 .text._vt_init
                0x0800f0c0       0x20 build/obj/chvt.o
                0x0800f0c0                _vt_init
 .text.chVTSetI
                0x0800f0e0       0x60 build/obj/chvt.o
                0x0800f0e0                chVTSetI
 .text.chVTResetI
                0x0800f140       0x50 build/obj/chvt.o
                0x0800f140                chVTResetI
 .text._scheduler_init
                0x0800f190       0x20 build/obj/chschd.o
                0x0800f190                _scheduler_init
 .text.chSchReadyI
                0x0800f1b0       0x50 build/obj/chschd.o
                0x0800f1b0                chSchReadyI
 .text.wakeup   0x0800f200       0x60 build/obj/chschd.o
 .text.chSchGoSleepS
                0x0800f260       0x50 build/obj/chschd.o
                0x0800f260                chSchGoSleepS
 .text.chSchGoSleepTimeoutS
                0x0800f2b0       0x50 build/obj/chschd.o
                0x0800f2b0                chSchGoSleepTimeoutS
 .text.chSchWakeupS
                0x0800f300       0x70 build/obj/chschd.o
                0x0800f300                chSchWakeupS
 .text.chSchDoRescheduleBehind
                0x0800f370       0x50 build/obj/chschd.o
                0x0800f370                chSchDoRescheduleBehind
 .text.chSchDoRescheduleAhead
                0x0800f3c0       0x60 build/obj/chschd.o
                0x0800f3c0                chSchDoRescheduleAhead
 .text.chSchRescheduleS
                0x0800f420       0x30 build/obj/chschd.o
                0x0800f420                chSchRescheduleS
 .text.chSchDoReschedule
                0x0800f450       0x20 build/obj/chschd.o
                0x0800f450                chSchDoReschedule
 .text._thread_init
                0x0800f470       0x60 build/obj/chthreads.o
                0x0800f470                _thread_init
 .text.chThdCreateI
                0x0800f4d0       0xa0 build/obj/chthreads.o
                0x0800f4d0                chThdCreateI
 .text.chThdCreateStatic
                0x0800f570       0x50 build/obj/chthreads.o
                0x0800f570                chThdCreateStatic
 .text.chThdTerminate
                0x0800f5c0       0x30 build/obj/chthreads.o
                0x0800f5c0                chThdTerminate
 .text.chThdSleep
                0x0800f5f0       0x30 build/obj/chthreads.o
                0x0800f5f0                chThdSleep
 .text.chThdExitS
                0x0800f620       0x50 build/obj/chthreads.o
                0x0800f620                chThdExitS
 .text.chThdExit
                0x0800f670       0x20 build/obj/chthreads.o
                0x0800f670                chThdExit
 .text.chThdWait
                0x0800f690       0x80 build/obj/chthreads.o
                0x0800f690                chThdWait
 .text.chThdRelease
                0x0800f710       0x80 build/obj/chdynamic.o
                0x0800f710                chThdRelease
 .text.chThdCreateFromHeap
                0x0800f790       0x50 build/obj/chdynamic.o
                0x0800f790                chThdCreateFromHeap
 .text.chSemInit
                0x0800f7e0       0x30 build/obj/chsem.o
                0x0800f7e0                chSemInit
 .text.chSemResetI
                0x0800f810       0x60 build/obj/chsem.o
                0x0800f810                chSemResetI
 .text.chSemWaitTimeoutS
                0x0800f870       0x80 build/obj/chsem.o
                0x0800f870                chSemWaitTimeoutS
 .text.chSemSignalI
                0x0800f8f0       0x60 build/obj/chsem.o
                0x0800f8f0                chSemSignalI
 .text.chMtxInit
                0x0800f950       0x20 build/obj/chmtx.o
                0x0800f950                chMtxInit
 .text.chMtxLockS
                0x0800f970      0x100 build/obj/chmtx.o
                0x0800f970                chMtxLockS
 .text.chMtxLock
                0x0800fa70       0x20 build/obj/chmtx.o
                0x0800fa70                chMtxLock
 .text.chMtxUnlock
                0x0800fa90       0x90 build/obj/chmtx.o
                0x0800fa90                chMtxUnlock
 .text.chEvtRegisterMask
                0x0800fb20       0x50 build/obj/chevents.o
                0x0800fb20                chEvtRegisterMask
 .text.chEvtUnregister
                0x0800fb70       0x50 build/obj/chevents.o
                0x0800fb70                chEvtUnregister
 .text.chEvtSignalI
                0x0800fbc0       0x50 build/obj/chevents.o
                0x0800fbc0                chEvtSignalI
 .text.chEvtBroadcastFlagsI
                0x0800fc10       0x40 build/obj/chevents.o
                0x0800fc10                chEvtBroadcastFlagsI
 .text.chEvtSignal
                0x0800fc50       0x40 build/obj/chevents.o
                0x0800fc50                chEvtSignal
 .text.chEvtBroadcastFlags
                0x0800fc90       0x30 build/obj/chevents.o
                0x0800fc90                chEvtBroadcastFlags
 .text.chEvtWaitOne
                0x0800fcc0       0x50 build/obj/chevents.o
                0x0800fcc0                chEvtWaitOne
 .text.chEvtWaitAny
                0x0800fd10       0x40 build/obj/chevents.o
                0x0800fd10                chEvtWaitAny
 .text.chEvtWaitOneTimeout
                0x0800fd50       0x70 build/obj/chevents.o
                0x0800fd50                chEvtWaitOneTimeout
 .text.chEvtWaitAnyTimeout
                0x0800fdc0       0x70 build/obj/chevents.o
                0x0800fdc0                chEvtWaitAnyTimeout
 .text.qwait    0x0800fe30       0x30 build/obj/chqueues.o
 .text.chIQInit
                0x0800fe60       0x20 build/obj/chqueues.o
                0x0800fe60                chIQInit
 .text.chIQResetI
                0x0800fe80       0x30 build/obj/chqueues.o
                0x0800fe80                chIQResetI
 .text.chIQPutI
                0x0800feb0       0x60 build/obj/chqueues.o
                0x0800feb0                chIQPutI
 .text.chIQGetTimeout
                0x0800ff10       0x70 build/obj/chqueues.o
                0x0800ff10                chIQGetTimeout
 .text.chIQReadTimeout
                0x0800ff80       0xa0 build/obj/chqueues.o
                0x0800ff80                chIQReadTimeout
 .text.chOQInit
                0x08010020       0x20 build/obj/chqueues.o
                0x08010020                chOQInit
 .text.chOQResetI
                0x08010040       0x40 build/obj/chqueues.o
                0x08010040                chOQResetI
 .text.chOQPutTimeout
                0x08010080       0x70 build/obj/chqueues.o
                0x08010080                chOQPutTimeout
 .text.chOQGetI
                0x080100f0       0x50 build/obj/chqueues.o
                0x080100f0                chOQGetI
 .text.chOQWriteTimeout
                0x08010140       0xa0 build/obj/chqueues.o
                0x08010140                chOQWriteTimeout
 .text._core_init
                0x080101e0       0x30 build/obj/chmemcore.o
                0x080101e0                _core_init
 .text.chCoreAllocI
                0x08010210       0x30 build/obj/chmemcore.o
                0x08010210                chCoreAllocI
 .text.chCoreAlloc
                0x08010240       0x30 build/obj/chmemcore.o
                0x08010240                chCoreAlloc
 .text.chCoreStatus
                0x08010270       0x20 build/obj/chmemcore.o
                0x08010270                chCoreStatus
 .text._heap_init
                0x08010290       0x20 build/obj/chheap.o
                0x08010290                _heap_init
 .text.chHeapAlloc
                0x080102b0       0x80 build/obj/chheap.o
                0x080102b0                chHeapAlloc
 .text.chHeapFree
                0x08010330       0xd0 build/obj/chheap.o
                0x08010330                chHeapFree
 .text.chPoolFreeI
                0x08010400       0x30 build/obj/chmempools.o
                0x08010400                chPoolFreeI
 .text.chPoolFree
                0x08010430       0x30 build/obj/chmempools.o
                0x08010430                chPoolFree
 .text.halInit  0x08010460       0x30 build/obj/hal.o
                0x08010460                halInit
 .text.canInit  0x08010490       0x10 build/obj/can.o
                0x08010490                canInit
 .text.canObjectInit
                0x080104a0       0x40 build/obj/can.o
                0x080104a0                canObjectInit
 .text.canStart
                0x080104e0       0x70 build/obj/can.o
                0x080104e0                canStart
 .text.canStop  0x08010550       0x60 build/obj/can.o
                0x08010550                canStop
 .text.canTransmit
                0x080105b0       0xa0 build/obj/can.o
                0x080105b0                canTransmit
 .text.canReceive
                0x08010650       0x90 build/obj/can.o
                0x08010650                canReceive
 .text.extInit  0x080106e0       0x10 build/obj/ext.o
                0x080106e0                extInit
 .text.extObjectInit
                0x080106f0       0x10 build/obj/ext.o
                0x080106f0                extObjectInit
 .text.extStart
                0x08010700       0x50 build/obj/ext.o
                0x08010700                extStart
 .text.i2cInit  0x08010750       0x10 build/obj/i2c.o
                0x08010750                i2cInit
 .text.i2cObjectInit
                0x08010760       0x10 build/obj/i2c.o
                0x08010760                i2cObjectInit
 .text.i2cStart
                0x08010770       0x50 build/obj/i2c.o
                0x08010770                i2cStart
 .text.i2cStop  0x080107c0       0x50 build/obj/i2c.o
                0x080107c0                i2cStop
 .text.i2cGetErrors
                0x08010810       0x20 build/obj/i2c.o
                0x08010810                i2cGetErrors
 .text.i2cMasterTransmitTimeout
                0x08010830       0x90 build/obj/i2c.o
                0x08010830                i2cMasterTransmitTimeout
 .text.i2cMasterReceiveTimeout
                0x080108c0       0x80 build/obj/i2c.o
                0x080108c0                i2cMasterReceiveTimeout
 .text.i2cAcquireBus
                0x08010940       0x30 build/obj/i2c.o
                0x08010940                i2cAcquireBus
 .text.i2cReleaseBus
                0x08010970       0x20 build/obj/i2c.o
                0x08010970                i2cReleaseBus
 .text.readt    0x08010990       0x10 build/obj/serial.o
 .text.read     0x080109a0       0x10 build/obj/serial.o
 .text.writet   0x080109b0       0x10 build/obj/serial.o
 .text.write    0x080109c0       0x10 build/obj/serial.o
 .text.gett     0x080109d0       0x10 build/obj/serial.o
 .text.get      0x080109e0       0x10 build/obj/serial.o
 .text.putt     0x080109f0       0x10 build/obj/serial.o
 .text.put      0x08010a00       0x10 build/obj/serial.o
 .text.sdInit   0x08010a10       0x10 build/obj/serial.o
                0x08010a10                sdInit
 .text.sdObjectInit
                0x08010a20       0x40 build/obj/serial.o
                0x08010a20                sdObjectInit
 .text.sdStart  0x08010a60       0x50 build/obj/serial.o
                0x08010a60                sdStart
 .text.sdStop   0x08010ab0       0x60 build/obj/serial.o
                0x08010ab0                sdStop
 .text.sdIncomingDataI
                0x08010b10       0x50 build/obj/serial.o
                0x08010b10                sdIncomingDataI
 .text.spiInit  0x08010b60       0x10 build/obj/spi.o
                0x08010b60                spiInit
 .text.spiObjectInit
                0x08010b70       0x10 build/obj/spi.o
                0x08010b70                spiObjectInit
 .text.spiStart
                0x08010b80       0x50 build/obj/spi.o
                0x08010b80                spiStart
 .text.spiSelect
                0x08010bd0       0x40 build/obj/spi.o
                0x08010bd0                spiSelect
 .text.spiUnselect
                0x08010c10       0x40 build/obj/spi.o
                0x08010c10                spiUnselect
 .text.spiExchange
                0x08010c50       0x90 build/obj/spi.o
                0x08010c50                spiExchange
 .text.spiSend  0x08010ce0       0x80 build/obj/spi.o
                0x08010ce0                spiSend
 .text.spiAcquireBus
                0x08010d60       0x30 build/obj/spi.o
                0x08010d60                spiAcquireBus
 .text.spiReleaseBus
                0x08010d90       0x20 build/obj/spi.o
                0x08010d90                spiReleaseBus
 .text.tm_start
                0x08010db0       0x10 build/obj/tm.o
 .text.tm_stop  0x08010dc0       0x30 build/obj/tm.o
 .text.tmInit   0x08010df0       0x40 build/obj/tm.o
                0x08010df0                tmInit
 .text.Vector6C
                0x08010e30       0x30 build/obj/stm32_dma.o
                0x08010e30                Vector6C
 .text.Vector70
                0x08010e60       0x30 build/obj/stm32_dma.o
                0x08010e60                Vector70
 .text.Vector74
                0x08010e90       0x30 build/obj/stm32_dma.o
                0x08010e90                Vector74
 .text.Vector78
                0x08010ec0       0x30 build/obj/stm32_dma.o
                0x08010ec0                Vector78
 .text.Vector7C
                0x08010ef0       0x30 build/obj/stm32_dma.o
                0x08010ef0                Vector7C
 .text.Vector80
                0x08010f20       0x30 build/obj/stm32_dma.o
                0x08010f20                Vector80
 .text.Vector84
                0x08010f50       0x30 build/obj/stm32_dma.o
                0x08010f50                Vector84
 .text.Vector120
                0x08010f80       0x30 build/obj/stm32_dma.o
                0x08010f80                Vector120
 .text.Vector124
                0x08010fb0       0x30 build/obj/stm32_dma.o
                0x08010fb0                Vector124
 .text.Vector128
                0x08010fe0       0x30 build/obj/stm32_dma.o
                0x08010fe0                Vector128
 .text.Vector12C
                0x08011010       0x50 build/obj/stm32_dma.o
                0x08011010                Vector12C
 .text.dmaInit  0x08011060       0x50 build/obj/stm32_dma.o
                0x08011060                dmaInit
 .text.dmaStreamAllocate
                0x080110b0       0xb0 build/obj/stm32_dma.o
                0x080110b0                dmaStreamAllocate
 .text.hal_lld_init
                0x08011160       0x70 build/obj/hal_lld.o
                0x08011160                hal_lld_init
 .text.stm32_clock_init
                0x080111d0       0x90 build/obj/hal_lld.o
                0x080111d0                stm32_clock_init
 .text.Vector58
                0x08011260       0x30 build/obj/ext_lld_isr.o
                0x08011260                Vector58
 .text.Vector5C
                0x08011290       0x30 build/obj/ext_lld_isr.o
                0x08011290                Vector5C
 .text.Vector60
                0x080112c0       0x30 build/obj/ext_lld_isr.o
                0x080112c0                Vector60
 .text.Vector64
                0x080112f0       0x30 build/obj/ext_lld_isr.o
                0x080112f0                Vector64
 .text.Vector68
                0x08011320       0x30 build/obj/ext_lld_isr.o
                0x08011320                Vector68
 .text.Vector9C
                0x08011350       0x80 build/obj/ext_lld_isr.o
                0x08011350                Vector9C
 .text.VectorE0
                0x080113d0       0x90 build/obj/ext_lld_isr.o
                0x080113d0                VectorE0
 .text.Vector44
                0x08011460       0x30 build/obj/ext_lld_isr.o
                0x08011460                Vector44
 .text.VectorE4
                0x08011490       0x30 build/obj/ext_lld_isr.o
                0x08011490                VectorE4
 .text.VectorE8
                0x080114c0       0x30 build/obj/ext_lld_isr.o
                0x080114c0                VectorE8
 .text.ext_lld_exti_irq_enable
                0x080114f0       0x60 build/obj/ext_lld_isr.o
                0x080114f0                ext_lld_exti_irq_enable
 .text.can_lld_set_filters
                0x08011550      0x110 build/obj/can_lld.o
 .text.Vector8C
                0x08011660       0x60 build/obj/can_lld.o
                0x08011660                Vector8C
 .text.Vector90
                0x080116c0       0x90 build/obj/can_lld.o
                0x080116c0                Vector90
 .text.Vector94
                0x08011750       0x90 build/obj/can_lld.o
                0x08011750                Vector94
 .text.Vector98
                0x080117e0       0x90 build/obj/can_lld.o
                0x080117e0                Vector98
 .text.can_lld_init
                0x08011870       0x30 build/obj/can_lld.o
                0x08011870                can_lld_init
 .text.can_lld_start
                0x080118a0       0x80 build/obj/can_lld.o
                0x080118a0                can_lld_start
 .text.can_lld_stop
                0x08011920       0x50 build/obj/can_lld.o
                0x08011920                can_lld_stop
 .text.can_lld_is_tx_empty
                0x08011970       0x40 build/obj/can_lld.o
                0x08011970                can_lld_is_tx_empty
 .text.can_lld_transmit
                0x080119b0       0x80 build/obj/can_lld.o
                0x080119b0                can_lld_transmit
 .text.can_lld_is_rx_nonempty
                0x08011a30       0x40 build/obj/can_lld.o
                0x08011a30                can_lld_is_rx_nonempty
 .text.can_lld_receive
                0x08011a70       0xd0 build/obj/can_lld.o
                0x08011a70                can_lld_receive
 .text.ext_lld_init
                0x08011b40       0x10 build/obj/ext_lld.o
                0x08011b40                ext_lld_init
 .text.ext_lld_channel_enable
                0x08011b50       0x90 build/obj/ext_lld.o
                0x08011b50                ext_lld_channel_enable
 .text.ext_lld_channel_disable
                0x08011be0       0x30 build/obj/ext_lld.o
                0x08011be0                ext_lld_channel_disable
 .text.ext_lld_start
                0x08011c10       0x40 build/obj/ext_lld.o
                0x08011c10                ext_lld_start
 .text._pal_lld_init
                0x08011c50       0xa0 build/obj/pal_lld.o
                0x08011c50                _pal_lld_init
 .text._pal_lld_setgroupmode
                0x08011cf0       0x70 build/obj/pal_lld.o
                0x08011cf0                _pal_lld_setgroupmode
 .text.i2c_lld_safety_timeout
                0x08011d60       0x40 build/obj/i2c_lld.o
 .text.VectorC4
                0x08011da0      0x270 build/obj/i2c_lld.o
                0x08011da0                VectorC4
 .text.VectorC8
                0x08012010       0xd0 build/obj/i2c_lld.o
                0x08012010                VectorC8
 .text.i2c_lld_init
                0x080120e0       0x20 build/obj/i2c_lld.o
                0x080120e0                i2c_lld_init
 .text.i2c_lld_start
                0x08012100      0x200 build/obj/i2c_lld.o
                0x08012100                i2c_lld_start
 .text.i2c_lld_stop
                0x08012300       0x40 build/obj/i2c_lld.o
                0x08012300                i2c_lld_stop
 .text.i2c_lld_master_receive_timeout
                0x08012340      0x100 build/obj/i2c_lld.o
                0x08012340                i2c_lld_master_receive_timeout
 .text.i2c_lld_master_transmit_timeout
                0x08012440      0x110 build/obj/i2c_lld.o
                0x08012440                i2c_lld_master_transmit_timeout
 .text.spi_lld_serve_tx_interrupt
                0x08012550       0x20 build/obj/spi_lld.o
 .text.spi_lld_serve_rx_interrupt
                0x08012570       0x80 build/obj/spi_lld.o
 .text.spi_lld_init
                0x080125f0       0x70 build/obj/spi_lld.o
                0x080125f0                spi_lld_init
 .text.spi_lld_start
                0x08012660      0x100 build/obj/spi_lld.o
                0x08012660                spi_lld_start
 .text.spi_lld_select
                0x08012760       0x10 build/obj/spi_lld.o
                0x08012760                spi_lld_select
 .text.spi_lld_unselect
                0x08012770       0x10 build/obj/spi_lld.o
                0x08012770                spi_lld_unselect
 .text.spi_lld_exchange
                0x08012780       0x40 build/obj/spi_lld.o
                0x08012780                spi_lld_exchange
 .text.spi_lld_send
                0x080127c0       0x40 build/obj/spi_lld.o
                0x080127c0                spi_lld_send
 .text.notify1  0x08012800       0x20 build/obj/serial_lld.o
 .text.notify2  0x08012820       0x20 build/obj/serial_lld.o
 .text.serve_interrupt
                0x08012840      0x150 build/obj/serial_lld.o
 .text.VectorD4
                0x08012990       0x20 build/obj/serial_lld.o
                0x08012990                VectorD4
 .text.VectorD8
                0x080129b0       0x20 build/obj/serial_lld.o
                0x080129b0                VectorD8
 .text.sd_lld_init
                0x080129d0       0x40 build/obj/serial_lld.o
                0x080129d0                sd_lld_init
 .text.sd_lld_start
                0x08012a10       0xa0 build/obj/serial_lld.o
                0x08012a10                sd_lld_start
 .text.sd_lld_stop
                0x08012ab0       0x50 build/obj/serial_lld.o
                0x08012ab0                sd_lld_stop
 .text.__early_init
                0x08012b00       0x10 build/obj/board.o
                0x08012b00                __early_init
 .text.boardInit
                0x08012b10       0x10 build/obj/board.o
                0x08012b10                boardInit
 .text.boardClearI2CBus
                0x08012b20       0xe0 build/obj/board.o
                0x08012b20                boardClearI2CBus
 .text.tmrcb    0x08012c00       0x40 build/obj/evtimer.o
 .text.evtStart
                0x08012c40       0x40 build/obj/evtimer.o
                0x08012c40                evtStart
 .text.evtStop  0x08012c80       0x30 build/obj/evtimer.o
                0x08012c80                evtStop
 .text._read_r  0x08012cb0       0x10 build/obj/syscalls.o
                0x08012cb0                _read_r
 .text._lseek_r
                0x08012cc0       0x10 build/obj/syscalls.o
                0x08012cc0                _lseek_r
 .text._write_r
                0x08012cd0       0x10 build/obj/syscalls.o
                0x08012cd0                _write_r
 .text._close_r
                0x08012ce0       0x10 build/obj/syscalls.o
                0x08012ce0                _close_r
 .text._sbrk_r  0x08012cf0       0x30 build/obj/syscalls.o
                0x08012cf0                _sbrk_r
 .text._fstat_r
                0x08012d20       0x20 build/obj/syscalls.o
                0x08012d20                _fstat_r
 .text._isatty_r
                0x08012d40       0x10 build/obj/syscalls.o
                0x08012d40                _isatty_r
 .text.long_to_string_with_divisor
                0x08012d50       0x50 build/obj/chprintf.o
 .text.chvprintf
                0x08012da0      0x350 build/obj/chprintf.o
                0x08012da0                chvprintf
 .text.chprintf
                0x080130f0       0x20 build/obj/shell.o
 .text.cmd_systime
                0x08013110       0x30 build/obj/shell.o
 .text.cmd_info
                0x08013140       0xc0 build/obj/shell.o
 .text._strtok.constprop.2
                0x08013200       0x40 build/obj/shell.o
 .text.shellExit
                0x08013240       0x30 build/obj/shell.o
                0x08013240                shellExit
 .text.shellCreate
                0x08013270       0x20 build/obj/shell.o
                0x08013270                shellCreate
 .text.shellGetLine
                0x08013290       0xa0 build/obj/shell.o
                0x08013290                shellGetLine
 .text.shell_thread
                0x08013330      0x1a0 build/obj/shell.o
 .text._getpid  0x080134d0       0x10 build/obj/stubs.o
                0x080134d0                _getpid
 .text._exit    0x080134e0       0x10 build/obj/stubs.o
                0x080134e0                _exit
 .text._kill    0x080134f0       0x10 build/obj/stubs.o
                0x080134f0                _kill
 .text.haltErrorCode
                0x08013500       0xb0 build/obj/Debug.o
                0x08013500                haltErrorCode
 .text._ZN10chibios_rt10BaseThread5startEm
                0x080135b0       0x10 build/obj/ch.o
                0x080135b0                chibios_rt::BaseThread::start(unsigned long)
 .text._ZN10chibios_rt15ThreadReference4stopEv
                0x080135c0       0x10 build/obj/ch.o
                0x080135c0                chibios_rt::ThreadReference::stop()
 .text._ZN10chibios_rt6System4initEv
                0x080135d0       0x10 build/obj/ch.o
                0x080135d0                chibios_rt::System::init()
 .text._ZN10chibios_rt15ThreadReference16requestTerminateEv
                0x080135e0       0x30 build/obj/ch.o
                0x080135e0                chibios_rt::ThreadReference::requestTerminate()
 .text._ZN10chibios_rt15ThreadReference4waitEv
                0x08013610       0x30 build/obj/ch.o
                0x08013610                chibios_rt::ThreadReference::wait()
 .text._ZN10chibios_rt15ThreadReference12signalEventsEm
                0x08013640       0x30 build/obj/ch.o
                0x08013640                chibios_rt::ThreadReference::signalEvents(unsigned long)
 .text._ZN10chibios_rt10BaseThreadC2Ev
                0x08013670       0x10 build/obj/ch.o
                0x08013670                chibios_rt::BaseThread::BaseThread()
                0x08013670                chibios_rt::BaseThread::BaseThread()
 .text._ZN10chibios_rt10_thd_startEPv
                0x08013680       0x10 build/obj/ch.o
                0x08013680                chibios_rt::_thd_start(void*)
 .text._ZN10chibios_rt10BaseThread7setNameEPKc
                0x08013690       0x10 build/obj/ch.o
                0x08013690                chibios_rt::BaseThread::setName(char const*)
 .text._ZN10chibios_rt10BaseThread15shouldTerminateEv
                0x080136a0       0x20 build/obj/ch.o
                0x080136a0                chibios_rt::BaseThread::shouldTerminate()
 .text._ZN10chibios_rt10BaseThread5sleepEm
                0x080136c0       0x10 build/obj/ch.o
                0x080136c0                chibios_rt::BaseThread::sleep(unsigned long)
 .text._ZN10chibios_rt10BaseThread12waitOneEventEm
                0x080136d0       0x10 build/obj/ch.o
                0x080136d0                chibios_rt::BaseThread::waitOneEvent(unsigned long)
 .text._ZN10chibios_rt10BaseThread12waitAnyEventEm
                0x080136e0       0x10 build/obj/ch.o
                0x080136e0                chibios_rt::BaseThread::waitAnyEvent(unsigned long)
 .text._ZN10chibios_rt10BaseThread19waitOneEventTimeoutEmm
                0x080136f0       0x10 build/obj/ch.o
                0x080136f0                chibios_rt::BaseThread::waitOneEventTimeout(unsigned long, unsigned long)
 .text._ZN10chibios_rt10BaseThread19waitAnyEventTimeoutEmm
                0x08013700       0x10 build/obj/ch.o
                0x08013700                chibios_rt::BaseThread::waitAnyEventTimeout(unsigned long, unsigned long)
 .text._ZN10chibios_rt9EvtSourceC2Ev
                0x08013710       0x10 build/obj/ch.o
                0x08013710                chibios_rt::EvtSource::EvtSource()
                0x08013710                chibios_rt::EvtSource::EvtSource()
 .text._ZN10chibios_rt9EvtSource11registerOneEPNS_11EvtListenerEl
                0x08013720       0x10 build/obj/ch.o
                0x08013720                chibios_rt::EvtSource::registerOne(chibios_rt::EvtListener*, long)
 .text._ZN10chibios_rt9EvtSource10unregisterEPNS_11EvtListenerE
                0x08013730       0x10 build/obj/ch.o
                0x08013730                chibios_rt::EvtSource::unregister(chibios_rt::EvtListener*)
 .text._ZN10chibios_rt9EvtSource14broadcastFlagsEm
                0x08013740       0x10 build/obj/ch.o
                0x08013740                chibios_rt::EvtSource::broadcastFlags(unsigned long)
 .text._ZN5amiro5ColorC2Ev
                0x08013750       0x10 build/obj/Color.o
                0x08013750                amiro::Color::Color()
                0x08013750                amiro::Color::Color()
 .text._ZN5amiro5ColorC2ERKS0_
                0x08013760       0x20 build/obj/Color.o
                0x08013760                amiro::Color::Color(amiro::Color const&)
                0x08013760                amiro::Color::Color(amiro::Color const&)
 .text._ZN5amiro5ColorC2Eiii
                0x08013780       0x10 build/obj/Color.o
                0x08013780                amiro::Color::Color(int, int, int)
                0x08013780                amiro::Color::Color(int, int, int)
 .text._ZN5amiro5ColorC2ENS0_11GlobalColorE
                0x08013790       0x20 build/obj/Color.o
                0x08013790                amiro::Color::Color(amiro::Color::GlobalColor)
                0x08013790                amiro::Color::Color(amiro::Color::GlobalColor)
 .text._ZN5amiro5Color6getRedEv
                0x080137b0       0x10 build/obj/Color.o
                0x080137b0                amiro::Color::getRed()
 .text._ZN5amiro5Color8getGreenEv
                0x080137c0       0x10 build/obj/Color.o
                0x080137c0                amiro::Color::getGreen()
 .text._ZN5amiro5Color7getBlueEv
                0x080137d0       0x10 build/obj/Color.o
                0x080137d0                amiro::Color::getBlue()
 .text._ZN5amiro5ColoraSERKS0_
                0x080137e0       0x20 build/obj/Color.o
                0x080137e0                amiro::Color::operator=(amiro::Color const&)
 .text._ZN5amiro5ColoraSENS0_11GlobalColorE
                0x08013800       0x20 build/obj/Color.o
                0x08013800                amiro::Color::operator=(amiro::Color::GlobalColor)
 .text._ZN5amiro11HWSPIDriverD2Ev
                0x08013820       0x10 build/obj/HWSPIDriver.o
                0x08013820                amiro::HWSPIDriver::~HWSPIDriver()
                0x08013820                amiro::HWSPIDriver::~HWSPIDriver()
 .text._ZN5amiro11HWSPIDriverD0Ev
                0x08013830       0x20 build/obj/HWSPIDriver.o
                0x08013830                amiro::HWSPIDriver::~HWSPIDriver()
 .text._ZN5amiro11HWSPIDriverC2EP9SPIDriverPK9SPIConfig
                0x08013850       0x20 build/obj/HWSPIDriver.o
                0x08013850                amiro::HWSPIDriver::HWSPIDriver(SPIDriver*, SPIConfig const*)
                0x08013850                amiro::HWSPIDriver::HWSPIDriver(SPIDriver*, SPIConfig const*)
 .text._ZN5amiro11HWSPIDriver8exchangeEPhPKhj
                0x08013870       0x40 build/obj/HWSPIDriver.o
                0x08013870                amiro::HWSPIDriver::exchange(unsigned char*, unsigned char const*, unsigned int)
 .text._ZN5amiro11HWSPIDriver5writeEPKhj
                0x080138b0       0x40 build/obj/HWSPIDriver.o
                0x080138b0                amiro::HWSPIDriver::write(unsigned char const*, unsigned int)
 .text._ZN5amiro9I2CDriverD2Ev
                0x080138f0       0x10 build/obj/HWI2CDriver.o
                0x080138f0                amiro::I2CDriver::~I2CDriver()
                0x080138f0                amiro::I2CDriver::~I2CDriver()
 .text._ZN5amiro11HWI2CDriverD2Ev
                0x08013900       0x10 build/obj/HWI2CDriver.o
                0x08013900                amiro::HWI2CDriver::~HWI2CDriver()
                0x08013900                amiro::HWI2CDriver::~HWI2CDriver()
 .text._ZN5amiro9I2CDriverD0Ev
                0x08013910       0x20 build/obj/HWI2CDriver.o
                0x08013910                amiro::I2CDriver::~I2CDriver()
 .text._ZN5amiro11HWI2CDriverD0Ev
                0x08013930       0x20 build/obj/HWI2CDriver.o
                0x08013930                amiro::HWI2CDriver::~HWI2CDriver()
 .text._ZN5amiro11HWI2CDriver5startEPK9I2CConfig
                0x08013950       0x10 build/obj/HWI2CDriver.o
                0x08013950                amiro::HWI2CDriver::start(I2CConfig const*)
 .text._ZN5amiro11HWI2CDriver4stopEv
                0x08013960       0x10 build/obj/HWI2CDriver.o
                0x08013960                amiro::HWI2CDriver::stop()
 .text._ZN5amiro11HWI2CDriver9getErrorsEv
                0x08013970       0x10 build/obj/HWI2CDriver.o
                0x08013970                amiro::HWI2CDriver::getErrors()
 .text._ZN5amiro11HWI2CDriver14masterTransmitEPKNS_11I2CTxParamsEm
                0x08013980       0x30 build/obj/HWI2CDriver.o
                0x08013980                amiro::HWI2CDriver::masterTransmit(amiro::I2CTxParams const*, unsigned long)
 .text._ZN5amiro11HWI2CDriver13masterReceiveEPKNS_11I2CRxParamsEm
                0x080139b0       0x20 build/obj/HWI2CDriver.o
                0x080139b0                amiro::HWI2CDriver::masterReceive(amiro::I2CRxParams const*, unsigned long)
 .text._ZN5amiro11HWI2CDriver10acquireBusEv
                0x080139d0       0x10 build/obj/HWI2CDriver.o
                0x080139d0                amiro::HWI2CDriver::acquireBus()
 .text._ZN5amiro11HWI2CDriver10releaseBusEv
                0x080139e0       0x10 build/obj/HWI2CDriver.o
                0x080139e0                amiro::HWI2CDriver::releaseBus()
 .text._ZN5amiro11HWI2CDriverC2EP9I2CDriver
                0x080139f0       0x10 build/obj/HWI2CDriver.o
                0x080139f0                amiro::HWI2CDriver::HWI2CDriver(I2CDriver*)
                0x080139f0                amiro::HWI2CDriver::HWI2CDriver(I2CDriver*)
 .text._ZN5amiro7TLC5947D2Ev
                0x08013a00       0x10 build/obj/tlc5947.o
                0x08013a00                amiro::TLC5947::~TLC5947()
                0x08013a00                amiro::TLC5947::~TLC5947()
 .text._ZN5amiro7TLC5947D0Ev
                0x08013a10       0x20 build/obj/tlc5947.o
                0x08013a10                amiro::TLC5947::~TLC5947()
 .text._ZN10chibios_rt16BaseStaticThreadILi192EE5startEm
                0x08013a30       0x30 build/obj/tlc5947.o
                0x08013a30                chibios_rt::BaseStaticThread<192>::start(unsigned long)
 .text._ZN5amiro7TLC5947C2EPNS_11HWSPIDriverEP12GPIO_TypeDefi
                0x08013a60       0x60 build/obj/tlc5947.o
                0x08013a60                amiro::TLC5947::TLC5947(amiro::HWSPIDriver*, GPIO_TypeDef*, int)
                0x08013a60                amiro::TLC5947::TLC5947(amiro::HWSPIDriver*, GPIO_TypeDef*, int)
 .text._ZN5amiro7TLC59476enableEv
                0x08013ac0       0x20 build/obj/tlc5947.o
                0x08013ac0                amiro::TLC5947::enable()
 .text._ZN5amiro7TLC594713setBrightnessEi
                0x08013ae0       0x20 build/obj/tlc5947.o
                0x08013ae0                amiro::TLC5947::setBrightness(int)
 .text._ZN5amiro7TLC59478setColorEiNS_5ColorE
                0x08013b00       0x10 build/obj/tlc5947.o
                0x08013b00                amiro::TLC5947::setColor(int, amiro::Color)
 .text._ZN5amiro7TLC59476updateEv
                0x08013b10       0x10 build/obj/tlc5947.o
                0x08013b10                amiro::TLC5947::update()
 .text._ZN5amiro9A2500R24AD2Ev
                0x08013b20       0x10 build/obj/a2500r24a.o
                0x08013b20                amiro::A2500R24A::~A2500R24A()
                0x08013b20                amiro::A2500R24A::~A2500R24A()
 .text._ZN5amiro9A2500R24AD0Ev
                0x08013b30       0x20 build/obj/a2500r24a.o
                0x08013b30                amiro::A2500R24A::~A2500R24A()
 .text._ZN10chibios_rt16BaseStaticThreadILi256EE5startEm
                0x08013b50       0x30 build/obj/a2500r24a.o
                0x08013b50                chibios_rt::BaseStaticThread<256>::start(unsigned long)
 .text._ZN5amiro9A2500R24AC2EPNS_11HWSPIDriverE
                0x08013b80       0x30 build/obj/a2500r24a.o
                0x08013b80                amiro::A2500R24A::A2500R24A(amiro::HWSPIDriver*)
                0x08013b80                amiro::A2500R24A::A2500R24A(amiro::HWSPIDriver*)
 .text._ZN5amiro9A2500R24A8getCheckEv
                0x08013bb0       0x30 build/obj/a2500r24a.o
                0x08013bb0                amiro::A2500R24A::getCheck()
 .text._ZN5amiro6EEPROMC2EPK17BaseFileStreamVMTjhthPNS_9I2CDriverE
                0x08013be0       0x30 build/obj/eeprom.o
                0x08013be0                amiro::EEPROM::EEPROM(BaseFileStreamVMT const*, unsigned int, unsigned char, unsigned short, unsigned char, amiro::I2CDriver*)
                0x08013be0                amiro::EEPROM::EEPROM(BaseFileStreamVMT const*, unsigned int, unsigned char, unsigned short, unsigned char, amiro::I2CDriver*)
 .text._ZN5amiro6EEPROMD2Ev
                0x08013c10       0x10 build/obj/eeprom.o
                0x08013c10                amiro::EEPROM::~EEPROM()
                0x08013c10                amiro::EEPROM::~EEPROM()
 .text._ZN5amiro6EEPROM8geterrorEPv
                0x08013c20       0x10 build/obj/eeprom.o
                0x08013c20                amiro::EEPROM::geterror(void*)
 .text._ZN5amiro6EEPROM7getsizeEPv
                0x08013c30       0x10 build/obj/eeprom.o
                0x08013c30                amiro::EEPROM::getsize(void*)
 .text._ZN5amiro6EEPROM11getpositionEPv
                0x08013c40       0x10 build/obj/eeprom.o
                0x08013c40                amiro::EEPROM::getposition(void*)
 .text._ZN5amiro6EEPROM5lseekEPvm
                0x08013c50       0x10 build/obj/eeprom.o
                0x08013c50                amiro::EEPROM::lseek(void*, unsigned long)
 .text._ZN5amiro4AT245closeEPv
                0x08013c60       0x10 build/obj/at24.o
                0x08013c60                amiro::AT24::close(void*)
 .text._ZN5amiro4AT245writeEPvPKhj
                0x08013c70      0x130 build/obj/at24.o
                0x08013c70                amiro::AT24::write(void*, unsigned char const*, unsigned int)
 .text._ZN5amiro4AT24C2EjhtPNS_9I2CDriverE
                0x08013da0       0x30 build/obj/at24.o
                0x08013da0                amiro::AT24::AT24(unsigned int, unsigned char, unsigned short, amiro::I2CDriver*)
                0x08013da0                amiro::AT24::AT24(unsigned int, unsigned char, unsigned short, amiro::I2CDriver*)
 .text._ZN5amiro4AT24D2Ev
                0x08013dd0       0x10 build/obj/at24.o
                0x08013dd0                amiro::AT24::~AT24()
                0x08013dd0                amiro::AT24::~AT24()
 .text._ZN5amiro4AT248poll_ackEPv
                0x08013de0       0x80 build/obj/at24.o
                0x08013de0                amiro::AT24::poll_ack(void*)
 .text._ZN5amiro4AT244readEPvPhj
                0x08013e60       0xa0 build/obj/at24.o
                0x08013e60                amiro::AT24::read(void*, unsigned char*, unsigned int)
 .text._ZN5amiro12fileSystemIo16FileSystemIoBase8getCheckEv
                0x08013f00       0x70 build/obj/FileSystemInputOutputBase.o
                0x08013f00                amiro::fileSystemIo::FileSystemIoBase::getCheck()
 .text._ZN5amiro12fileSystemIo16FileSystemIoBase12initPreambleEhhb
                0x08013f70      0x100 build/obj/FileSystemInputOutputBase.o
                0x08013f70                amiro::fileSystemIo::FileSystemIoBase::initPreamble(unsigned char, unsigned char, bool)
 .text._ZN5amiro12fileSystemIo16FileSystemIoBase4initEv
                0x08014070       0xa0 build/obj/FileSystemInputOutputBase.o
                0x08014070                amiro::fileSystemIo::FileSystemIoBase::init()
 .text._ZN5amiro12fileSystemIo16FileSystemIoBase11resetMemoryEv
                0x08014110       0x10 build/obj/FileSystemInputOutputBase.o
                0x08014110                amiro::fileSystemIo::FileSystemIoBase::resetMemory()
 .text._ZN5amiro12fileSystemIo16FileSystemIoBase10getBoardIdEPh
                0x08014120       0x50 build/obj/FileSystemInputOutputBase.o
                0x08014120                amiro::fileSystemIo::FileSystemIoBase::getBoardId(unsigned char*)
 .text._ZN5amiro12fileSystemIo16FileSystemIoBase10setBoardIdEh
                0x08014170       0x50 build/obj/FileSystemInputOutputBase.o
                0x08014170                amiro::fileSystemIo::FileSystemIoBase::setBoardId(unsigned char)
 .text._ZN5amiro23ControllerAreaNetworkRx14receiveMessageEP10CANRxFrame
                0x080141c0       0x10 build/obj/ControllerAreaNetworkRx.o
                0x080141c0                amiro::ControllerAreaNetworkRx::receiveMessage(CANRxFrame*)
 .text._ZN10chibios_rt16BaseStaticThreadILi128EE5startEm
                0x080141d0       0x30 build/obj/ControllerAreaNetworkRx.o
                0x080141d0                chibios_rt::BaseStaticThread<128>::start(unsigned long)
 .text._ZN5amiro23ControllerAreaNetworkRxC2EP9CANDriverh
                0x08014200       0x30 build/obj/ControllerAreaNetworkRx.o
                0x08014200                amiro::ControllerAreaNetworkRx::ControllerAreaNetworkRx(CANDriver*, unsigned char)
                0x08014200                amiro::ControllerAreaNetworkRx::ControllerAreaNetworkRx(CANDriver*, unsigned char)
 .text._ZN5amiro23ControllerAreaNetworkRxD2Ev
                0x08014230       0x10 build/obj/ControllerAreaNetworkRx.o
                0x08014230                amiro::ControllerAreaNetworkRx::~ControllerAreaNetworkRx()
                0x08014230                amiro::ControllerAreaNetworkRx::~ControllerAreaNetworkRx()
 .text._ZN5amiro23ControllerAreaNetworkRx16receiveSensorValEP10CANRxFrame
                0x08014240      0x1b0 build/obj/ControllerAreaNetworkRx.o
                0x08014240                amiro::ControllerAreaNetworkRx::receiveSensorVal(CANRxFrame*)
 .text._ZN5amiro23ControllerAreaNetworkRx10getRobotIDEv
                0x080143f0       0x10 build/obj/ControllerAreaNetworkRx.o
                0x080143f0                amiro::ControllerAreaNetworkRx::getRobotID()
 .text._ZN5amiro23ControllerAreaNetworkRx13decodeBoardIdEP10CANRxFrame
                0x08014400       0x10 build/obj/ControllerAreaNetworkRx.o
                0x08014400                amiro::ControllerAreaNetworkRx::decodeBoardId(CANRxFrame*)
 .text._ZN5amiro23ControllerAreaNetworkRx14decodeDeviceIdEP10CANRxFrame
                0x08014410       0x10 build/obj/ControllerAreaNetworkRx.o
                0x08014410                amiro::ControllerAreaNetworkRx::decodeDeviceId(CANRxFrame*)
 .text._ZN5amiro23ControllerAreaNetworkTx15updateSensorValEv
                0x08014420       0x10 build/obj/ControllerAreaNetworkTx.o
                0x08014420                amiro::ControllerAreaNetworkTx::updateSensorVal()
 .text._ZN5amiro23ControllerAreaNetworkTxC2EP9CANDriverh
                0x08014430       0x30 build/obj/ControllerAreaNetworkTx.o
                0x08014430                amiro::ControllerAreaNetworkTx::ControllerAreaNetworkTx(CANDriver*, unsigned char)
                0x08014430                amiro::ControllerAreaNetworkTx::ControllerAreaNetworkTx(CANDriver*, unsigned char)
 .text._ZN5amiro23ControllerAreaNetworkTxD2Ev
                0x08014460       0x10 build/obj/ControllerAreaNetworkTx.o
                0x08014460                amiro::ControllerAreaNetworkTx::~ControllerAreaNetworkTx()
                0x08014460                amiro::ControllerAreaNetworkTx::~ControllerAreaNetworkTx()
 .text._ZL8chprintfP20BaseSequentialStreamPKcz
                0x08014470       0x20 build/obj/Lidar.o
 .text._ZN5amiro5LidarC2EhNS0_5SETUPE
                0x08014490       0x60 build/obj/Lidar.o
                0x08014490                amiro::Lidar::Lidar(unsigned char, amiro::Lidar::SETUP)
                0x08014490                amiro::Lidar::Lidar(unsigned char, amiro::Lidar::SETUP)
 .text._ZN5amiro5LidarD2Ev
                0x080144f0       0x30 build/obj/Lidar.o
                0x080144f0                amiro::Lidar::~Lidar()
                0x080144f0                amiro::Lidar::~Lidar()
 .text._ZN5amiro5Lidar7getDataERhm
                0x08014520       0x50 build/obj/Lidar.o
                0x08014520                amiro::Lidar::getData(unsigned char&, unsigned long)
 .text._ZN5amiro5Lidar15updateSensorValEv
                0x08014570      0x230 build/obj/Lidar.o
                0x08014570                amiro::Lidar::updateSensorVal()
 .text._ZN5amiro5Lidar15checkDataStringEPKc
                0x080147a0       0x60 build/obj/Lidar.o
                0x080147a0                amiro::Lidar::checkDataString(char const*)
 .text.NVIC_SystemReset
                0x08014800       0x20 build/obj/serial_can_mux.o
 .text._ZN5amiro12SerialCanMuxD2Ev
                0x08014820       0x10 build/obj/serial_can_mux.o
                0x08014820                amiro::SerialCanMux::~SerialCanMux()
                0x08014820                amiro::SerialCanMux::~SerialCanMux()
 .text._ZN5amiro12SerialCanMuxD0Ev
                0x08014830       0x20 build/obj/serial_can_mux.o
                0x08014830                amiro::SerialCanMux::~SerialCanMux()
 .text._ZL8chprintfP20BaseSequentialStreamPKcz
                0x08014850       0x20 build/obj/serial_can_mux.o
 .text._ZN5amiro12SerialCanMuxC2EP12SerialDriverP9CANDriverh
                0x08014870       0x60 build/obj/serial_can_mux.o
                0x08014870                amiro::SerialCanMux::SerialCanMux(SerialDriver*, CANDriver*, unsigned char)
                0x08014870                amiro::SerialCanMux::SerialCanMux(SerialDriver*, CANDriver*, unsigned char)
 .text._ZN5amiro12SerialCanMux19checkByteForBLResetEPhj
                0x080148d0       0x90 build/obj/serial_can_mux.o
                0x080148d0                amiro::SerialCanMux::checkByteForBLReset(unsigned char*, unsigned int)
 .text._ZN5amiro12SerialCanMux10sendViaCanEmPhj
                0x08014960       0x80 build/obj/serial_can_mux.o
                0x08014960                amiro::SerialCanMux::sendViaCan(unsigned long, unsigned char*, unsigned int)
 .text._ZN5amiro12SerialCanMux5writeEPKhj
                0x080149e0       0x50 build/obj/serial_can_mux.o
                0x080149e0                amiro::SerialCanMux::write(unsigned char const*, unsigned int)
 .text._ZN5amiro12SerialCanMux4readEPhj
                0x08014a30       0x60 build/obj/serial_can_mux.o
                0x08014a30                amiro::SerialCanMux::read(unsigned char*, unsigned int)
 .text._ZN5amiro12SerialCanMux3putEh
                0x08014a90       0x50 build/obj/serial_can_mux.o
                0x08014a90                amiro::SerialCanMux::put(unsigned char)
 .text._ZN5amiro12SerialCanMux3getEv
                0x08014ae0       0x50 build/obj/serial_can_mux.o
                0x08014ae0                amiro::SerialCanMux::get()
 .text._ZN5amiro12SerialCanMux14convCan2SerialEPhj
                0x08014b30       0x30 build/obj/serial_can_mux.o
                0x08014b30                amiro::SerialCanMux::convCan2Serial(unsigned char*, unsigned int)
 .text._ZN5amiro12SerialCanMux13sendSwitchCmdEh
                0x08014b60       0xd0 build/obj/serial_can_mux.o
                0x08014b60                amiro::SerialCanMux::sendSwitchCmd(unsigned char)
 .text._ZN5amiro12SerialCanMux12rcvSwitchCmdEh
                0x08014c30       0x50 build/obj/serial_can_mux.o
                0x08014c30                amiro::SerialCanMux::rcvSwitchCmd(unsigned char)
 .text._ZN5amiro9LightRing17periodicBroadcastEv
                0x08014c80       0x10 build/obj/LightRing.o
                0x08014c80                amiro::LightRing::periodicBroadcast()
 .text._ZN5amiro9LightRingD2Ev
                0x08014c90       0x30 build/obj/LightRing.o
                0x08014c90                amiro::LightRing::~LightRing()
                0x08014c90                amiro::LightRing::~LightRing()
 .text._ZN5amiro9LightRingD1Ev
                0x08014cc0       0x10 build/obj/LightRing.o
                0x08014cc0                non-virtual thunk to amiro::LightRing::~LightRing()
 .text._ZN5amiro9LightRingD0Ev
                0x08014cd0       0x40 build/obj/LightRing.o
                0x08014cd0                amiro::LightRing::~LightRing()
                0x08014d00                non-virtual thunk to amiro::LightRing::~LightRing()
 .text._ZN5amiro9LightRing5startEm
                0x08014d10       0x50 build/obj/LightRing.o
                0x08014d10                amiro::LightRing::start(unsigned long)
 .text._ZThn408_N5amiro9LightRing5startEm
                0x08014d60       0x10 build/obj/LightRing.o
                0x08014d60                non-virtual thunk to amiro::LightRing::start(unsigned long)
 .text._ZN5amiro9LightRingC2EP9CANDriverPNS_7TLC5947EPNS_12fileSystemIo13FSIOLightRingE
                0x08014d70       0x50 build/obj/LightRing.o
                0x08014d70                amiro::LightRing::LightRing(CANDriver*, amiro::TLC5947*, amiro::fileSystemIo::FSIOLightRing*)
                0x08014d70                amiro::LightRing::LightRing(CANDriver*, amiro::TLC5947*, amiro::fileSystemIo::FSIOLightRing*)
 .text._ZN5amiro9LightRing18setLightBrightnessEi
                0x08014dc0       0x20 build/obj/LightRing.o
                0x08014dc0                amiro::LightRing::setLightBrightness(int)
 .text._ZN5amiro9LightRing13setLightColorEiNS_5ColorE
                0x08014de0       0x30 build/obj/LightRing.o
                0x08014de0                amiro::LightRing::setLightColor(int, amiro::Color)
 .text._ZN5amiro9LightRing14receiveMessageEP10CANRxFrame
                0x08014e10      0x120 build/obj/LightRing.o
                0x08014e10                amiro::LightRing::receiveMessage(CANRxFrame*)
 .text._ZThn408_N5amiro9LightRing14receiveMessageEP10CANRxFrame
                0x08014f30       0x10 build/obj/LightRing.o
                0x08014f30                non-virtual thunk to amiro::LightRing::receiveMessage(CANRxFrame*)
 .text._ZN5amiro9LightRing9terminateEv
                0x08014f40       0x30 build/obj/LightRing.o
                0x08014f40                amiro::LightRing::terminate()
 .text._ZN5amiro10UserThreadD2Ev
                0x08014f70       0x10 build/obj/userthread.o
                0x08014f70                amiro::UserThread::~UserThread()
                0x08014f70                amiro::UserThread::~UserThread()
 .text._ZN5amiro10UserThreadD0Ev
                0x08014f80       0x20 build/obj/userthread.o
                0x08014f80                amiro::UserThread::~UserThread()
 .text._ZN10chibios_rt16BaseStaticThreadILi1024EE5startEm
                0x08014fa0       0x30 build/obj/userthread.o
                0x08014fa0                chibios_rt::BaseStaticThread<1024>::start(unsigned long)
 .text._ZN5amiro10UserThreadC2Ev
                0x08014fd0       0x20 build/obj/userthread.o
                0x08014fd0                amiro::UserThread::UserThread()
                0x08014fd0                amiro::UserThread::UserThread()
 .text._ZL8chprintfP20BaseSequentialStreamPKcz
                0x08014ff0       0x20 build/obj/main.o
 .text._Z20shellRequestShutdownP20BaseSequentialStreamiPPc
                0x08015010      0x1c0 build/obj/main.o
                0x08015010                shellRequestShutdown(BaseSequentialStream*, int, char**)
 .text._Z23shellRequestResetMemoryP20BaseSequentialStreamiPPc
                0x080151d0       0x40 build/obj/main.o
                0x080151d0                shellRequestResetMemory(BaseSequentialStream*, int, char**)
 .text._Z22shellRequestGetBoardIdP20BaseSequentialStreamiPPc
                0x08015210       0x50 build/obj/main.o
                0x08015210                shellRequestGetBoardId(BaseSequentialStream*, int, char**)
 .text._Z25shellRequestGetMemoryDataP20BaseSequentialStreamiPPc
                0x08015260      0x330 build/obj/main.o
                0x08015260                shellRequestGetMemoryData(BaseSequentialStream*, int, char**)
 .text._Z22shellRequestGetRobotIdP20BaseSequentialStreamiPPc
                0x08015590       0x40 build/obj/main.o
                0x08015590                shellRequestGetRobotId(BaseSequentialStream*, int, char**)
 .text._Z25shellRequestGetSystemLoadP20BaseSequentialStreamiPPc
                0x080155d0       0xf0 build/obj/main.o
                0x080155d0                shellRequestGetSystemLoad(BaseSequentialStream*, int, char**)
 .text._Z29shellRequestGetBootloaderInfoP20BaseSequentialStreamiPPc
                0x080156c0       0x70 build/obj/main.o
                0x080156c0                shellRequestGetBootloaderInfo(BaseSequentialStream*, int, char**)
 .text._Z22shellRequestSetBoardIdP20BaseSequentialStreamiPPc
                0x08015730       0x60 build/obj/main.o
                0x08015730                shellRequestSetBoardId(BaseSequentialStream*, int, char**)
 .text._Z19shellSwitchBoardCmdP20BaseSequentialStreamiPPc
                0x08015790       0x40 build/obj/main.o
                0x08015790                shellSwitchBoardCmd(BaseSequentialStream*, int, char**)
 .text._ZN5amiro6GlobalC2Ev
                0x080157d0      0x120 build/obj/main.o
                0x080157d0                amiro::Global::Global()
                0x080157d0                amiro::Global::Global()
 .text._Z10testColorsv
                0x080158f0       0x60 build/obj/main.o
                0x080158f0                testColors()
 .text._Z14systemShutdownv
                0x08015950       0x60 build/obj/main.o
                0x08015950                systemShutdown()
 .text._Z19boardPeripheryCheckP20BaseSequentialStream
                0x080159b0       0xa0 build/obj/main.o
                0x080159b0                boardPeripheryCheck(BaseSequentialStream*)
 .text._Z17shellRequestCheckP20BaseSequentialStreamiPPc
                0x08015a50       0x20 build/obj/main.o
                0x08015a50                shellRequestCheck(BaseSequentialStream*, int, char**)
 .text._ZN5amiro6GlobalD2Ev
                0x08015a70       0x80 build/obj/main.o
                0x08015a70                amiro::Global::~Global()
                0x08015a70                amiro::Global::~Global()
 .text._Z13power_down_cbP9EXTDriverm
                0x08015af0       0x30 build/obj/exti.o
                0x08015af0                power_down_cb(EXTDriver*, unsigned long)
 .text.__cxa_pure_virtual
                0x08015b20       0x14 /homes/skollbach/Downloads/ASE/gcc-arm-embedded/gcc-arm-none-eabi-4_8-2014q1/bin/../lib/gcc/arm-none-eabi/4.8.3/../../../../arm-none-eabi/lib/armv7-m/libstdc++.a(pure.o)
                0x08015b20                __cxa_pure_virtual
 *fill*         0x08015b34        0xc 
 .text._ZdlPv   0x08015b40        0x8 /homes/skollbach/Downloads/ASE/gcc-arm-embedded/gcc-arm-none-eabi-4_8-2014q1/bin/../lib/gcc/arm-none-eabi/4.8.3/../../../../arm-none-eabi/lib/armv7-m/libstdc++.a(del_op.o)
                0x08015b40                operator delete(void*)
 *fill*         0x08015b48        0x8 
 .text._ZN10__cxxabiv111__terminateEPFvvE
                0x08015b50       0x28 /homes/skollbach/Downloads/ASE/gcc-arm-embedded/gcc-arm-none-eabi-4_8-2014q1/bin/../lib/gcc/arm-none-eabi/4.8.3/../../../../arm-none-eabi/lib/armv7-m/libstdc++.a(eh_terminate.o)
                0x08015b50                __cxxabiv1::__terminate(void (*)())
 *fill*         0x08015b78        0x8 
 .text._ZSt9terminatev
                0x08015b80       0x10 /homes/skollbach/Downloads/ASE/gcc-arm-embedded/gcc-arm-none-eabi-4_8-2014q1/bin/../lib/gcc/arm-none-eabi/4.8.3/../../../../arm-none-eabi/lib/armv7-m/libstdc++.a(eh_terminate.o)
                0x08015b80                std::terminate()
 .text._ZN10__cxxabiv112__unexpectedEPFvvE
                0x08015b90        0x8 /homes/skollbach/Downloads/ASE/gcc-arm-embedded/gcc-arm-none-eabi-4_8-2014q1/bin/../lib/gcc/arm-none-eabi/4.8.3/../../../../arm-none-eabi/lib/armv7-m/libstdc++.a(eh_terminate.o)
                0x08015b90                __cxxabiv1::__unexpected(void (*)())
 *fill*         0x08015b98        0x8 
 .text._ZSt10unexpectedv
                0x08015ba0       0x10 /homes/skollbach/Downloads/ASE/gcc-arm-embedded/gcc-arm-none-eabi-4_8-2014q1/bin/../lib/gcc/arm-none-eabi/4.8.3/../../../../arm-none-eabi/lib/armv7-m/libstdc++.a(eh_terminate.o)
                0x08015ba0                std::unexpected()
 .text.__cxa_begin_catch
                0x08015bb0       0x8c /homes/skollbach/Downloads/ASE/gcc-arm-embedded/gcc-arm-none-eabi-4_8-2014q1/bin/../lib/gcc/arm-none-eabi/4.8.3/../../../../arm-none-eabi/lib/armv7-m/libstdc++.a(eh_catch.o)
                0x08015bb0                __cxa_begin_catch
 *fill*         0x08015c3c        0x4 
 .text.__cxa_end_catch
                0x08015c40       0x8c /homes/skollbach/Downloads/ASE/gcc-arm-embedded/gcc-arm-none-eabi-4_8-2014q1/bin/../lib/gcc/arm-none-eabi/4.8.3/../../../../arm-none-eabi/lib/armv7-m/libstdc++.a(eh_catch.o)
                0x08015c40                __cxa_end_catch
 *fill*         0x08015ccc        0x4 
 .text.__aeabi_atexit
                0x08015cd0        0xc /homes/skollbach/Downloads/ASE/gcc-arm-embedded/gcc-arm-none-eabi-4_8-2014q1/bin/../lib/gcc/arm-none-eabi/4.8.3/../../../../arm-none-eabi/lib/armv7-m/libstdc++.a(atexit_arm.o)
                0x08015cd0                __aeabi_atexit
 *fill*         0x08015cdc        0x4 
 .text.__cxa_end_cleanup
                0x08015ce0        0xc /homes/skollbach/Downloads/ASE/gcc-arm-embedded/gcc-arm-none-eabi-4_8-2014q1/bin/../lib/gcc/arm-none-eabi/4.8.3/../../../../arm-none-eabi/lib/armv7-m/libstdc++.a(eh_arm.o)
                0x08015ce0                __cxa_end_cleanup
 *fill*         0x08015cec        0x4 
 .text.__cxa_type_match
                0x08015cf0       0xac /homes/skollbach/Downloads/ASE/gcc-arm-embedded/gcc-arm-none-eabi-4_8-2014q1/bin/../lib/gcc/arm-none-eabi/4.8.3/../../../../arm-none-eabi/lib/armv7-m/libstdc++.a(eh_arm.o)
                0x08015cf0                __cxa_type_match
 *fill*         0x08015d9c        0x4 
 .text.__cxa_begin_cleanup
                0x08015da0       0x64 /homes/skollbach/Downloads/ASE/gcc-arm-embedded/gcc-arm-none-eabi-4_8-2014q1/bin/../lib/gcc/arm-none-eabi/4.8.3/../../../../arm-none-eabi/lib/armv7-m/libstdc++.a(eh_arm.o)
                0x08015da0                __cxa_begin_cleanup
 *fill*         0x08015e04        0xc 
 .text.__gnu_end_cleanup
                0x08015e10       0x70 /homes/skollbach/Downloads/ASE/gcc-arm-embedded/gcc-arm-none-eabi-4_8-2014q1/bin/../lib/gcc/arm-none-eabi/4.8.3/../../../../arm-none-eabi/lib/armv7-m/libstdc++.a(eh_arm.o)
                0x08015e10                __gnu_end_cleanup
 .text._ZN10__cxxabiv1L24__is_gxx_exception_classEPc
                0x08015e80       0x3c /homes/skollbach/Downloads/ASE/gcc-arm-embedded/gcc-arm-none-eabi-4_8-2014q1/bin/../lib/gcc/arm-none-eabi/4.8.3/../../../../arm-none-eabi/lib/armv7-m/libstdc++.a(eh_call.o)
 *fill*         0x08015ebc        0x4 
 .text.__cxa_call_terminate
                0x08015ec0       0x20 /homes/skollbach/Downloads/ASE/gcc-arm-embedded/gcc-arm-none-eabi-4_8-2014q1/bin/../lib/gcc/arm-none-eabi/4.8.3/../../../../arm-none-eabi/lib/armv7-m/libstdc++.a(eh_call.o)
                0x08015ec0                __cxa_call_terminate
 .text.__cxa_call_unexpected
                0x08015ee0       0xd8 /homes/skollbach/Downloads/ASE/gcc-arm-embedded/gcc-arm-none-eabi-4_8-2014q1/bin/../lib/gcc/arm-none-eabi/4.8.3/../../../../arm-none-eabi/lib/armv7-m/libstdc++.a(eh_call.o)
                0x08015ee0                __cxa_call_unexpected
 *fill*         0x08015fb8        0x8 
 .text._ZL12read_sleb128PKhPl
                0x08015fc0       0x34 /homes/skollbach/Downloads/ASE/gcc-arm-embedded/gcc-arm-none-eabi-4_8-2014q1/bin/../lib/gcc/arm-none-eabi/4.8.3/../../../../arm-none-eabi/lib/armv7-m/libstdc++.a(eh_personality.o)
 *fill*         0x08015ff4        0xc 
 .text._ZL28read_encoded_value_with_basehjPKhPj
                0x08016000       0xb0 /homes/skollbach/Downloads/ASE/gcc-arm-embedded/gcc-arm-none-eabi-4_8-2014q1/bin/../lib/gcc/arm-none-eabi/4.8.3/../../../../arm-none-eabi/lib/armv7-m/libstdc++.a(eh_personality.o)
 .text._ZL21base_of_encoded_valuehP15_Unwind_Context
                0x080160b0       0x4c /homes/skollbach/Downloads/ASE/gcc-arm-embedded/gcc-arm-none-eabi-4_8-2014q1/bin/../lib/gcc/arm-none-eabi/4.8.3/../../../../arm-none-eabi/lib/armv7-m/libstdc++.a(eh_personality.o)
 *fill*         0x080160fc        0x4 
 .text._ZL17parse_lsda_headerP15_Unwind_ContextPKhP16lsda_header_info
                0x08016100       0x94 /homes/skollbach/Downloads/ASE/gcc-arm-embedded/gcc-arm-none-eabi-4_8-2014q1/bin/../lib/gcc/arm-none-eabi/4.8.3/../../../../arm-none-eabi/lib/armv7-m/libstdc++.a(eh_personality.o)
 *fill*         0x08016194        0xc 
 .text.__gxx_personality_v0
                0x080161a0      0x40c /homes/skollbach/Downloads/ASE/gcc-arm-embedded/gcc-arm-none-eabi-4_8-2014q1/bin/../lib/gcc/arm-none-eabi/4.8.3/../../../../arm-none-eabi/lib/armv7-m/libstdc++.a(eh_personality.o)
                0x080161a0                __gxx_personality_v0
 *fill*         0x080165ac        0x4 
 .text.__cxa_get_globals_fast
                0x080165b0        0x8 /homes/skollbach/Downloads/ASE/gcc-arm-embedded/gcc-arm-none-eabi-4_8-2014q1/bin/../lib/gcc/arm-none-eabi/4.8.3/../../../../arm-none-eabi/lib/armv7-m/libstdc++.a(eh_globals.o)
                0x080165b0                __cxa_get_globals_fast
 *fill*         0x080165b8        0x8 
 .text.__cxa_get_globals
                0x080165c0        0x8 /homes/skollbach/Downloads/ASE/gcc-arm-embedded/gcc-arm-none-eabi-4_8-2014q1/bin/../lib/gcc/arm-none-eabi/4.8.3/../../../../arm-none-eabi/lib/armv7-m/libstdc++.a(eh_globals.o)
                0x080165c0                __cxa_get_globals
 *fill*         0x080165c8        0x8 
 .text._ZN9__gnu_cxx27__verbose_terminate_handlerEv
                0x080165d0      0x114 /homes/skollbach/Downloads/ASE/gcc-arm-embedded/gcc-arm-none-eabi-4_8-2014q1/bin/../lib/gcc/arm-none-eabi/4.8.3/../../../../arm-none-eabi/lib/armv7-m/libstdc++.a(vterminate.o)
                0x080165d0                __gnu_cxx::__verbose_terminate_handler()
 *fill*         0x080166e4        0xc 
 .text._ZL23__gxx_exception_cleanup19_Unwind_Reason_CodeP21_Unwind_Control_Block
                0x080166f0       0x44 /homes/skollbach/Downloads/ASE/gcc-arm-embedded/gcc-arm-none-eabi-4_8-2014q1/bin/../lib/gcc/arm-none-eabi/4.8.3/../../../../arm-none-eabi/lib/armv7-m/libstdc++.a(eh_throw.o)
 *fill*         0x08016734        0xc 
 .text.__cxa_throw
                0x08016740       0x90 /homes/skollbach/Downloads/ASE/gcc-arm-embedded/gcc-arm-none-eabi-4_8-2014q1/bin/../lib/gcc/arm-none-eabi/4.8.3/../../../../arm-none-eabi/lib/armv7-m/libstdc++.a(eh_throw.o)
                0x08016740                __cxa_throw
 .text.__cxa_rethrow
                0x080167d0       0x70 /homes/skollbach/Downloads/ASE/gcc-arm-embedded/gcc-arm-none-eabi-4_8-2014q1/bin/../lib/gcc/arm-none-eabi/4.8.3/../../../../arm-none-eabi/lib/armv7-m/libstdc++.a(eh_throw.o)
                0x080167d0                __cxa_rethrow
 .text._ZNSt9exceptionD2Ev
                0x08016840        0xc /homes/skollbach/Downloads/ASE/gcc-arm-embedded/gcc-arm-none-eabi-4_8-2014q1/bin/../lib/gcc/arm-none-eabi/4.8.3/../../../../arm-none-eabi/lib/armv7-m/libstdc++.a(eh_exception.o)
                0x08016840                std::exception::~exception()
                0x08016840                std::exception::~exception()
 *fill*         0x0801684c        0x4 
 .text._ZNSt13bad_exceptionD2Ev
                0x08016850        0xc /homes/skollbach/Downloads/ASE/gcc-arm-embedded/gcc-arm-none-eabi-4_8-2014q1/bin/../lib/gcc/arm-none-eabi/4.8.3/../../../../arm-none-eabi/lib/armv7-m/libstdc++.a(eh_exception.o)
                0x08016850                std::bad_exception::~bad_exception()
                0x08016850                std::bad_exception::~bad_exception()
 *fill*         0x0801685c        0x4 
 .text._ZNKSt9exception4whatEv
                0x08016860        0x8 /homes/skollbach/Downloads/ASE/gcc-arm-embedded/gcc-arm-none-eabi-4_8-2014q1/bin/../lib/gcc/arm-none-eabi/4.8.3/../../../../arm-none-eabi/lib/armv7-m/libstdc++.a(eh_exception.o)
                0x08016860                std::exception::what() const
 *fill*         0x08016868        0x8 
 .text._ZNKSt13bad_exception4whatEv
                0x08016870        0x8 /homes/skollbach/Downloads/ASE/gcc-arm-embedded/gcc-arm-none-eabi-4_8-2014q1/bin/../lib/gcc/arm-none-eabi/4.8.3/../../../../arm-none-eabi/lib/armv7-m/libstdc++.a(eh_exception.o)
                0x08016870                std::bad_exception::what() const
 *fill*         0x08016878        0x8 
 .text._ZNSt9exceptionD0Ev
                0x08016880       0x14 /homes/skollbach/Downloads/ASE/gcc-arm-embedded/gcc-arm-none-eabi-4_8-2014q1/bin/../lib/gcc/arm-none-eabi/4.8.3/../../../../arm-none-eabi/lib/armv7-m/libstdc++.a(eh_exception.o)
                0x08016880                std::exception::~exception()
 *fill*         0x08016894        0xc 
 .text._ZNSt13bad_exceptionD0Ev
                0x080168a0       0x14 /homes/skollbach/Downloads/ASE/gcc-arm-embedded/gcc-arm-none-eabi-4_8-2014q1/bin/../lib/gcc/arm-none-eabi/4.8.3/../../../../arm-none-eabi/lib/armv7-m/libstdc++.a(eh_exception.o)
                0x080168a0                std::bad_exception::~bad_exception()
 *fill*         0x080168b4        0xc 
 .text.__cxa_current_exception_type
                0x080168c0       0x1c /homes/skollbach/Downloads/ASE/gcc-arm-embedded/gcc-arm-none-eabi-4_8-2014q1/bin/../lib/gcc/arm-none-eabi/4.8.3/../../../../arm-none-eabi/lib/armv7-m/libstdc++.a(eh_type.o)
                0x080168c0                __cxa_current_exception_type
 *fill*         0x080168dc        0x4 
 .text._ZNK10__cxxabiv117__class_type_info11__do_upcastEPKS0_PPv
                0x080168e0       0x38 /homes/skollbach/Downloads/ASE/gcc-arm-embedded/gcc-arm-none-eabi-4_8-2014q1/bin/../lib/gcc/arm-none-eabi/4.8.3/../../../../arm-none-eabi/lib/armv7-m/libstdc++.a(class_type_info.o)
                0x080168e0                __cxxabiv1::__class_type_info::__do_upcast(__cxxabiv1::__class_type_info const*, void**) const
 *fill*         0x08016918        0x8 
 .text._ZNK10__cxxabiv117__class_type_info20__do_find_public_srcEiPKvPKS0_S2_
                0x08016920        0xc /homes/skollbach/Downloads/ASE/gcc-arm-embedded/gcc-arm-none-eabi-4_8-2014q1/bin/../lib/gcc/arm-none-eabi/4.8.3/../../../../arm-none-eabi/lib/armv7-m/libstdc++.a(class_type_info.o)
                0x08016920                __cxxabiv1::__class_type_info::__do_find_public_src(int, void const*, __cxxabiv1::__class_type_info const*, void const*) const
 *fill*         0x0801692c        0x4 
 .text._ZN10__cxxabiv117__class_type_infoD2Ev
                0x08016930       0x14 /homes/skollbach/Downloads/ASE/gcc-arm-embedded/gcc-arm-none-eabi-4_8-2014q1/bin/../lib/gcc/arm-none-eabi/4.8.3/../../../../arm-none-eabi/lib/armv7-m/libstdc++.a(class_type_info.o)
                0x08016930                __cxxabiv1::__class_type_info::~__class_type_info()
                0x08016930                __cxxabiv1::__class_type_info::~__class_type_info()
 *fill*         0x08016944        0xc 
 .text._ZN10__cxxabiv117__class_type_infoD0Ev
                0x08016950       0x1c /homes/skollbach/Downloads/ASE/gcc-arm-embedded/gcc-arm-none-eabi-4_8-2014q1/bin/../lib/gcc/arm-none-eabi/4.8.3/../../../../arm-none-eabi/lib/armv7-m/libstdc++.a(class_type_info.o)
                0x08016950                __cxxabiv1::__class_type_info::~__class_type_info()
 *fill*         0x0801696c        0x4 
 .text._ZNK10__cxxabiv117__class_type_info11__do_upcastEPKS0_PKvRNS0_15__upcast_resultE
                0x08016970       0x18 /homes/skollbach/Downloads/ASE/gcc-arm-embedded/gcc-arm-none-eabi-4_8-2014q1/bin/../lib/gcc/arm-none-eabi/4.8.3/../../../../arm-none-eabi/lib/armv7-m/libstdc++.a(class_type_info.o)
                0x08016970                __cxxabiv1::__class_type_info::__do_upcast(__cxxabiv1::__class_type_info const*, void const*, __cxxabiv1::__class_type_info::__upcast_result&) const
 *fill*         0x08016988        0x8 
 .text._ZNK10__cxxabiv117__class_type_info10__do_catchEPKSt9type_infoPPvj
                0x08016990       0x24 /homes/skollbach/Downloads/ASE/gcc-arm-embedded/gcc-arm-none-eabi-4_8-2014q1/bin/../lib/gcc/arm-none-eabi/4.8.3/../../../../arm-none-eabi/lib/armv7-m/libstdc++.a(class_type_info.o)
                0x08016990                __cxxabiv1::__class_type_info::__do_catch(std::type_info const*, void**, unsigned int) const
 *fill*         0x080169b4        0xc 
 .text._ZNK10__cxxabiv117__class_type_info12__do_dyncastEiNS0_10__sub_kindEPKS0_PKvS3_S5_RNS0_16__dyncast_resultE
                0x080169c0       0x40 /homes/skollbach/Downloads/ASE/gcc-arm-embedded/gcc-arm-none-eabi-4_8-2014q1/bin/../lib/gcc/arm-none-eabi/4.8.3/../../../../arm-none-eabi/lib/armv7-m/libstdc++.a(class_type_info.o)
                0x080169c0                __cxxabiv1::__class_type_info::__do_dyncast(int, __cxxabiv1::__class_type_info::__sub_kind, __cxxabiv1::__class_type_info const*, void const*, __cxxabiv1::__class_type_info const*, void const*, __cxxabiv1::__class_type_info::__dyncast_result&) const
 .text.__cxa_allocate_exception
                0x08016a00       0x58 /homes/skollbach/Downloads/ASE/gcc-arm-embedded/gcc-arm-none-eabi-4_8-2014q1/bin/../lib/gcc/arm-none-eabi/4.8.3/../../../../arm-none-eabi/lib/armv7-m/libstdc++.a(eh_alloc.o)
                0x08016a00                __cxa_allocate_exception
 *fill*         0x08016a58        0x8 
 .text.__cxa_free_exception
                0x08016a60       0x34 /homes/skollbach/Downloads/ASE/gcc-arm-embedded/gcc-arm-none-eabi-4_8-2014q1/bin/../lib/gcc/arm-none-eabi/4.8.3/../../../../arm-none-eabi/lib/armv7-m/libstdc++.a(eh_alloc.o)
                0x08016a60                __cxa_free_exception
 *fill*         0x08016a94        0xc 
 .text._ZN10__cxxabiv120__si_class_type_infoD2Ev
                0x08016aa0       0x14 /homes/skollbach/Downloads/ASE/gcc-arm-embedded/gcc-arm-none-eabi-4_8-2014q1/bin/../lib/gcc/arm-none-eabi/4.8.3/../../../../arm-none-eabi/lib/armv7-m/libstdc++.a(si_class_type_info.o)
                0x08016aa0                __cxxabiv1::__si_class_type_info::~__si_class_type_info()